<?xml version="1.0" encoding="ISO-8859-1" ?>
<link_info>
   <banner>TI ARM Linker PC v20.2.7.LTS</banner>
   <copyright>Copyright (c) 1996-2018 Texas Instruments Incorporated</copyright>
   <link_time>0x6a005e9f</link_time>
   <link_errors>0x0</link_errors>
   <output_file>out_of_box_6_1.out</output_file>
   <entry_point>
      <name>_c_int00_noargs</name>
      <address>0x20010b09</address>
   </entry_point>
   <input_file_list>
      <input_file id="fl-2">
         <path>.\</path>
         <kind>object</kind>
         <file>bma222drv.obj</file>
         <name>bma222drv.obj</name>
      </input_file>
      <input_file id="fl-3">
         <path>.\</path>
         <kind>object</kind>
         <file>device_status.obj</file>
         <name>device_status.obj</name>
      </input_file>
      <input_file id="fl-4">
         <path>.\</path>
         <kind>object</kind>
         <file>gpio_if.obj</file>
         <name>gpio_if.obj</name>
      </input_file>
      <input_file id="fl-5">
         <path>.\</path>
         <kind>object</kind>
         <file>i2c_if.obj</file>
         <name>i2c_if.obj</name>
      </input_file>
      <input_file id="fl-6">
         <path>.\</path>
         <kind>object</kind>
         <file>main.obj</file>
         <name>main.obj</name>
      </input_file>
      <input_file id="fl-7">
         <path>.\</path>
         <kind>object</kind>
         <file>network_common.obj</file>
         <name>network_common.obj</name>
      </input_file>
      <input_file id="fl-8">
         <path>.\</path>
         <kind>object</kind>
         <file>pinmux.obj</file>
         <name>pinmux.obj</name>
      </input_file>
      <input_file id="fl-9">
         <path>.\</path>
         <kind>object</kind>
         <file>smartconfig.obj</file>
         <name>smartconfig.obj</name>
      </input_file>
      <input_file id="fl-a">
         <path>.\</path>
         <kind>object</kind>
         <file>startup_ccs.obj</file>
         <name>startup_ccs.obj</name>
      </input_file>
      <input_file id="fl-b">
         <path>.\</path>
         <kind>object</kind>
         <file>tmp006drv.obj</file>
         <name>tmp006drv.obj</name>
      </input_file>
      <input_file id="fl-c">
         <path>.\</path>
         <kind>object</kind>
         <file>uart_if.obj</file>
         <name>uart_if.obj</name>
      </input_file>
      <input_file id="fl-13">
         <kind>object</kind>
         <file>&lt;internal&gt;</file>
         <name>&lt;internal&gt;</name>
      </input_file>
      <input_file id="fl-14">
         <path>C:\ti\CC3200SDK_1.5.0\cc3200-sdk\simplelink\ccs\OS_debug\</path>
         <kind>archive</kind>
         <file>simplelink.a</file>
         <name>device.obj</name>
      </input_file>
      <input_file id="fl-15">
         <path>C:\ti\CC3200SDK_1.5.0\cc3200-sdk\simplelink\ccs\OS_debug\</path>
         <kind>archive</kind>
         <file>simplelink.a</file>
         <name>driver.obj</name>
      </input_file>
      <input_file id="fl-16">
         <path>C:\ti\CC3200SDK_1.5.0\cc3200-sdk\simplelink\ccs\OS_debug\</path>
         <kind>archive</kind>
         <file>simplelink.a</file>
         <name>netapp.obj</name>
      </input_file>
      <input_file id="fl-17">
         <path>C:\ti\CC3200SDK_1.5.0\cc3200-sdk\simplelink\ccs\OS_debug\</path>
         <kind>archive</kind>
         <file>simplelink.a</file>
         <name>socket.obj</name>
      </input_file>
      <input_file id="fl-18">
         <path>C:\ti\CC3200SDK_1.5.0\cc3200-sdk\simplelink\ccs\OS_debug\</path>
         <kind>archive</kind>
         <file>simplelink.a</file>
         <name>wlan.obj</name>
      </input_file>
      <input_file id="fl-19">
         <path>C:\ti\CC3200SDK_1.5.0\cc3200-sdk\simplelink\ccs\OS_debug\</path>
         <kind>archive</kind>
         <file>simplelink.a</file>
         <name>cc_pal.obj</name>
      </input_file>
      <input_file id="fl-1a">
         <path>C:\ti\CC3200SDK_1.5.0\cc3200-sdk\driverlib\ccs\Release\</path>
         <kind>archive</kind>
         <file>driverlib.a</file>
         <name>gpio.obj</name>
      </input_file>
      <input_file id="fl-1b">
         <path>C:\ti\CC3200SDK_1.5.0\cc3200-sdk\driverlib\ccs\Release\</path>
         <kind>archive</kind>
         <file>driverlib.a</file>
         <name>i2c.obj</name>
      </input_file>
      <input_file id="fl-1c">
         <path>C:\ti\CC3200SDK_1.5.0\cc3200-sdk\driverlib\ccs\Release\</path>
         <kind>archive</kind>
         <file>driverlib.a</file>
         <name>interrupt.obj</name>
      </input_file>
      <input_file id="fl-1d">
         <path>C:\ti\CC3200SDK_1.5.0\cc3200-sdk\driverlib\ccs\Release\</path>
         <kind>archive</kind>
         <file>driverlib.a</file>
         <name>pin.obj</name>
      </input_file>
      <input_file id="fl-1e">
         <path>C:\ti\CC3200SDK_1.5.0\cc3200-sdk\driverlib\ccs\Release\</path>
         <kind>archive</kind>
         <file>driverlib.a</file>
         <name>prcm.obj</name>
      </input_file>
      <input_file id="fl-1f">
         <path>C:\ti\CC3200SDK_1.5.0\cc3200-sdk\driverlib\ccs\Release\</path>
         <kind>archive</kind>
         <file>driverlib.a</file>
         <name>spi.obj</name>
      </input_file>
      <input_file id="fl-20">
         <path>C:\ti\CC3200SDK_1.5.0\cc3200-sdk\driverlib\ccs\Release\</path>
         <kind>archive</kind>
         <file>driverlib.a</file>
         <name>timer.obj</name>
      </input_file>
      <input_file id="fl-21">
         <path>C:\ti\CC3200SDK_1.5.0\cc3200-sdk\driverlib\ccs\Release\</path>
         <kind>archive</kind>
         <file>driverlib.a</file>
         <name>uart.obj</name>
      </input_file>
      <input_file id="fl-22">
         <path>C:\ti\CC3200SDK_1.5.0\cc3200-sdk\driverlib\ccs\Release\</path>
         <kind>archive</kind>
         <file>driverlib.a</file>
         <name>udma.obj</name>
      </input_file>
      <input_file id="fl-23">
         <path>C:\ti\CC3200SDK_1.5.0\cc3200-sdk\driverlib\ccs\Release\</path>
         <kind>archive</kind>
         <file>driverlib.a</file>
         <name>utils.obj</name>
      </input_file>
      <input_file id="fl-24">
         <path>C:\ti\CC3200SDK_1.5.0\cc3200-sdk\driverlib\ccs\Release\</path>
         <kind>archive</kind>
         <file>driverlib.a</file>
         <name>cpu.obj</name>
      </input_file>
      <input_file id="fl-25">
         <path>C:\ti\CC3200SDK_1.5.0\cc3200-sdk\driverlib\ccs\Release\</path>
         <kind>archive</kind>
         <file>driverlib.a</file>
         <name>flash.obj</name>
      </input_file>
      <input_file id="fl-26">
         <path>C:\ti\CC3200SDK_1.5.0\cc3200-sdk\oslib\ccs\free_rtos\</path>
         <kind>archive</kind>
         <file>free_rtos.a</file>
         <name>osi_freertos.obj</name>
      </input_file>
      <input_file id="fl-27">
         <path>C:\ti\CC3200SDK_1.5.0\cc3200-sdk\oslib\ccs\free_rtos\</path>
         <kind>archive</kind>
         <file>free_rtos.a</file>
         <name>port.obj</name>
      </input_file>
      <input_file id="fl-28">
         <path>C:\ti\CC3200SDK_1.5.0\cc3200-sdk\oslib\ccs\free_rtos\</path>
         <kind>archive</kind>
         <file>free_rtos.a</file>
         <name>portasm.obj</name>
      </input_file>
      <input_file id="fl-29">
         <path>C:\ti\CC3200SDK_1.5.0\cc3200-sdk\oslib\ccs\free_rtos\</path>
         <kind>archive</kind>
         <file>free_rtos.a</file>
         <name>queue.obj</name>
      </input_file>
      <input_file id="fl-2a">
         <path>C:\ti\CC3200SDK_1.5.0\cc3200-sdk\oslib\ccs\free_rtos\</path>
         <kind>archive</kind>
         <file>free_rtos.a</file>
         <name>tasks.obj</name>
      </input_file>
      <input_file id="fl-2b">
         <path>C:\ti\CC3200SDK_1.5.0\cc3200-sdk\oslib\ccs\free_rtos\</path>
         <kind>archive</kind>
         <file>free_rtos.a</file>
         <name>heap_3.obj</name>
      </input_file>
      <input_file id="fl-2c">
         <path>C:\ti\CC3200SDK_1.5.0\cc3200-sdk\oslib\ccs\free_rtos\</path>
         <kind>archive</kind>
         <file>free_rtos.a</file>
         <name>list.obj</name>
      </input_file>
      <input_file id="fl-e2">
         <path>C:\ti\ccs1281\ccs\tools\compiler\ti-cgt-arm_20.2.7.LTS\lib\</path>
         <kind>archive</kind>
         <file>rtsv7M4_T_le_eabi.lib</file>
         <name>e_pow.c.obj</name>
      </input_file>
      <input_file id="fl-e3">
         <path>C:\ti\ccs1281\ccs\tools\compiler\ti-cgt-arm_20.2.7.LTS\lib\</path>
         <kind>archive</kind>
         <file>rtsv7M4_T_le_eabi.lib</file>
         <name>e_sqrt.c.obj</name>
      </input_file>
      <input_file id="fl-e4">
         <path>C:\ti\ccs1281\ccs\tools\compiler\ti-cgt-arm_20.2.7.LTS\lib\</path>
         <kind>archive</kind>
         <file>rtsv7M4_T_le_eabi.lib</file>
         <name>s_scalbn.c.obj</name>
      </input_file>
      <input_file id="fl-e5">
         <path>C:\ti\ccs1281\ccs\tools\compiler\ti-cgt-arm_20.2.7.LTS\lib\</path>
         <kind>archive</kind>
         <file>rtsv7M4_T_le_eabi.lib</file>
         <name>sprintf.c.obj</name>
      </input_file>
      <input_file id="fl-e6">
         <path>C:\ti\ccs1281\ccs\tools\compiler\ti-cgt-arm_20.2.7.LTS\lib\</path>
         <kind>archive</kind>
         <file>rtsv7M4_T_le_eabi.lib</file>
         <name>vsnprintf.c.obj</name>
      </input_file>
      <input_file id="fl-e7">
         <path>C:\ti\ccs1281\ccs\tools\compiler\ti-cgt-arm_20.2.7.LTS\lib\</path>
         <kind>archive</kind>
         <file>rtsv7M4_T_le_eabi.lib</file>
         <name>fd_add_t2.asm.obj</name>
      </input_file>
      <input_file id="fl-e8">
         <path>C:\ti\ccs1281\ccs\tools\compiler\ti-cgt-arm_20.2.7.LTS\lib\</path>
         <kind>archive</kind>
         <file>rtsv7M4_T_le_eabi.lib</file>
         <name>fd_cmp_t2.asm.obj</name>
      </input_file>
      <input_file id="fl-e9">
         <path>C:\ti\ccs1281\ccs\tools\compiler\ti-cgt-arm_20.2.7.LTS\lib\</path>
         <kind>archive</kind>
         <file>rtsv7M4_T_le_eabi.lib</file>
         <name>fd_div_t2.asm.obj</name>
      </input_file>
      <input_file id="fl-ea">
         <path>C:\ti\ccs1281\ccs\tools\compiler\ti-cgt-arm_20.2.7.LTS\lib\</path>
         <kind>archive</kind>
         <file>rtsv7M4_T_le_eabi.lib</file>
         <name>fd_mul_t2.asm.obj</name>
      </input_file>
      <input_file id="fl-eb">
         <path>C:\ti\ccs1281\ccs\tools\compiler\ti-cgt-arm_20.2.7.LTS\lib\</path>
         <kind>archive</kind>
         <file>rtsv7M4_T_le_eabi.lib</file>
         <name>fd_tos_t2.asm.obj</name>
      </input_file>
      <input_file id="fl-ec">
         <path>C:\ti\ccs1281\ccs\tools\compiler\ti-cgt-arm_20.2.7.LTS\lib\</path>
         <kind>archive</kind>
         <file>rtsv7M4_T_le_eabi.lib</file>
         <name>fs_add_t2.asm.obj</name>
      </input_file>
      <input_file id="fl-ed">
         <path>C:\ti\ccs1281\ccs\tools\compiler\ti-cgt-arm_20.2.7.LTS\lib\</path>
         <kind>archive</kind>
         <file>rtsv7M4_T_le_eabi.lib</file>
         <name>fs_cmp_t2.asm.obj</name>
      </input_file>
      <input_file id="fl-ee">
         <path>C:\ti\ccs1281\ccs\tools\compiler\ti-cgt-arm_20.2.7.LTS\lib\</path>
         <kind>archive</kind>
         <file>rtsv7M4_T_le_eabi.lib</file>
         <name>fs_div_t2.asm.obj</name>
      </input_file>
      <input_file id="fl-ef">
         <path>C:\ti\ccs1281\ccs\tools\compiler\ti-cgt-arm_20.2.7.LTS\lib\</path>
         <kind>archive</kind>
         <file>rtsv7M4_T_le_eabi.lib</file>
         <name>fs_mul_t2.asm.obj</name>
      </input_file>
      <input_file id="fl-f0">
         <path>C:\ti\ccs1281\ccs\tools\compiler\ti-cgt-arm_20.2.7.LTS\lib\</path>
         <kind>archive</kind>
         <file>rtsv7M4_T_le_eabi.lib</file>
         <name>fs_toi_t2.asm.obj</name>
      </input_file>
      <input_file id="fl-f1">
         <path>C:\ti\ccs1281\ccs\tools\compiler\ti-cgt-arm_20.2.7.LTS\lib\</path>
         <kind>archive</kind>
         <file>rtsv7M4_T_le_eabi.lib</file>
         <name>i_tofd_t2.asm.obj</name>
      </input_file>
      <input_file id="fl-f2">
         <path>C:\ti\ccs1281\ccs\tools\compiler\ti-cgt-arm_20.2.7.LTS\lib\</path>
         <kind>archive</kind>
         <file>rtsv7M4_T_le_eabi.lib</file>
         <name>i_tofs_t2.asm.obj</name>
      </input_file>
      <input_file id="fl-f3">
         <path>C:\ti\ccs1281\ccs\tools\compiler\ti-cgt-arm_20.2.7.LTS\lib\</path>
         <kind>archive</kind>
         <file>rtsv7M4_T_le_eabi.lib</file>
         <name>memcpy_t2.asm.obj</name>
      </input_file>
      <input_file id="fl-f4">
         <path>C:\ti\ccs1281\ccs\tools\compiler\ti-cgt-arm_20.2.7.LTS\lib\</path>
         <kind>archive</kind>
         <file>rtsv7M4_T_le_eabi.lib</file>
         <name>u_tofs_t2.asm.obj</name>
      </input_file>
      <input_file id="fl-f5">
         <path>C:\ti\ccs1281\ccs\tools\compiler\ti-cgt-arm_20.2.7.LTS\lib\</path>
         <kind>archive</kind>
         <file>rtsv7M4_T_le_eabi.lib</file>
         <name>memset_t2.asm.obj</name>
      </input_file>
      <input_file id="fl-f6">
         <path>C:\ti\ccs1281\ccs\tools\compiler\ti-cgt-arm_20.2.7.LTS\lib\</path>
         <kind>archive</kind>
         <file>rtsv7M4_T_le_eabi.lib</file>
         <name>ull_div_t2.asm.obj</name>
      </input_file>
      <input_file id="fl-f7">
         <path>C:\ti\ccs1281\ccs\tools\compiler\ti-cgt-arm_20.2.7.LTS\lib\</path>
         <kind>archive</kind>
         <file>rtsv7M4_T_le_eabi.lib</file>
         <name>copy_zero_init.c.obj</name>
      </input_file>
      <input_file id="fl-f8">
         <path>C:\ti\ccs1281\ccs\tools\compiler\ti-cgt-arm_20.2.7.LTS\lib\</path>
         <kind>archive</kind>
         <file>rtsv7M4_T_le_eabi.lib</file>
         <name>copy_decompress_none.c.obj</name>
      </input_file>
      <input_file id="fl-f9">
         <path>C:\ti\ccs1281\ccs\tools\compiler\ti-cgt-arm_20.2.7.LTS\lib\</path>
         <kind>archive</kind>
         <file>rtsv7M4_T_le_eabi.lib</file>
         <name>copy_decompress_lzss.c.obj</name>
      </input_file>
      <input_file id="fl-fa">
         <path>C:\ti\ccs1281\ccs\tools\compiler\ti-cgt-arm_20.2.7.LTS\lib\</path>
         <kind>archive</kind>
         <file>rtsv7M4_T_le_eabi.lib</file>
         <name>memmov.c.obj</name>
      </input_file>
      <input_file id="fl-fb">
         <path>C:\ti\ccs1281\ccs\tools\compiler\ti-cgt-arm_20.2.7.LTS\lib\</path>
         <kind>archive</kind>
         <file>rtsv7M4_T_le_eabi.lib</file>
         <name>memory.c.obj</name>
      </input_file>
      <input_file id="fl-fc">
         <path>C:\ti\ccs1281\ccs\tools\compiler\ti-cgt-arm_20.2.7.LTS\lib\</path>
         <kind>archive</kind>
         <file>rtsv7M4_T_le_eabi.lib</file>
         <name>strcat.c.obj</name>
      </input_file>
      <input_file id="fl-fd">
         <path>C:\ti\ccs1281\ccs\tools\compiler\ti-cgt-arm_20.2.7.LTS\lib\</path>
         <kind>archive</kind>
         <file>rtsv7M4_T_le_eabi.lib</file>
         <name>strchr.c.obj</name>
      </input_file>
      <input_file id="fl-fe">
         <path>C:\ti\ccs1281\ccs\tools\compiler\ti-cgt-arm_20.2.7.LTS\lib\</path>
         <kind>archive</kind>
         <file>rtsv7M4_T_le_eabi.lib</file>
         <name>strcpy.c.obj</name>
      </input_file>
      <input_file id="fl-ff">
         <path>C:\ti\ccs1281\ccs\tools\compiler\ti-cgt-arm_20.2.7.LTS\lib\</path>
         <kind>archive</kind>
         <file>rtsv7M4_T_le_eabi.lib</file>
         <name>strlen.c.obj</name>
      </input_file>
      <input_file id="fl-100">
         <path>C:\ti\ccs1281\ccs\tools\compiler\ti-cgt-arm_20.2.7.LTS\lib\</path>
         <kind>archive</kind>
         <file>rtsv7M4_T_le_eabi.lib</file>
         <name>boot_cortex_m.c.obj</name>
      </input_file>
      <input_file id="fl-101">
         <path>C:\ti\ccs1281\ccs\tools\compiler\ti-cgt-arm_20.2.7.LTS\lib\</path>
         <kind>archive</kind>
         <file>rtsv7M4_T_le_eabi.lib</file>
         <name>errno.c.obj</name>
      </input_file>
      <input_file id="fl-102">
         <path>C:\ti\ccs1281\ccs\tools\compiler\ti-cgt-arm_20.2.7.LTS\lib\</path>
         <kind>archive</kind>
         <file>rtsv7M4_T_le_eabi.lib</file>
         <name>s_copysign.c.obj</name>
      </input_file>
      <input_file id="fl-103">
         <path>C:\ti\ccs1281\ccs\tools\compiler\ti-cgt-arm_20.2.7.LTS\lib\</path>
         <kind>archive</kind>
         <file>rtsv7M4_T_le_eabi.lib</file>
         <name>_printfi.c.obj</name>
      </input_file>
      <input_file id="fl-104">
         <path>C:\ti\ccs1281\ccs\tools\compiler\ti-cgt-arm_20.2.7.LTS\lib\</path>
         <kind>archive</kind>
         <file>rtsv7M4_T_le_eabi.lib</file>
         <name>div0.asm.obj</name>
      </input_file>
      <input_file id="fl-105">
         <path>C:\ti\ccs1281\ccs\tools\compiler\ti-cgt-arm_20.2.7.LTS\lib\</path>
         <kind>archive</kind>
         <file>rtsv7M4_T_le_eabi.lib</file>
         <name>fd_toi_t2.asm.obj</name>
      </input_file>
      <input_file id="fl-106">
         <path>C:\ti\ccs1281\ccs\tools\compiler\ti-cgt-arm_20.2.7.LTS\lib\</path>
         <kind>archive</kind>
         <file>rtsv7M4_T_le_eabi.lib</file>
         <name>autoinit.c.obj</name>
      </input_file>
      <input_file id="fl-107">
         <path>C:\ti\ccs1281\ccs\tools\compiler\ti-cgt-arm_20.2.7.LTS\lib\</path>
         <kind>archive</kind>
         <file>rtsv7M4_T_le_eabi.lib</file>
         <name>pre_init.c.obj</name>
      </input_file>
      <input_file id="fl-108">
         <path>C:\ti\ccs1281\ccs\tools\compiler\ti-cgt-arm_20.2.7.LTS\lib\</path>
         <kind>archive</kind>
         <file>rtsv7M4_T_le_eabi.lib</file>
         <name>cpy_tbl.c.obj</name>
      </input_file>
      <input_file id="fl-109">
         <path>C:\ti\ccs1281\ccs\tools\compiler\ti-cgt-arm_20.2.7.LTS\lib\</path>
         <kind>archive</kind>
         <file>rtsv7M4_T_le_eabi.lib</file>
         <name>exit.c.obj</name>
      </input_file>
      <input_file id="fl-10a">
         <path>C:\ti\ccs1281\ccs\tools\compiler\ti-cgt-arm_20.2.7.LTS\lib\</path>
         <kind>archive</kind>
         <file>rtsv7M4_T_le_eabi.lib</file>
         <name>_lock.c.obj</name>
      </input_file>
      <input_file id="fl-10b">
         <path>C:\ti\ccs1281\ccs\tools\compiler\ti-cgt-arm_20.2.7.LTS\lib\</path>
         <kind>archive</kind>
         <file>rtsv7M4_T_le_eabi.lib</file>
         <name>_ltoa.c.obj</name>
      </input_file>
      <input_file id="fl-10c">
         <path>C:\ti\ccs1281\ccs\tools\compiler\ti-cgt-arm_20.2.7.LTS\lib\</path>
         <kind>archive</kind>
         <file>rtsv7M4_T_le_eabi.lib</file>
         <name>args_main.c.obj</name>
      </input_file>
      <input_file id="fl-10d">
         <path>C:\ti\ccs1281\ccs\tools\compiler\ti-cgt-arm_20.2.7.LTS\lib\</path>
         <kind>archive</kind>
         <file>rtsv7M4_T_le_eabi.lib</file>
         <name>atoi.c.obj</name>
      </input_file>
      <input_file id="fl-10e">
         <path>C:\ti\ccs1281\ccs\tools\compiler\ti-cgt-arm_20.2.7.LTS\lib\</path>
         <kind>archive</kind>
         <file>rtsv7M4_T_le_eabi.lib</file>
         <name>ctype.c.obj</name>
      </input_file>
      <input_file id="fl-10f">
         <path>C:\ti\ccs1281\ccs\tools\compiler\ti-cgt-arm_20.2.7.LTS\lib\</path>
         <kind>archive</kind>
         <file>rtsv7M4_T_le_eabi.lib</file>
         <name>memccpy.c.obj</name>
      </input_file>
      <input_file id="fl-110">
         <path>C:\ti\ccs1281\ccs\tools\compiler\ti-cgt-arm_20.2.7.LTS\lib\</path>
         <kind>archive</kind>
         <file>rtsv7M4_T_le_eabi.lib</file>
         <name>wcslen.c.obj</name>
      </input_file>
      <input_file id="fl-111">
         <path>C:\ti\ccs1281\ccs\tools\compiler\ti-cgt-arm_20.2.7.LTS\lib\</path>
         <kind>archive</kind>
         <file>rtsv7M4_T_le_eabi.lib</file>
         <name>s_frexp.c.obj</name>
      </input_file>
   </input_file_list>
   <object_component_list>
      <object_component id="oc-12">
         <name>.intvecs</name>
         <load_address>0x20004000</load_address>
         <run_address>0x20004000</run_address>
         <size>0x400</size>
         <input_file_ref idref="fl-a"/>
      </object_component>
      <object_component id="oc-85">
         <name>.text</name>
         <load_address>0x20004400</load_address>
         <run_address>0x20004400</run_address>
         <size>0x1888</size>
         <input_file_ref idref="fl-2a"/>
      </object_component>
      <object_component id="oc-be">
         <name>.text</name>
         <load_address>0x20005c88</load_address>
         <run_address>0x20005c88</run_address>
         <size>0x1188</size>
         <input_file_ref idref="fl-6"/>
      </object_component>
      <object_component id="oc-44c">
         <name>.text</name>
         <load_address>0x20006e10</load_address>
         <run_address>0x20006e10</run_address>
         <size>0xdc8</size>
         <input_file_ref idref="fl-29"/>
      </object_component>
      <object_component id="oc-35b">
         <name>.text:__TI_printfi</name>
         <load_address>0x20007bd8</load_address>
         <run_address>0x20007bd8</run_address>
         <size>0xa4e</size>
         <input_file_ref idref="fl-103"/>
      </object_component>
      <object_component id="oc-736">
         <name>.text:IntDefaultHandler</name>
         <load_address>0x20008626</load_address>
         <run_address>0x20008626</run_address>
         <size>0x2</size>
         <input_file_ref idref="fl-1c"/>
      </object_component>
      <object_component id="oc-4db">
         <name>.text:pow</name>
         <load_address>0x20008628</load_address>
         <run_address>0x20008628</run_address>
         <size>0x9bc</size>
         <input_file_ref idref="fl-e2"/>
      </object_component>
      <object_component id="oc-8b9">
         <name>.text:_SlDrvMsgRead</name>
         <load_address>0x20008fe4</load_address>
         <run_address>0x20008fe4</run_address>
         <size>0x590</size>
         <input_file_ref idref="fl-15"/>
      </object_component>
      <object_component id="oc-18c">
         <name>.text</name>
         <load_address>0x20009574</load_address>
         <run_address>0x20009574</run_address>
         <size>0x464</size>
         <input_file_ref idref="fl-26"/>
      </object_component>
      <object_component id="oc-1f7">
         <name>.text</name>
         <load_address>0x200099d8</load_address>
         <run_address>0x200099d8</run_address>
         <size>0x43c</size>
         <input_file_ref idref="fl-b"/>
      </object_component>
      <object_component id="oc-1eb">
         <name>.text</name>
         <load_address>0x20009e14</load_address>
         <run_address>0x20009e14</run_address>
         <size>0x390</size>
         <input_file_ref idref="fl-4"/>
      </object_component>
      <object_component id="oc-284">
         <name>.text</name>
         <load_address>0x2000a1a4</load_address>
         <run_address>0x2000a1a4</run_address>
         <size>0x2a0</size>
         <input_file_ref idref="fl-5"/>
      </object_component>
      <object_component id="oc-198">
         <name>.text</name>
         <load_address>0x2000a444</load_address>
         <run_address>0x2000a444</run_address>
         <size>0x28c</size>
         <input_file_ref idref="fl-c"/>
      </object_component>
      <object_component id="oc-19e">
         <name>.text:sl_WlanConnect</name>
         <load_address>0x2000a6d0</load_address>
         <run_address>0x2000a6d0</run_address>
         <size>0x280</size>
         <input_file_ref idref="fl-18"/>
      </object_component>
      <object_component id="oc-612">
         <name>.text:_pconv_a</name>
         <load_address>0x2000a950</load_address>
         <run_address>0x2000a950</run_address>
         <size>0x268</size>
         <input_file_ref idref="fl-103"/>
      </object_component>
      <object_component id="oc-943">
         <name>.text:_SlDrvRxHdrRead</name>
         <load_address>0x2000abb8</load_address>
         <run_address>0x2000abb8</run_address>
         <size>0x248</size>
         <input_file_ref idref="fl-15"/>
      </object_component>
      <object_component id="oc-1fd">
         <name>.text</name>
         <load_address>0x2000ae00</load_address>
         <run_address>0x2000ae00</run_address>
         <size>0x1f0</size>
         <input_file_ref idref="fl-2"/>
      </object_component>
      <object_component id="oc-49a">
         <name>.text:_SlDrvDataReadOp</name>
         <load_address>0x2000aff0</load_address>
         <run_address>0x2000aff0</run_address>
         <size>0x1e0</size>
         <input_file_ref idref="fl-15"/>
      </object_component>
      <object_component id="oc-3cf">
         <name>.text:_SlDrvReleasePoolObj</name>
         <load_address>0x2000b1d0</load_address>
         <run_address>0x2000b1d0</run_address>
         <size>0x1d0</size>
         <input_file_ref idref="fl-15"/>
      </object_component>
      <object_component id="oc-600">
         <name>.text:_pconv_g</name>
         <load_address>0x2000b3a0</load_address>
         <run_address>0x2000b3a0</run_address>
         <size>0x1cc</size>
         <input_file_ref idref="fl-103"/>
      </object_component>
      <object_component id="oc-242">
         <name>.text:sl_Accept</name>
         <load_address>0x2000b56c</load_address>
         <run_address>0x2000b56c</run_address>
         <size>0x1bc</size>
         <input_file_ref idref="fl-17"/>
      </object_component>
      <object_component id="oc-4d1">
         <name>.text</name>
         <load_address>0x2000b728</load_address>
         <run_address>0x2000b728</run_address>
         <size>0x1b6</size>
         <input_file_ref idref="fl-e7"/>
      </object_component>
      <object_component id="oc-7f3">
         <name>.text:_nop</name>
         <load_address>0x2000b8de</load_address>
         <run_address>0x2000b8de</run_address>
         <size>0x2</size>
         <input_file_ref idref="fl-10a"/>
      </object_component>
      <object_component id="oc-707">
         <name>.text:_SlDrvMsgWrite</name>
         <load_address>0x2000b8e0</load_address>
         <run_address>0x2000b8e0</run_address>
         <size>0x19c</size>
         <input_file_ref idref="fl-15"/>
      </object_component>
      <object_component id="oc-3a5">
         <name>.text:_SlDrvDriverCBInit</name>
         <load_address>0x2000ba7c</load_address>
         <run_address>0x2000ba7c</run_address>
         <size>0x190</size>
         <input_file_ref idref="fl-15"/>
      </object_component>
      <object_component id="oc-69f">
         <name>.text:_SlDrvWaitForPoolObj</name>
         <load_address>0x2000bc0c</load_address>
         <run_address>0x2000bc0c</run_address>
         <size>0x190</size>
         <input_file_ref idref="fl-15"/>
      </object_component>
      <object_component id="oc-22d">
         <name>.text:sl_Connect</name>
         <load_address>0x2000bd9c</load_address>
         <run_address>0x2000bd9c</run_address>
         <size>0x18c</size>
         <input_file_ref idref="fl-17"/>
      </object_component>
      <object_component id="oc-168">
         <name>.text:PRCMCC3200MCUInit</name>
         <load_address>0x2000bf28</load_address>
         <run_address>0x2000bf28</run_address>
         <size>0x178</size>
         <input_file_ref idref="fl-1e"/>
      </object_component>
      <object_component id="oc-955">
         <name>.text:_SlFindAndSetActiveObj</name>
         <load_address>0x2000c0a0</load_address>
         <run_address>0x2000c0a0</run_address>
         <size>0x170</size>
         <input_file_ref idref="fl-15"/>
      </object_component>
      <object_component id="oc-79b">
         <name>.text:sqrt</name>
         <load_address>0x2000c210</load_address>
         <run_address>0x2000c210</run_address>
         <size>0x15c</size>
         <input_file_ref idref="fl-e3"/>
      </object_component>
      <object_component id="oc-3ab">
         <name>.text:spi_Open</name>
         <load_address>0x2000c36c</load_address>
         <run_address>0x2000c36c</run_address>
         <size>0x150</size>
         <input_file_ref idref="fl-19"/>
      </object_component>
      <object_component id="oc-4fc">
         <name>.text:_SlDrvDataWriteOp</name>
         <load_address>0x2000c4bc</load_address>
         <run_address>0x2000c4bc</run_address>
         <size>0x14c</size>
         <input_file_ref idref="fl-15"/>
      </object_component>
      <object_component id="oc-20f">
         <name>.text:sl_SendTo</name>
         <load_address>0x2000c608</load_address>
         <run_address>0x2000c608</run_address>
         <size>0x144</size>
         <input_file_ref idref="fl-17"/>
      </object_component>
      <object_component id="oc-70d">
         <name>.text:_SlDrvMsgReadCmdCtx</name>
         <load_address>0x2000c74c</load_address>
         <run_address>0x2000c74c</run_address>
         <size>0x13c</size>
         <input_file_ref idref="fl-15"/>
      </object_component>
      <object_component id="oc-60c">
         <name>.text:_pconv_e</name>
         <load_address>0x2000c888</load_address>
         <run_address>0x2000c888</run_address>
         <size>0x13c</size>
         <input_file_ref idref="fl-103"/>
      </object_component>
      <object_component id="oc-1d3">
         <name>.text:sl_RecvFrom</name>
         <load_address>0x2000c9c4</load_address>
         <run_address>0x2000c9c4</run_address>
         <size>0x13c</size>
         <input_file_ref idref="fl-17"/>
      </object_component>
      <object_component id="oc-4e1">
         <name>.text</name>
         <load_address>0x2000cb00</load_address>
         <run_address>0x2000cb00</run_address>
         <size>0x136</size>
         <input_file_ref idref="fl-e9"/>
      </object_component>
      <object_component id="oc-919">
         <name>.text</name>
         <load_address>0x2000cc36</load_address>
         <run_address>0x2000cc36</run_address>
         <size>0x2</size>
         <input_file_ref idref="fl-104"/>
      </object_component>
      <object_component id="oc-209">
         <name>.text:sl_Send</name>
         <load_address>0x2000cc38</load_address>
         <run_address>0x2000cc38</run_address>
         <size>0x134</size>
         <input_file_ref idref="fl-17"/>
      </object_component>
      <object_component id="oc-ec">
         <name>.text</name>
         <load_address>0x2000cd6c</load_address>
         <run_address>0x2000cd6c</run_address>
         <size>0x12a</size>
         <input_file_ref idref="fl-2c"/>
      </object_component>
      <object_component id="oc-40f">
         <name>.text:_SlDrvDriverCBDeinit</name>
         <load_address>0x2000ce98</load_address>
         <run_address>0x2000ce98</run_address>
         <size>0x124</size>
         <input_file_ref idref="fl-15"/>
      </object_component>
      <object_component id="oc-843">
         <name>.text:fcvt</name>
         <load_address>0x2000cfbc</load_address>
         <run_address>0x2000cfbc</run_address>
         <size>0x120</size>
         <input_file_ref idref="fl-103"/>
      </object_component>
      <object_component id="oc-34">
         <name>.text</name>
         <load_address>0x2000d0dc</load_address>
         <run_address>0x2000d0dc</run_address>
         <size>0x11c</size>
         <input_file_ref idref="fl-27"/>
      </object_component>
      <object_component id="oc-9a7">
         <name>.text:_SlDrvNetAppEventHandler</name>
         <load_address>0x2000d1f8</load_address>
         <run_address>0x2000d1f8</run_address>
         <size>0x104</size>
         <input_file_ref idref="fl-16"/>
      </object_component>
      <object_component id="oc-5d0">
         <name>.text:aligned_alloc</name>
         <load_address>0x2000d2fc</load_address>
         <run_address>0x2000d2fc</run_address>
         <size>0x100</size>
         <input_file_ref idref="fl-fb"/>
      </object_component>
      <object_component id="oc-4d6">
         <name>.text</name>
         <load_address>0x2000d3fc</load_address>
         <run_address>0x2000d3fc</run_address>
         <size>0xfc</size>
         <input_file_ref idref="fl-ea"/>
      </object_component>
      <object_component id="oc-146">
         <name>.text</name>
         <load_address>0x2000d4f8</load_address>
         <run_address>0x2000d4f8</run_address>
         <size>0xfa</size>
         <input_file_ref idref="fl-ec"/>
      </object_component>
      <object_component id="oc-16e">
         <name>.text:sl_Start</name>
         <load_address>0x2000d5f4</load_address>
         <run_address>0x2000d5f4</run_address>
         <size>0xf0</size>
         <input_file_ref idref="fl-14"/>
      </object_component>
      <object_component id="oc-17a">
         <name>.text:sl_Stop</name>
         <load_address>0x2000d6e4</load_address>
         <run_address>0x2000d6e4</run_address>
         <size>0xf0</size>
         <input_file_ref idref="fl-14"/>
      </object_component>
      <object_component id="oc-a3c">
         <name>.text:uDMAChannelTransferSet</name>
         <load_address>0x2000d7d4</load_address>
         <run_address>0x2000d7d4</run_address>
         <size>0xf0</size>
         <input_file_ref idref="fl-22"/>
      </object_component>
      <object_component id="oc-8bf">
         <name>.text:_SlAsyncEventGenericHandler</name>
         <load_address>0x2000d8c4</load_address>
         <run_address>0x2000d8c4</run_address>
         <size>0xe8</size>
         <input_file_ref idref="fl-15"/>
      </object_component>
      <object_component id="oc-6f2">
         <name>.text:_SlDrvMsgReadSpawnCtx</name>
         <load_address>0x2000d9ac</load_address>
         <run_address>0x2000d9ac</run_address>
         <size>0xe8</size>
         <input_file_ref idref="fl-15"/>
      </object_component>
      <object_component id="oc-2f0">
         <name>.text:free</name>
         <load_address>0x2000da94</load_address>
         <run_address>0x2000da94</run_address>
         <size>0xe4</size>
         <input_file_ref idref="fl-fb"/>
      </object_component>
      <object_component id="oc-47a">
         <name>.text:realloc</name>
         <load_address>0x2000db78</load_address>
         <run_address>0x2000db78</run_address>
         <size>0xe4</size>
         <input_file_ref idref="fl-fb"/>
      </object_component>
      <object_component id="oc-949">
         <name>.text:_SlDrvClassifyRxMsg</name>
         <load_address>0x2000dc5c</load_address>
         <run_address>0x2000dc5c</run_address>
         <size>0xdc</size>
         <input_file_ref idref="fl-15"/>
      </object_component>
      <object_component id="oc-94f">
         <name>.text:spi_Read</name>
         <load_address>0x2000dd38</load_address>
         <run_address>0x2000dd38</run_address>
         <size>0xdc</size>
         <input_file_ref idref="fl-19"/>
      </object_component>
      <object_component id="oc-7a9">
         <name>.text:scalbn</name>
         <load_address>0x2000de14</load_address>
         <run_address>0x2000de14</run_address>
         <size>0xd0</size>
         <input_file_ref idref="fl-e4"/>
      </object_component>
      <object_component id="oc-9f9">
         <name>.text:_sl_HandleAsync_DnsGetHostByService</name>
         <load_address>0x2000dee4</load_address>
         <run_address>0x2000dee4</run_address>
         <size>0xcc</size>
         <input_file_ref idref="fl-16"/>
      </object_component>
      <object_component id="oc-6ce">
         <name>.text:_SlRemoveFromList</name>
         <load_address>0x2000dfb0</load_address>
         <run_address>0x2000dfb0</run_address>
         <size>0xc4</size>
         <input_file_ref idref="fl-15"/>
      </object_component>
      <object_component id="oc-3f3">
         <name>.text:_SlDrvCmdOp</name>
         <load_address>0x2000e074</load_address>
         <run_address>0x2000e074</run_address>
         <size>0xc0</size>
         <input_file_ref idref="fl-15"/>
      </object_component>
      <object_component id="oc-2f">
         <name>.text</name>
         <load_address>0x2000e134</load_address>
         <run_address>0x2000e134</run_address>
         <size>0xba</size>
         <input_file_ref idref="fl-28"/>
      </object_component>
      <object_component id="oc-236">
         <name>.text:sl_Bind</name>
         <load_address>0x2000e1f0</load_address>
         <run_address>0x2000e1f0</run_address>
         <size>0xb8</size>
         <input_file_ref idref="fl-17"/>
      </object_component>
      <object_component id="oc-5f5">
         <name>.text:_ltostr</name>
         <load_address>0x2000e2a8</load_address>
         <run_address>0x2000e2a8</run_address>
         <size>0xb1</size>
         <input_file_ref idref="fl-103"/>
      </object_component>
      <object_component id="oc-440">
         <name>.text:IntDisable</name>
         <load_address>0x2000e35c</load_address>
         <run_address>0x2000e35c</run_address>
         <size>0xa8</size>
         <input_file_ref idref="fl-1c"/>
      </object_component>
      <object_component id="oc-162">
         <name>.text:IntEnable</name>
         <load_address>0x2000e404</load_address>
         <run_address>0x2000e404</run_address>
         <size>0xa8</size>
         <input_file_ref idref="fl-1c"/>
      </object_component>
      <object_component id="oc-65c">
         <name>.text:SPIConfigSetExpClk</name>
         <load_address>0x2000e4ac</load_address>
         <run_address>0x2000e4ac</run_address>
         <size>0xa0</size>
         <input_file_ref idref="fl-1f"/>
      </object_component>
      <object_component id="oc-6c7">
         <name>.text:_SlDriverHandleError</name>
         <load_address>0x2000e54c</load_address>
         <run_address>0x2000e54c</run_address>
         <size>0xa0</size>
         <input_file_ref idref="fl-15"/>
      </object_component>
      <object_component id="oc-1cd">
         <name>.text:sl_Recv</name>
         <load_address>0x2000e5ec</load_address>
         <run_address>0x2000e5ec</run_address>
         <size>0xa0</size>
         <input_file_ref idref="fl-17"/>
      </object_component>
      <object_component id="oc-48">
         <name>.text</name>
         <load_address>0x2000e68c</load_address>
         <run_address>0x2000e68c</run_address>
         <size>0x9c</size>
         <input_file_ref idref="fl-f3"/>
      </object_component>
      <object_component id="oc-9df">
         <name>.text:_SlDrvDeviceEventHandler</name>
         <load_address>0x2000e728</load_address>
         <run_address>0x2000e728</run_address>
         <size>0x9a</size>
         <input_file_ref idref="fl-14"/>
      </object_component>
      <object_component id="oc-221">
         <name>.text:sl_SetSockOpt</name>
         <load_address>0x2000e7c4</load_address>
         <run_address>0x2000e7c4</run_address>
         <size>0x98</size>
         <input_file_ref idref="fl-17"/>
      </object_component>
      <object_component id="oc-824">
         <name>.text</name>
         <load_address>0x2000e85c</load_address>
         <run_address>0x2000e85c</run_address>
         <size>0x96</size>
         <input_file_ref idref="fl-f6"/>
      </object_component>
      <object_component id="oc-462">
         <name>.text:PRCMPeripheralClockGet</name>
         <load_address>0x2000e8f4</load_address>
         <run_address>0x2000e8f4</run_address>
         <size>0x94</size>
         <input_file_ref idref="fl-1e"/>
      </object_component>
      <object_component id="oc-1c2">
         <name>.text</name>
         <load_address>0x2000e988</load_address>
         <run_address>0x2000e988</run_address>
         <size>0x92</size>
         <input_file_ref idref="fl-ee"/>
      </object_component>
      <object_component id="oc-9f3">
         <name>.text:_sl_HandleAsync_DnsGetHostByName</name>
         <load_address>0x2000ea1c</load_address>
         <run_address>0x2000ea1c</run_address>
         <size>0x90</size>
         <input_file_ref idref="fl-16"/>
      </object_component>
      <object_component id="oc-9ad">
         <name>.text:_sl_HandleAsync_PingResponse</name>
         <load_address>0x2000eaac</load_address>
         <run_address>0x2000eaac</run_address>
         <size>0x90</size>
         <input_file_ref idref="fl-16"/>
      </object_component>
      <object_component id="oc-180">
         <name>.text:sl_WlanPolicySet</name>
         <load_address>0x2000eb3c</load_address>
         <run_address>0x2000eb3c</run_address>
         <size>0x90</size>
         <input_file_ref idref="fl-18"/>
      </object_component>
      <object_component id="oc-9b4">
         <name>.text:SetupDMAReceive</name>
         <load_address>0x2000ebcc</load_address>
         <run_address>0x2000ebcc</run_address>
         <size>0x8c</size>
         <input_file_ref idref="fl-19"/>
      </object_component>
      <object_component id="oc-960">
         <name>.text:SetupDMASend</name>
         <load_address>0x2000ec58</load_address>
         <run_address>0x2000ec58</run_address>
         <size>0x8c</size>
         <input_file_ref idref="fl-19"/>
      </object_component>
      <object_component id="oc-997">
         <name>.text:_SlDrvIsTimeoutExpired</name>
         <load_address>0x2000ece4</load_address>
         <run_address>0x2000ece4</run_address>
         <size>0x8c</size>
         <input_file_ref idref="fl-15"/>
      </object_component>
      <object_component id="oc-a50">
         <name>.text:_sl_HandleAsync_InitComplete</name>
         <load_address>0x2000ed70</load_address>
         <run_address>0x2000ed70</run_address>
         <size>0x8c</size>
         <input_file_ref idref="fl-14"/>
      </object_component>
      <object_component id="oc-21b">
         <name>.text:sl_Socket</name>
         <load_address>0x2000edfc</load_address>
         <run_address>0x2000edfc</run_address>
         <size>0x8c</size>
         <input_file_ref idref="fl-17"/>
      </object_component>
      <object_component id="oc-8c8">
         <name>.text:spi_Write</name>
         <load_address>0x2000ee88</load_address>
         <run_address>0x2000ee88</run_address>
         <size>0x8c</size>
         <input_file_ref idref="fl-19"/>
      </object_component>
      <object_component id="oc-54c">
         <name>.text:PinConfigSet</name>
         <load_address>0x2000ef14</load_address>
         <run_address>0x2000ef14</run_address>
         <size>0x88</size>
         <input_file_ref idref="fl-1d"/>
      </object_component>
      <object_component id="oc-5fb">
         <name>.text:__aeabi_cdcmple</name>
         <load_address>0x2000ef9c</load_address>
         <run_address>0x2000ef9c</run_address>
         <size>0x86</size>
         <input_file_ref idref="fl-e8"/>
      </object_component>
      <object_component id="oc-7a4">
         <name>.text:__aeabi_cdrcmple</name>
         <load_address>0x2000f022</load_address>
         <run_address>0x2000f022</run_address>
         <size>0x86</size>
         <input_file_ref idref="fl-e8"/>
      </object_component>
      <object_component id="oc-599">
         <name>.text:I2CMasterInitExpClk</name>
         <load_address>0x2000f0a8</load_address>
         <run_address>0x2000f0a8</run_address>
         <size>0x84</size>
         <input_file_ref idref="fl-1b"/>
      </object_component>
      <object_component id="oc-39f">
         <name>.text:NwpPowerOnPreamble</name>
         <load_address>0x2000f12c</load_address>
         <run_address>0x2000f12c</run_address>
         <size>0x84</size>
         <input_file_ref idref="fl-19"/>
      </object_component>
      <object_component id="oc-4b1">
         <name>.text:GPIOIntTypeSet</name>
         <load_address>0x2000f1b0</load_address>
         <run_address>0x2000f1b0</run_address>
         <size>0x82</size>
         <input_file_ref idref="fl-1a"/>
      </object_component>
      <object_component id="oc-a1c">
         <name>.text:_sl_HandleAsync_Connect</name>
         <load_address>0x2000f234</load_address>
         <run_address>0x2000f234</run_address>
         <size>0x80</size>
         <input_file_ref idref="fl-17"/>
      </object_component>
      <object_component id="oc-9ba">
         <name>.text:spi_Read_CPU</name>
         <load_address>0x2000f2b4</load_address>
         <run_address>0x2000f2b4</run_address>
         <size>0x80</size>
         <input_file_ref idref="fl-19"/>
      </object_component>
      <object_component id="oc-972">
         <name>.text:spi_Write_CPU</name>
         <load_address>0x2000f334</load_address>
         <run_address>0x2000f334</run_address>
         <size>0x80</size>
         <input_file_ref idref="fl-19"/>
      </object_component>
      <object_component id="oc-14b">
         <name>.text</name>
         <load_address>0x2000f3b4</load_address>
         <run_address>0x2000f3b4</run_address>
         <size>0x7a</size>
         <input_file_ref idref="fl-ef"/>
      </object_component>
      <object_component id="oc-b2">
         <name>.text</name>
         <load_address>0x2000f42e</load_address>
         <run_address>0x2000f42e</run_address>
         <size>0x7a</size>
         <input_file_ref idref="fl-f5"/>
      </object_component>
      <object_component id="oc-409">
         <name>.text:spi_Close</name>
         <load_address>0x2000f4a8</load_address>
         <run_address>0x2000f4a8</run_address>
         <size>0x78</size>
         <input_file_ref idref="fl-19"/>
      </object_component>
      <object_component id="oc-468">
         <name>.text:UARTConfigSetExpClk</name>
         <load_address>0x2000f520</load_address>
         <run_address>0x2000f520</run_address>
         <size>0x76</size>
         <input_file_ref idref="fl-21"/>
      </object_component>
      <object_component id="oc-25a">
         <name>.text</name>
         <load_address>0x2000f598</load_address>
         <run_address>0x2000f598</run_address>
         <size>0x74</size>
         <input_file_ref idref="fl-8"/>
      </object_component>
      <object_component id="oc-76b">
         <name>.text:split</name>
         <load_address>0x2000f60c</load_address>
         <run_address>0x2000f60c</run_address>
         <size>0x70</size>
         <input_file_ref idref="fl-fb"/>
      </object_component>
      <object_component id="oc-83c">
         <name>.text:_mcpy</name>
         <load_address>0x2000f67c</load_address>
         <run_address>0x2000f67c</run_address>
         <size>0x6e</size>
         <input_file_ref idref="fl-103"/>
      </object_component>
      <object_component id="oc-4eb">
         <name>.text</name>
         <load_address>0x2000f6ea</load_address>
         <run_address>0x2000f6ea</run_address>
         <size>0x6e</size>
         <input_file_ref idref="fl-eb"/>
      </object_component>
      <object_component id="oc-a68">
         <name>.text:_SlDrvCmdSend</name>
         <load_address>0x2000f758</load_address>
         <run_address>0x2000f758</run_address>
         <size>0x6c</size>
         <input_file_ref idref="fl-15"/>
      </object_component>
      <object_component id="oc-a05">
         <name>.text:_sl_NetAppSendTokenValue</name>
         <load_address>0x2000f7c4</load_address>
         <run_address>0x2000f7c4</run_address>
         <size>0x6c</size>
         <input_file_ref idref="fl-16"/>
      </object_component>
      <object_component id="oc-23c">
         <name>.text:sl_Listen</name>
         <load_address>0x2000f830</load_address>
         <run_address>0x2000f830</run_address>
         <size>0x6c</size>
         <input_file_ref idref="fl-17"/>
      </object_component>
      <object_component id="oc-15">
         <name>.text:decompress:lzss:__TI_decompress_lzss</name>
         <load_address>0x2000f89c</load_address>
         <run_address>0x2000f89c</run_address>
         <size>0x68</size>
         <input_file_ref idref="fl-f9"/>
      </object_component>
      <object_component id="oc-a16">
         <name>.text:_sl_HandleAsync_Accept</name>
         <load_address>0x2000f904</load_address>
         <run_address>0x2000f904</run_address>
         <size>0x64</size>
         <input_file_ref idref="fl-17"/>
      </object_component>
      <object_component id="oc-888">
         <name>.text:uDMAChannelAttributeDisable</name>
         <load_address>0x2000f968</load_address>
         <run_address>0x2000f968</run_address>
         <size>0x64</size>
         <input_file_ref idref="fl-22"/>
      </object_component>
      <object_component id="oc-a36">
         <name>.text:uDMAChannelAttributeEnable</name>
         <load_address>0x2000f9cc</load_address>
         <run_address>0x2000f9cc</run_address>
         <size>0x64</size>
         <input_file_ref idref="fl-22"/>
      </object_component>
      <object_component id="oc-137">
         <name>.text:__aeabi_cfcmple</name>
         <load_address>0x2000fa30</load_address>
         <run_address>0x2000fa30</run_address>
         <size>0x60</size>
         <input_file_ref idref="fl-ed"/>
      </object_component>
      <object_component id="oc-227">
         <name>.text:sl_Close</name>
         <load_address>0x2000fa90</load_address>
         <run_address>0x2000fa90</run_address>
         <size>0x60</size>
         <input_file_ref idref="fl-17"/>
      </object_component>
      <object_component id="oc-174">
         <name>.text:sl_WlanSetMode</name>
         <load_address>0x2000faf0</load_address>
         <run_address>0x2000faf0</run_address>
         <size>0x60</size>
         <input_file_ref idref="fl-18"/>
      </object_component>
      <object_component id="oc-851">
         <name>.text:frexp</name>
         <load_address>0x2000fb50</load_address>
         <run_address>0x2000fb50</run_address>
         <size>0x5c</size>
         <input_file_ref idref="fl-111"/>
      </object_component>
      <object_component id="oc-6b9">
         <name>.text:IntPendClear</name>
         <load_address>0x2000fbac</load_address>
         <run_address>0x2000fbac</run_address>
         <size>0x58</size>
         <input_file_ref idref="fl-1c"/>
      </object_component>
      <object_component id="oc-392">
         <name>.text:PRCMPeripheralReset</name>
         <load_address>0x2000fc04</load_address>
         <run_address>0x2000fc04</run_address>
         <size>0x58</size>
         <input_file_ref idref="fl-1e"/>
      </object_component>
      <object_component id="oc-606">
         <name>.text:_pconv_f</name>
         <load_address>0x2000fc5c</load_address>
         <run_address>0x2000fc5c</run_address>
         <size>0x56</size>
         <input_file_ref idref="fl-103"/>
      </object_component>
      <object_component id="oc-43a">
         <name>.text:IntPrioritySet</name>
         <load_address>0x2000fcb4</load_address>
         <run_address>0x2000fcb4</run_address>
         <size>0x54</size>
         <input_file_ref idref="fl-1c"/>
      </object_component>
      <object_component id="oc-830">
         <name>.text:__TI_ltoa</name>
         <load_address>0x2000fd08</load_address>
         <run_address>0x2000fd08</run_address>
         <size>0x54</size>
         <input_file_ref idref="fl-10b"/>
      </object_component>
      <object_component id="oc-a22">
         <name>.text:_sl_HandleAsync_Select</name>
         <load_address>0x2000fd5c</load_address>
         <run_address>0x2000fd5c</run_address>
         <size>0x54</size>
         <input_file_ref idref="fl-17"/>
      </object_component>
      <object_component id="oc-836">
         <name>.text:_ecpy</name>
         <load_address>0x2000fdb0</load_address>
         <run_address>0x2000fdb0</run_address>
         <size>0x52</size>
         <input_file_ref idref="fl-103"/>
      </object_component>
      <object_component id="oc-3e1">
         <name>.text:_SlDrvRxIrqHandler</name>
         <load_address>0x2000fe04</load_address>
         <run_address>0x2000fe04</run_address>
         <size>0x50</size>
         <input_file_ref idref="fl-15"/>
      </object_component>
      <object_component id="oc-a28">
         <name>.text:_sl_HandleAsync_Stop</name>
         <load_address>0x2000fe54</load_address>
         <run_address>0x2000fe54</run_address>
         <size>0x50</size>
         <input_file_ref idref="fl-14"/>
      </object_component>
      <object_component id="oc-680">
         <name>.text:SPIIntEnable</name>
         <load_address>0x2000fea4</load_address>
         <run_address>0x2000fea4</run_address>
         <size>0x4c</size>
         <input_file_ref idref="fl-1f"/>
      </object_component>
      <object_component id="oc-3b1">
         <name>.text:_SlDrvProtectAsyncRespSetting</name>
         <load_address>0x2000fef0</load_address>
         <run_address>0x2000fef0</run_address>
         <size>0x4c</size>
         <input_file_ref idref="fl-15"/>
      </object_component>
      <object_component id="oc-506">
         <name>.text:_sl_BuildAddress</name>
         <load_address>0x2000ff3c</load_address>
         <run_address>0x2000ff3c</run_address>
         <size>0x4c</size>
         <input_file_ref idref="fl-17"/>
      </object_component>
      <object_component id="oc-5ef">
         <name>.text:atoi</name>
         <load_address>0x2000ff88</load_address>
         <run_address>0x2000ff88</run_address>
         <size>0x4c</size>
         <input_file_ref idref="fl-10d"/>
      </object_component>
      <object_component id="oc-882">
         <name>.text:uDMAChannelAssign</name>
         <load_address>0x2000ffd4</load_address>
         <run_address>0x2000ffd4</run_address>
         <size>0x4c</size>
         <input_file_ref idref="fl-22"/>
      </object_component>
      <object_component id="oc-8a3">
         <name>.text:SPIIntClear</name>
         <load_address>0x20010020</load_address>
         <run_address>0x20010020</run_address>
         <size>0x48</size>
         <input_file_ref idref="fl-1f"/>
      </object_component>
      <object_component id="oc-42d">
         <name>.text:_SlDrvBasicCmd</name>
         <load_address>0x20010068</load_address>
         <run_address>0x20010068</run_address>
         <size>0x48</size>
         <input_file_ref idref="fl-15"/>
      </object_component>
      <object_component id="oc-82b">
         <name>.text</name>
         <load_address>0x200100b0</load_address>
         <run_address>0x200100b0</run_address>
         <size>0x48</size>
         <input_file_ref idref="fl-105"/>
      </object_component>
      <object_component id="oc-892">
         <name>.text:SPIDmaMaskGet</name>
         <load_address>0x200100f8</load_address>
         <run_address>0x200100f8</run_address>
         <size>0x44</size>
         <input_file_ref idref="fl-1f"/>
      </object_component>
      <object_component id="oc-272">
         <name>.text:TimerConfigure</name>
         <load_address>0x2001013c</load_address>
         <run_address>0x2001013c</run_address>
         <size>0x44</size>
         <input_file_ref idref="fl-20"/>
      </object_component>
      <object_component id="oc-a61">
         <name>.text:_SlDrvHandleHttpServerEvents</name>
         <load_address>0x20010180</load_address>
         <run_address>0x20010180</run_address>
         <size>0x44</size>
         <input_file_ref idref="fl-15"/>
      </object_component>
      <object_component id="oc-2a1">
         <name>.text:__TI_auto_init_nobinit_nopinit:__TI_auto_init_nobinit_nopinit</name>
         <load_address>0x200101c4</load_address>
         <run_address>0x200101c4</run_address>
         <size>0x44</size>
         <input_file_ref idref="fl-106"/>
      </object_component>
      <object_component id="oc-9c7">
         <name>.text:cc_SetupTransfer</name>
         <load_address>0x20010208</load_address>
         <run_address>0x20010208</run_address>
         <size>0x44</size>
         <input_file_ref idref="fl-19"/>
      </object_component>
      <object_component id="oc-1a4">
         <name>.text:sl_Htonl</name>
         <load_address>0x2001024c</load_address>
         <run_address>0x2001024c</run_address>
         <size>0x42</size>
         <input_file_ref idref="fl-17"/>
      </object_component>
      <object_component id="oc-552">
         <name>.text:PinModeSet</name>
         <load_address>0x20010290</load_address>
         <run_address>0x20010290</run_address>
         <size>0x40</size>
         <input_file_ref idref="fl-1d"/>
      </object_component>
      <object_component id="oc-9eb">
         <name>.text:_SlDrvHandleNetAppEvents</name>
         <load_address>0x200102d0</load_address>
         <run_address>0x200102d0</run_address>
         <size>0x40</size>
         <input_file_ref idref="fl-15"/>
      </object_component>
      <object_component id="oc-9e5">
         <name>.text:_SlDrvHandleWlanEvents</name>
         <load_address>0x20010310</load_address>
         <run_address>0x20010310</run_address>
         <size>0x40</size>
         <input_file_ref idref="fl-15"/>
      </object_component>
      <object_component id="oc-3c9">
         <name>.text:_SlDrvSyncObjWaitTimeout</name>
         <load_address>0x20010350</load_address>
         <run_address>0x20010350</run_address>
         <size>0x40</size>
         <input_file_ref idref="fl-15"/>
      </object_component>
      <object_component id="oc-4f6">
         <name>.text:_sl_TruncatePayloadByProtocol</name>
         <load_address>0x20010390</load_address>
         <run_address>0x20010390</run_address>
         <size>0x40</size>
         <input_file_ref idref="fl-17"/>
      </object_component>
      <object_component id="oc-150">
         <name>.text:sprintf</name>
         <load_address>0x200103d0</load_address>
         <run_address>0x200103d0</run_address>
         <size>0x40</size>
         <input_file_ref idref="fl-e5"/>
      </object_component>
      <object_component id="oc-46e">
         <name>.text:vsnprintf</name>
         <load_address>0x20010410</load_address>
         <run_address>0x20010410</run_address>
         <size>0x40</size>
         <input_file_ref idref="fl-e6"/>
      </object_component>
      <object_component id="oc-849">
         <name>.text:_fcpy</name>
         <load_address>0x20010450</load_address>
         <run_address>0x20010450</run_address>
         <size>0x3e</size>
         <input_file_ref idref="fl-103"/>
      </object_component>
      <object_component id="oc-a0d">
         <name>.text:CopyPingResultsToReport</name>
         <load_address>0x2001048e</load_address>
         <run_address>0x2001048e</run_address>
         <size>0x3c</size>
         <input_file_ref idref="fl-16"/>
      </object_component>
      <object_component id="oc-260">
         <name>.text:PRCMPeripheralClkEnable</name>
         <load_address>0x200104cc</load_address>
         <run_address>0x200104cc</run_address>
         <size>0x3c</size>
         <input_file_ref idref="fl-1e"/>
      </object_component>
      <object_component id="oc-a49">
         <name>.text:simplelink_timerA2_start</name>
         <load_address>0x20010508</load_address>
         <run_address>0x20010508</run_address>
         <size>0x3c</size>
         <input_file_ref idref="fl-19"/>
      </object_component>
      <object_component id="oc-215">
         <name>.text:sl_Htons</name>
         <load_address>0x20010544</load_address>
         <run_address>0x20010544</run_address>
         <size>0x3c</size>
         <input_file_ref idref="fl-17"/>
      </object_component>
      <object_component id="oc-a30">
         <name>.text:uDMAChannelControlSet</name>
         <load_address>0x20010580</load_address>
         <run_address>0x20010580</run_address>
         <size>0x3c</size>
         <input_file_ref idref="fl-22"/>
      </object_component>
      <object_component id="oc-3b7">
         <name>.text:NwpPowerOff</name>
         <load_address>0x200105bc</load_address>
         <run_address>0x200105bc</run_address>
         <size>0x38</size>
         <input_file_ref idref="fl-19"/>
      </object_component>
      <object_component id="oc-e6">
         <name>.text</name>
         <load_address>0x200105f4</load_address>
         <run_address>0x200105f4</run_address>
         <size>0x38</size>
         <input_file_ref idref="fl-2b"/>
      </object_component>
      <object_component id="oc-13c">
         <name>.text</name>
         <load_address>0x2001062c</load_address>
         <run_address>0x2001062c</run_address>
         <size>0x38</size>
         <input_file_ref idref="fl-f0"/>
      </object_component>
      <object_component id="oc-141">
         <name>.text</name>
         <load_address>0x20010664</load_address>
         <run_address>0x20010664</run_address>
         <size>0x38</size>
         <input_file_ref idref="fl-f2"/>
      </object_component>
      <object_component id="oc-186">
         <name>.text:sl_WlanDisconnect</name>
         <load_address>0x2001069c</load_address>
         <run_address>0x2001069c</run_address>
         <size>0x38</size>
         <input_file_ref idref="fl-18"/>
      </object_component>
      <object_component id="oc-26c">
         <name>.text:GPIODirModeSet</name>
         <load_address>0x200106d4</load_address>
         <run_address>0x200106d4</run_address>
         <size>0x36</size>
         <input_file_ref idref="fl-1a"/>
      </object_component>
      <object_component id="oc-3c3">
         <name>.text:NwpPowerOn</name>
         <load_address>0x2001070c</load_address>
         <run_address>0x2001070c</run_address>
         <size>0x34</size>
         <input_file_ref idref="fl-19"/>
      </object_component>
      <object_component id="oc-662">
         <name>.text:PRCMPeripheralStatusGet</name>
         <load_address>0x20010740</load_address>
         <run_address>0x20010740</run_address>
         <size>0x34</size>
         <input_file_ref idref="fl-1e"/>
      </object_component>
      <object_component id="oc-67a">
         <name>.text:SPIFIFOLevelSet</name>
         <load_address>0x20010774</load_address>
         <run_address>0x20010774</run_address>
         <size>0x34</size>
         <input_file_ref idref="fl-1f"/>
      </object_component>
      <object_component id="oc-266">
         <name>.text:PinTypeGPIO</name>
         <load_address>0x200107a8</load_address>
         <run_address>0x200107a8</run_address>
         <size>0x30</size>
         <input_file_ref idref="fl-1d"/>
      </object_component>
      <object_component id="oc-744">
         <name>.text:UARTDisable</name>
         <load_address>0x200107d8</load_address>
         <run_address>0x200107d8</run_address>
         <size>0x30</size>
         <input_file_ref idref="fl-21"/>
      </object_component>
      <object_component id="oc-751">
         <name>.text:_outs</name>
         <load_address>0x20010808</load_address>
         <run_address>0x20010808</run_address>
         <size>0x30</size>
         <input_file_ref idref="fl-e6"/>
      </object_component>
      <object_component id="oc-4e6">
         <name>.text</name>
         <load_address>0x20010838</load_address>
         <run_address>0x20010838</run_address>
         <size>0x2e</size>
         <input_file_ref idref="fl-f1"/>
      </object_component>
      <object_component id="oc-692">
         <name>.text:DmaSpiSwIntHandler</name>
         <load_address>0x20010868</load_address>
         <run_address>0x20010868</run_address>
         <size>0x2c</size>
         <input_file_ref idref="fl-19"/>
      </object_component>
      <object_component id="oc-575">
         <name>.text:I2CMasterErr</name>
         <load_address>0x20010894</load_address>
         <run_address>0x20010894</run_address>
         <size>0x2c</size>
         <input_file_ref idref="fl-1b"/>
      </object_component>
      <object_component id="oc-380">
         <name>.text:PRCMSysResetCauseGet</name>
         <load_address>0x200108c0</load_address>
         <run_address>0x200108c0</run_address>
         <size>0x2c</size>
         <input_file_ref idref="fl-1e"/>
      </object_component>
      <object_component id="oc-278">
         <name>.text:TimerLoadSet</name>
         <load_address>0x200108ec</load_address>
         <run_address>0x200108ec</run_address>
         <size>0x2a</size>
         <input_file_ref idref="fl-20"/>
      </object_component>
      <object_component id="oc-a83">
         <name>.text:TimerPrescaleSet</name>
         <load_address>0x20010916</load_address>
         <run_address>0x20010916</run_address>
         <size>0x2a</size>
         <input_file_ref idref="fl-20"/>
      </object_component>
      <object_component id="oc-398">
         <name>.text:PRCMPeripheralClkDisable</name>
         <load_address>0x20010940</load_address>
         <run_address>0x20010940</run_address>
         <size>0x28</size>
         <input_file_ref idref="fl-1e"/>
      </object_component>
      <object_component id="oc-6fb">
         <name>.text:_SlDrvObjGlobalLockWaitForever</name>
         <load_address>0x20010968</load_address>
         <run_address>0x20010968</run_address>
         <size>0x28</size>
         <input_file_ref idref="fl-15"/>
      </object_component>
      <object_component id="oc-6a5">
         <name>.text:_SlDrvProtectionObjLockWaitForever</name>
         <load_address>0x20010990</load_address>
         <run_address>0x20010990</run_address>
         <size>0x28</size>
         <input_file_ref idref="fl-15"/>
      </object_component>
      <object_component id="oc-5dd">
         <name>.text:free_list_insert</name>
         <load_address>0x200109b8</load_address>
         <run_address>0x200109b8</run_address>
         <size>0x28</size>
         <input_file_ref idref="fl-fb"/>
      </object_component>
      <object_component id="oc-474">
         <name>.text:memmove</name>
         <load_address>0x200109e0</load_address>
         <run_address>0x200109e0</run_address>
         <size>0x28</size>
         <input_file_ref idref="fl-fa"/>
      </object_component>
      <object_component id="oc-3bd">
         <name>.text:NwpRegisterInterruptHandler</name>
         <load_address>0x20010a08</load_address>
         <run_address>0x20010a08</run_address>
         <size>0x26</size>
         <input_file_ref idref="fl-19"/>
      </object_component>
      <object_component id="oc-a8b">
         <name>.text</name>
         <load_address>0x20010a2e</load_address>
         <run_address>0x20010a2e</run_address>
         <size>0x26</size>
         <input_file_ref idref="fl-7"/>
      </object_component>
      <object_component id="oc-446">
         <name>.text:IntUnregister</name>
         <load_address>0x20010a54</load_address>
         <run_address>0x20010a54</run_address>
         <size>0x24</size>
         <input_file_ref idref="fl-1c"/>
      </object_component>
      <object_component id="oc-74a">
         <name>.text:UARTEnable</name>
         <load_address>0x20010a78</load_address>
         <run_address>0x20010a78</run_address>
         <size>0x24</size>
         <input_file_ref idref="fl-21"/>
      </object_component>
      <object_component id="oc-701">
         <name>.text:_SlDrvGlobalObjUnLock</name>
         <load_address>0x20010a9c</load_address>
         <run_address>0x20010a9c</run_address>
         <size>0x24</size>
         <input_file_ref idref="fl-15"/>
      </object_component>
      <object_component id="oc-6ab">
         <name>.text:_SlDrvProtectionObjUnLock</name>
         <load_address>0x20010ac0</load_address>
         <run_address>0x20010ac0</run_address>
         <size>0x24</size>
         <input_file_ref idref="fl-15"/>
      </object_component>
      <object_component id="oc-51d">
         <name>.text:_SlDrvSyncObjWaitForever</name>
         <load_address>0x20010ae4</load_address>
         <run_address>0x20010ae4</run_address>
         <size>0x24</size>
         <input_file_ref idref="fl-15"/>
      </object_component>
      <object_component id="oc-66">
         <name>.text:_c_int00_noargs:_c_int00_noargs</name>
         <load_address>0x20010b08</load_address>
         <run_address>0x20010b08</run_address>
         <size>0x24</size>
         <input_file_ref idref="fl-100"/>
      </object_component>
      <object_component id="oc-1bd">
         <name>.text</name>
         <load_address>0x20010b2c</load_address>
         <run_address>0x20010b2c</run_address>
         <size>0x24</size>
         <input_file_ref idref="fl-f4"/>
      </object_component>
      <object_component id="oc-57b">
         <name>.text:I2CMasterSlaveAddrSet</name>
         <load_address>0x20010b50</load_address>
         <run_address>0x20010b50</run_address>
         <size>0x22</size>
         <input_file_ref idref="fl-1b"/>
      </object_component>
      <object_component id="oc-656">
         <name>.text:SPIReset</name>
         <load_address>0x20010b72</load_address>
         <run_address>0x20010b72</run_address>
         <size>0x22</size>
         <input_file_ref idref="fl-1f"/>
      </object_component>
      <object_component id="oc-96c">
         <name>.text:SPIWordCountSet</name>
         <load_address>0x20010b94</load_address>
         <run_address>0x20010b94</run_address>
         <size>0x22</size>
         <input_file_ref idref="fl-1f"/>
      </object_component>
      <object_component id="oc-77b">
         <name>.text:_SlDrvObjLockWaitForever</name>
         <load_address>0x20010bb6</load_address>
         <run_address>0x20010bb6</run_address>
         <size>0x22</size>
         <input_file_ref idref="fl-15"/>
      </object_component>
      <object_component id="oc-1aa">
         <name>.text:GPIOPinWrite</name>
         <load_address>0x20010bd8</load_address>
         <run_address>0x20010bd8</run_address>
         <size>0x20</size>
         <input_file_ref idref="fl-1a"/>
      </object_component>
      <object_component id="oc-434">
         <name>.text:IntRegister</name>
         <load_address>0x20010bf8</load_address>
         <run_address>0x20010bf8</run_address>
         <size>0x20</size>
         <input_file_ref idref="fl-1c"/>
      </object_component>
      <object_component id="oc-403">
         <name>.text:NwpPrePowerOffTimout0</name>
         <load_address>0x20010c18</load_address>
         <run_address>0x20010c18</run_address>
         <size>0x20</size>
         <input_file_ref idref="fl-19"/>
      </object_component>
      <object_component id="oc-9d3">
         <name>.text:TimerGetCurrentTimestamp</name>
         <load_address>0x20010c38</load_address>
         <run_address>0x20010c38</run_address>
         <size>0x20</size>
         <input_file_ref idref="fl-19"/>
      </object_component>
      <object_component id="oc-56f">
         <name>.text:I2CMasterIntStatusEx</name>
         <load_address>0x20010c58</load_address>
         <run_address>0x20010c58</run_address>
         <size>0x1e</size>
         <input_file_ref idref="fl-1b"/>
      </object_component>
      <object_component id="oc-27e">
         <name>.text:TimerEnable</name>
         <load_address>0x20010c76</load_address>
         <run_address>0x20010c76</run_address>
         <size>0x1e</size>
         <input_file_ref idref="fl-20"/>
      </object_component>
      <object_component id="oc-254">
         <name>.text:UARTCharPut</name>
         <load_address>0x20010c94</load_address>
         <run_address>0x20010c94</run_address>
         <size>0x1e</size>
         <input_file_ref idref="fl-21"/>
      </object_component>
      <object_component id="oc-781">
         <name>.text:_SlDrvObjUnLock</name>
         <load_address>0x20010cb2</load_address>
         <run_address>0x20010cb2</run_address>
         <size>0x1e</size>
         <input_file_ref idref="fl-15"/>
      </object_component>
      <object_component id="oc-6d4">
         <name>.text:_SlDrvSyncObjSignal</name>
         <load_address>0x20010cd0</load_address>
         <run_address>0x20010cd0</run_address>
         <size>0x1e</size>
         <input_file_ref idref="fl-15"/>
      </object_component>
      <object_component id="oc-668">
         <name>.text:cc_UDMAChannelSelect</name>
         <load_address>0x20010cee</load_address>
         <run_address>0x20010cee</run_address>
         <size>0x1e</size>
         <input_file_ref idref="fl-19"/>
      </object_component>
      <object_component id="oc-203">
         <name>.text:strcat</name>
         <load_address>0x20010d0c</load_address>
         <run_address>0x20010d0c</run_address>
         <size>0x1e</size>
         <input_file_ref idref="fl-fc"/>
      </object_component>
      <object_component id="oc-541">
         <name>.text:PinTypeI2C</name>
         <load_address>0x20010d2a</load_address>
         <run_address>0x20010d2a</run_address>
         <size>0x1c</size>
         <input_file_ref idref="fl-1d"/>
      </object_component>
      <object_component id="oc-1b7">
         <name>.text:TimerValueGet</name>
         <load_address>0x20010d46</load_address>
         <run_address>0x20010d46</run_address>
         <size>0x1c</size>
         <input_file_ref idref="fl-20"/>
      </object_component>
      <object_component id="oc-1d9">
         <name>.text:UARTCharGetNonBlocking</name>
         <load_address>0x20010d62</load_address>
         <run_address>0x20010d62</run_address>
         <size>0x1c</size>
         <input_file_ref idref="fl-21"/>
      </object_component>
      <object_component id="oc-991">
         <name>.text:_SlDrvStartMeasureTimeout</name>
         <load_address>0x20010d7e</load_address>
         <run_address>0x20010d7e</run_address>
         <size>0x1c</size>
         <input_file_ref idref="fl-15"/>
      </object_component>
      <object_component id="oc-54">
         <name>.text:decompress:ZI:__TI_zero_init_nomemset:__TI_zero_init_nomemset</name>
         <load_address>0x20010d9a</load_address>
         <run_address>0x20010d9a</run_address>
         <size>0x1c</size>
         <input_file_ref idref="fl-f7"/>
      </object_component>
      <object_component id="oc-5d7">
         <name>.text:free_list_remove</name>
         <load_address>0x20010db8</load_address>
         <run_address>0x20010db8</run_address>
         <size>0x1c</size>
         <input_file_ref idref="fl-fb"/>
      </object_component>
      <object_component id="oc-618">
         <name>.text:memccpy</name>
         <load_address>0x20010dd4</load_address>
         <run_address>0x20010dd4</run_address>
         <size>0x1c</size>
         <input_file_ref idref="fl-10f"/>
      </object_component>
      <object_component id="oc-a42">
         <name>.text:uDMAChannelEnable</name>
         <load_address>0x20010df0</load_address>
         <run_address>0x20010df0</run_address>
         <size>0x1c</size>
         <input_file_ref idref="fl-22"/>
      </object_component>
      <object_component id="oc-4bd">
         <name>.text:GPIOIntEnable</name>
         <load_address>0x20010e0c</load_address>
         <run_address>0x20010e0c</run_address>
         <size>0x1a</size>
         <input_file_ref idref="fl-1a"/>
      </object_component>
      <object_component id="oc-53b">
         <name>.text:PinTypeUART</name>
         <load_address>0x20010e26</load_address>
         <run_address>0x20010e26</run_address>
         <size>0x1a</size>
         <input_file_ref idref="fl-1d"/>
      </object_component>
      <object_component id="oc-71f">
         <name>.text:SPIDmaDisable</name>
         <load_address>0x20010e40</load_address>
         <run_address>0x20010e40</run_address>
         <size>0x1a</size>
         <input_file_ref idref="fl-1f"/>
      </object_component>
      <object_component id="oc-674">
         <name>.text:SPIDmaEnable</name>
         <load_address>0x20010e5a</load_address>
         <run_address>0x20010e5a</run_address>
         <size>0x1a</size>
         <input_file_ref idref="fl-1f"/>
      </object_component>
      <object_component id="oc-719">
         <name>.text:SPIFIFODisable</name>
         <load_address>0x20010e74</load_address>
         <run_address>0x20010e74</run_address>
         <size>0x1a</size>
         <input_file_ref idref="fl-1f"/>
      </object_component>
      <object_component id="oc-66e">
         <name>.text:SPIFIFOEnable</name>
         <load_address>0x20010e8e</load_address>
         <run_address>0x20010e8e</run_address>
         <size>0x1a</size>
         <input_file_ref idref="fl-1f"/>
      </object_component>
      <object_component id="oc-1b1">
         <name>.text:GPIOPinRead</name>
         <load_address>0x20010ea8</load_address>
         <run_address>0x20010ea8</run_address>
         <size>0x18</size>
         <input_file_ref idref="fl-1a"/>
      </object_component>
      <object_component id="oc-593">
         <name>.text:I2CMasterIntEnableEx</name>
         <load_address>0x20010ec0</load_address>
         <run_address>0x20010ec0</run_address>
         <size>0x18</size>
         <input_file_ref idref="fl-1b"/>
      </object_component>
      <object_component id="oc-64a">
         <name>.text:SPICSDisable</name>
         <load_address>0x20010ed8</load_address>
         <run_address>0x20010ed8</run_address>
         <size>0x18</size>
         <input_file_ref idref="fl-1f"/>
      </object_component>
      <object_component id="oc-966">
         <name>.text:SPICSEnable</name>
         <load_address>0x20010ef0</load_address>
         <run_address>0x20010ef0</run_address>
         <size>0x18</size>
         <input_file_ref idref="fl-1f"/>
      </object_component>
      <object_component id="oc-650">
         <name>.text:SPIDisable</name>
         <load_address>0x20010f08</load_address>
         <run_address>0x20010f08</run_address>
         <size>0x18</size>
         <input_file_ref idref="fl-1f"/>
      </object_component>
      <object_component id="oc-686">
         <name>.text:SPIEnable</name>
         <load_address>0x20010f20</load_address>
         <run_address>0x20010f20</run_address>
         <size>0x18</size>
         <input_file_ref idref="fl-1f"/>
      </object_component>
      <object_component id="oc-1df">
         <name>.text:UARTCharsAvail</name>
         <load_address>0x20010f38</load_address>
         <run_address>0x20010f38</run_address>
         <size>0x18</size>
         <input_file_ref idref="fl-21"/>
      </object_component>
      <object_component id="oc-757">
         <name>.text:_outc</name>
         <load_address>0x20010f50</load_address>
         <run_address>0x20010f50</run_address>
         <size>0x18</size>
         <input_file_ref idref="fl-e6"/>
      </object_component>
      <object_component id="oc-361">
         <name>.text:_outs</name>
         <load_address>0x20010f68</load_address>
         <run_address>0x20010f68</run_address>
         <size>0x18</size>
         <input_file_ref idref="fl-e5"/>
      </object_component>
      <object_component id="oc-3d5">
         <name>.text:_sl_GetStartResponseConvert</name>
         <load_address>0x20010f80</load_address>
         <run_address>0x20010f80</run_address>
         <size>0x18</size>
         <input_file_ref idref="fl-14"/>
      </object_component>
      <object_component id="oc-581">
         <name>.text:I2CMasterDataPut</name>
         <load_address>0x20010f98</load_address>
         <run_address>0x20010f98</run_address>
         <size>0x16</size>
         <input_file_ref idref="fl-1b"/>
      </object_component>
      <object_component id="oc-58d">
         <name>.text:I2CMasterEnable</name>
         <load_address>0x20010fae</load_address>
         <run_address>0x20010fae</run_address>
         <size>0x16</size>
         <input_file_ref idref="fl-1b"/>
      </object_component>
      <object_component id="oc-55d">
         <name>.text:I2CMasterIntClear</name>
         <load_address>0x20010fc4</load_address>
         <run_address>0x20010fc4</run_address>
         <size>0x16</size>
         <input_file_ref idref="fl-1b"/>
      </object_component>
      <object_component id="oc-386">
         <name>.text:PRCMHIBRegRead</name>
         <load_address>0x20010fda</load_address>
         <run_address>0x20010fda</run_address>
         <size>0x16</size>
         <input_file_ref idref="fl-1e"/>
      </object_component>
      <object_component id="oc-38c">
         <name>.text:PRCMHIBRegWrite</name>
         <load_address>0x20010ff0</load_address>
         <run_address>0x20010ff0</run_address>
         <size>0x16</size>
         <input_file_ref idref="fl-1e"/>
      </object_component>
[...]
         <object_component_ref idref="oc-85"/>
      </symbol>
      <symbol id="sm-1293">
         <name>xTaskNotifyStateClear</name>
         <value>0x20005b8f</value>
         <object_component_ref idref="oc-85"/>
      </symbol>
      <symbol id="sm-1294">
         <name>pvTaskIncrementMutexHeldCount</name>
         <value>0x200057a7</value>
         <object_component_ref idref="oc-85"/>
      </symbol>
      <symbol id="sm-1295">
         <name>xTaskGenericNotify</name>
         <value>0x200058e7</value>
         <object_component_ref idref="oc-85"/>
      </symbol>
      <symbol id="sm-1296">
         <name>vTaskPriorityDisinheritAfterTimeout</name>
         <value>0x200056ad</value>
         <object_component_ref idref="oc-85"/>
      </symbol>
      <symbol id="sm-1297">
         <name>xTaskCreate</name>
         <value>0x20004401</value>
         <object_component_ref idref="oc-85"/>
      </symbol>
      <symbol id="sm-1298">
         <name>vTaskDelayUntil</name>
         <value>0x200046a9</value>
         <object_component_ref idref="oc-85"/>
      </symbol>
      <symbol id="sm-1299">
         <name>uxTaskGetTaskNumber</name>
         <value>0x20005219</value>
         <object_component_ref idref="oc-85"/>
      </symbol>
      <symbol id="sm-129a">
         <name>vTaskEndScheduler</name>
         <value>0x20004bff</value>
         <object_component_ref idref="oc-85"/>
      </symbol>
      <symbol id="sm-129b">
         <name>xTaskNotifyWait</name>
         <value>0x20005845</value>
         <object_component_ref idref="oc-85"/>
      </symbol>
      <symbol id="sm-129c">
         <name>vTaskMissedYield</name>
         <value>0x20005207</value>
         <object_component_ref idref="oc-85"/>
      </symbol>
      <symbol id="sm-129d">
         <name>uxTaskGetNumberOfTasks</name>
         <value>0x20004d3d</value>
         <object_component_ref idref="oc-85"/>
      </symbol>
      <symbol id="sm-129e">
         <name>xTaskGenericNotifyFromISR</name>
         <value>0x200059d1</value>
         <object_component_ref idref="oc-85"/>
      </symbol>
      <symbol id="sm-129f">
         <name>vTaskGetInfo</name>
         <value>0x200052f9</value>
         <object_component_ref idref="oc-85"/>
      </symbol>
      <symbol id="sm-12a0">
         <name>uxTaskPriorityGet</name>
         <value>0x20004809</value>
         <object_component_ref idref="oc-85"/>
      </symbol>
      <symbol id="sm-12a1">
         <name>xTaskResumeAll</name>
         <value>0x20004c31</value>
         <object_component_ref idref="oc-85"/>
      </symbol>
      <symbol id="sm-12a2">
         <name>xTaskGetTickCount</name>
         <value>0x20004d15</value>
         <object_component_ref idref="oc-85"/>
      </symbol>
      <symbol id="sm-12a3">
         <name>uxTaskGetSystemState</name>
         <value>0x20004d69</value>
         <object_component_ref idref="oc-85"/>
      </symbol>
      <symbol id="sm-12a4">
         <name>vTaskDelete</name>
         <value>0x200045fb</value>
         <object_component_ref idref="oc-85"/>
      </symbol>
      <symbol id="sm-12a5">
         <name>pxCurrentTCB</name>
         <value>0x20019360</value>
         <object_component_ref idref="oc-7f"/>
      </symbol>
      <symbol id="sm-12a6">
         <name>vTaskNotifyGiveFromISR</name>
         <value>0x20005ae1</value>
         <object_component_ref idref="oc-85"/>
      </symbol>
      <symbol id="sm-12a7">
         <name>eTaskGetState</name>
         <value>0x20004775</value>
         <object_component_ref idref="oc-85"/>
      </symbol>
      <symbol id="sm-12a8">
         <name>vTaskSuspend</name>
         <value>0x2000499d</value>
         <object_component_ref idref="oc-85"/>
      </symbol>
      <symbol id="sm-12a9">
         <name>xTaskGetIdleTaskHandle</name>
         <value>0x20004e3b</value>
         <object_component_ref idref="oc-85"/>
      </symbol>
      <symbol id="sm-12aa">
         <name>xTaskGetTickCountFromISR</name>
         <value>0x20004d29</value>
         <object_component_ref idref="oc-85"/>
      </symbol>
      <symbol id="sm-12ab">
         <name>vTaskResume</name>
         <value>0x20004aad</value>
         <object_component_ref idref="oc-85"/>
      </symbol>
      <symbol id="sm-12ac">
         <name>vTaskSetTimeOutState</name>
         <value>0x2000513b</value>
         <object_component_ref idref="oc-85"/>
      </symbol>
      <symbol id="sm-12ad">
         <name>xTaskIncrementTick</name>
         <value>0x20004e61</value>
         <object_component_ref idref="oc-85"/>
      </symbol>
      <symbol id="sm-12ae">
         <name>vTaskSwitchContext</name>
         <value>0x20004f89</value>
         <object_component_ref idref="oc-85"/>
      </symbol>
      <symbol id="sm-12af">
         <name>uxTaskResetEventItemValue</name>
         <value>0x20005785</value>
         <object_component_ref idref="oc-85"/>
      </symbol>
      <symbol id="sm-12b0">
         <name>xTaskGetSchedulerState</name>
         <value>0x200054db</value>
         <object_component_ref idref="oc-85"/>
      </symbol>
      <symbol id="sm-12b1">
         <name>xTaskResumeFromISR</name>
         <value>0x20004b27</value>
         <object_component_ref idref="oc-85"/>
      </symbol>
      <symbol id="sm-12b2">
         <name>xTaskGetCurrentTaskHandle</name>
         <value>0x200054cb</value>
         <object_component_ref idref="oc-85"/>
      </symbol>
      <symbol id="sm-12b3">
         <name>vTaskPlaceOnUnorderedEventList</name>
         <value>0x20005021</value>
         <object_component_ref idref="oc-85"/>
      </symbol>
      <symbol id="sm-12b4">
         <name>xTaskRemoveFromEventList</name>
         <value>0x2000505d</value>
         <object_component_ref idref="oc-85"/>
      </symbol>
      <symbol id="sm-12b5">
         <name>xTaskPriorityInherit</name>
         <value>0x20005529</value>
         <object_component_ref idref="oc-85"/>
      </symbol>
      <symbol id="sm-12c5">
         <name>pvPortMalloc</name>
         <value>0x200105f5</value>
         <object_component_ref idref="oc-e6"/>
      </symbol>
      <symbol id="sm-12c6">
         <name>vPortFree</name>
         <value>0x20010615</value>
         <object_component_ref idref="oc-e6"/>
      </symbol>
      <symbol id="sm-12dc">
         <name>uxListRemove</name>
         <value>0x2000ce4f</value>
         <object_component_ref idref="oc-ec"/>
      </symbol>
      <symbol id="sm-12dd">
         <name>vListInsert</name>
         <value>0x2000cde9</value>
         <object_component_ref idref="oc-ec"/>
      </symbol>
      <symbol id="sm-12de">
         <name>vListInitialiseItem</name>
         <value>0x2000cd9d</value>
         <object_component_ref idref="oc-ec"/>
      </symbol>
      <symbol id="sm-12df">
         <name>vListInsertEnd</name>
         <value>0x2000cdad</value>
         <object_component_ref idref="oc-ec"/>
      </symbol>
      <symbol id="sm-12e0">
         <name>vListInitialise</name>
         <value>0x2000cd6d</value>
         <object_component_ref idref="oc-ec"/>
      </symbol>
      <symbol id="sm-1378">
         <name>pow</name>
         <value>0x20008629</value>
         <object_component_ref idref="oc-4db"/>
      </symbol>
      <symbol id="sm-1379">
         <name>powl</name>
         <value>0x20008629</value>
         <object_component_ref idref="oc-4db"/>
      </symbol>
      <symbol id="sm-139b">
         <name>sqrtl</name>
         <value>0x2000c211</value>
         <object_component_ref idref="oc-79b"/>
      </symbol>
      <symbol id="sm-139c">
         <name>sqrt</name>
         <value>0x2000c211</value>
         <object_component_ref idref="oc-79b"/>
      </symbol>
      <symbol id="sm-13c4">
         <name>scalbn</name>
         <value>0x2000de15</value>
         <object_component_ref idref="oc-7a9"/>
      </symbol>
      <symbol id="sm-13c5">
         <name>scalbnl</name>
         <value>0x2000de15</value>
         <object_component_ref idref="oc-7a9"/>
      </symbol>
      <symbol id="sm-13c6">
         <name>ldexpl</name>
         <value>0x2000de15</value>
         <object_component_ref idref="oc-7a9"/>
      </symbol>
      <symbol id="sm-13c7">
         <name>ldexp</name>
         <value>0x2000de15</value>
         <object_component_ref idref="oc-7a9"/>
      </symbol>
      <symbol id="sm-13ee">
         <name>sprintf</name>
         <value>0x200103d1</value>
         <object_component_ref idref="oc-150"/>
      </symbol>
      <symbol id="sm-1418">
         <name>vsnprintf</name>
         <value>0x20010411</value>
         <object_component_ref idref="oc-46e"/>
      </symbol>
      <symbol id="sm-142f">
         <name>__aeabi_dsub</name>
         <value>0x2000b729</value>
         <object_component_ref idref="oc-4d1"/>
      </symbol>
      <symbol id="sm-1430">
         <name>__aeabi_dadd</name>
         <value>0x2000b733</value>
         <object_component_ref idref="oc-4d1"/>
      </symbol>
      <symbol id="sm-1452">
         <name>__aeabi_cdcmpeq</name>
         <value>0x2000ef9d</value>
         <object_component_ref idref="oc-5fb"/>
      </symbol>
      <symbol id="sm-1453">
         <name>__aeabi_cdcmple</name>
         <value>0x2000ef9d</value>
         <object_component_ref idref="oc-5fb"/>
      </symbol>
      <symbol id="sm-1454">
         <name>__aeabi_cdrcmple</name>
         <value>0x2000f023</value>
         <object_component_ref idref="oc-7a4"/>
      </symbol>
      <symbol id="sm-1468">
         <name>__aeabi_ddiv</name>
         <value>0x2000cb01</value>
         <object_component_ref idref="oc-4e1"/>
      </symbol>
      <symbol id="sm-1473">
         <name>__aeabi_dmul</name>
         <value>0x2000d3fd</value>
         <object_component_ref idref="oc-4d6"/>
      </symbol>
      <symbol id="sm-147f">
         <name>__aeabi_d2f</name>
         <value>0x2000f6eb</value>
         <object_component_ref idref="oc-4eb"/>
      </symbol>
      <symbol id="sm-1490">
         <name>__aeabi_fadd</name>
         <value>0x2000d4fd</value>
         <object_component_ref idref="oc-146"/>
      </symbol>
      <symbol id="sm-1491">
         <name>__aeabi_fsub</name>
         <value>0x2000d4f9</value>
         <object_component_ref idref="oc-146"/>
      </symbol>
      <symbol id="sm-149f">
         <name>__aeabi_cfcmpeq</name>
         <value>0x2000fa31</value>
         <object_component_ref idref="oc-137"/>
      </symbol>
      <symbol id="sm-14a0">
         <name>__aeabi_cfcmple</name>
         <value>0x2000fa31</value>
         <object_component_ref idref="oc-137"/>
      </symbol>
      <symbol id="sm-14ad">
         <name>__aeabi_fdiv</name>
         <value>0x2000e989</value>
         <object_component_ref idref="oc-1c2"/>
      </symbol>
      <symbol id="sm-14b7">
         <name>__aeabi_fmul</name>
         <value>0x2000f3b5</value>
         <object_component_ref idref="oc-14b"/>
      </symbol>
      <symbol id="sm-14c1">
         <name>__aeabi_f2iz</name>
         <value>0x2001062d</value>
         <object_component_ref idref="oc-13c"/>
      </symbol>
      <symbol id="sm-14cb">
         <name>__aeabi_i2d</name>
         <value>0x20010839</value>
         <object_component_ref idref="oc-4e6"/>
      </symbol>
      <symbol id="sm-14d6">
         <name>__aeabi_i2f</name>
         <value>0x20010665</value>
         <object_component_ref idref="oc-141"/>
      </symbol>
      <symbol id="sm-14f1">
         <name>memcpy</name>
         <value>0x2000e68d</value>
         <object_component_ref idref="oc-48"/>
      </symbol>
      <symbol id="sm-14f2">
         <name>__aeabi_memcpy</name>
         <value>0x2000e68d</value>
         <object_component_ref idref="oc-48"/>
      </symbol>
      <symbol id="sm-14f3">
         <name>__aeabi_memcpy8</name>
         <value>0x2000e68d</value>
         <object_component_ref idref="oc-48"/>
      </symbol>
      <symbol id="sm-14f4">
         <name>__aeabi_memcpy4</name>
         <value>0x2000e68d</value>
         <object_component_ref idref="oc-48"/>
      </symbol>
      <symbol id="sm-14ff">
         <name>__aeabi_ui2f</name>
         <value>0x20010b2d</value>
         <object_component_ref idref="oc-1bd"/>
      </symbol>
      <symbol id="sm-150e">
         <name>__aeabi_memset</name>
         <value>0x2000f431</value>
         <object_component_ref idref="oc-b2"/>
      </symbol>
      <symbol id="sm-150f">
         <name>memset</name>
         <value>0x2000f437</value>
         <object_component_ref idref="oc-b2"/>
      </symbol>
      <symbol id="sm-1510">
         <name>__aeabi_memset8</name>
         <value>0x2000f431</value>
         <object_component_ref idref="oc-b2"/>
      </symbol>
      <symbol id="sm-1511">
         <name>__aeabi_memset4</name>
         <value>0x2000f431</value>
         <object_component_ref idref="oc-b2"/>
      </symbol>
      <symbol id="sm-1512">
         <name>__aeabi_memclr8</name>
         <value>0x2000f42f</value>
         <object_component_ref idref="oc-b2"/>
      </symbol>
      <symbol id="sm-1513">
         <name>__aeabi_memclr4</name>
         <value>0x2000f42f</value>
         <object_component_ref idref="oc-b2"/>
      </symbol>
      <symbol id="sm-1514">
         <name>__aeabi_memclr</name>
         <value>0x2000f42f</value>
         <object_component_ref idref="oc-b2"/>
      </symbol>
      <symbol id="sm-1521">
         <name>__aeabi_uldivmod</name>
         <value>0x2000e85d</value>
         <object_component_ref idref="oc-824"/>
      </symbol>
      <symbol id="sm-1535">
         <name>__TI_zero_init_nomemset</name>
         <value>0x20010d9b</value>
         <object_component_ref idref="oc-54"/>
      </symbol>
      <symbol id="sm-154c">
         <name>__TI_decompress_none</name>
         <value>0x2001110f</value>
         <object_component_ref idref="oc-1b"/>
      </symbol>
      <symbol id="sm-156f">
         <name>__TI_decompress_lzss</name>
         <value>0x2000f89d</value>
         <object_component_ref idref="oc-15"/>
      </symbol>
      <symbol id="sm-1580">
         <name>memmove</name>
         <value>0x200109e1</value>
         <object_component_ref idref="oc-474"/>
      </symbol>
      <symbol id="sm-161e">
         <name>_sys_memory</name>
         <value>0x20017000</value>
         <object_component_ref idref="oc-23"/>
      </symbol>
      <symbol id="sm-161f">
         <name>free</name>
         <value>0x2000da95</value>
         <object_component_ref idref="oc-2f0"/>
      </symbol>
      <symbol id="sm-1620">
         <name>realloc</name>
         <value>0x2000db79</value>
         <object_component_ref idref="oc-47a"/>
      </symbol>
      <symbol id="sm-1621">
         <name>memalign</name>
         <value>0x2000d2fd</value>
         <object_component_ref idref="oc-5d0"/>
      </symbol>
      <symbol id="sm-1622">
         <name>malloc</name>
         <value>0x2001116d</value>
         <object_component_ref idref="oc-2ea"/>
      </symbol>
      <symbol id="sm-1623">
         <name>aligned_alloc</name>
         <value>0x2000d2fd</value>
         <object_component_ref idref="oc-5d0"/>
      </symbol>
      <symbol id="sm-1633">
         <name>strcat</name>
         <value>0x20010d0d</value>
         <object_component_ref idref="oc-203"/>
      </symbol>
      <symbol id="sm-1643">
         <name>strchr</name>
         <value>0x20011033</value>
         <object_component_ref idref="oc-1e5"/>
      </symbol>
      <symbol id="sm-1651">
         <name>strcpy</name>
         <value>0x20011085</value>
         <object_component_ref idref="oc-1f1"/>
      </symbol>
      <symbol id="sm-165f">
         <name>strlen</name>
         <value>0x20011099</value>
         <object_component_ref idref="oc-192"/>
      </symbol>
      <symbol id="sm-1671">
         <name>__stack</name>
         <value>0x2002f000</value>
         <object_component_ref idref="oc-26"/>
      </symbol>
      <symbol id="sm-1672">
         <name>_c_int00_noargs</name>
         <value>0x20010b09</value>
         <object_component_ref idref="oc-66"/>
      </symbol>
      <symbol id="sm-1688">
         <name>__aeabi_errno_addr</name>
         <value>0x20011165</value>
         <object_component_ref idref="oc-624"/>
      </symbol>
      <symbol id="sm-1689">
         <name>errno</name>
         <value>0x20019414</value>
         <object_component_ref idref="oc-861"/>
      </symbol>
      <symbol id="sm-1693">
         <name>copysign</name>
         <value>0x20011145</value>
         <object_component_ref idref="oc-8ea"/>
      </symbol>
      <symbol id="sm-1694">
         <name>copysignl</name>
         <value>0x20011145</value>
         <object_component_ref idref="oc-8ea"/>
      </symbol>
      <symbol id="sm-17f9">
         <name>__TI_printfi</name>
         <value>0x20007bd9</value>
         <object_component_ref idref="oc-35b"/>
      </symbol>
      <symbol id="sm-1803">
         <name>__aeabi_idiv0</name>
         <value>0x2000cc37</value>
         <object_component_ref idref="oc-919"/>
      </symbol>
      <symbol id="sm-1804">
         <name>__aeabi_ldiv0</name>
         <value>0x2000cc37</value>
         <object_component_ref idref="oc-919"/>
      </symbol>
      <symbol id="sm-180e">
         <name>__aeabi_d2iz</name>
         <value>0x200100b1</value>
         <object_component_ref idref="oc-82b"/>
      </symbol>
      <symbol id="sm-1836">
         <name>__TI_auto_init_nobinit_nopinit</name>
         <value>0x200101c5</value>
         <object_component_ref idref="oc-2a1"/>
      </symbol>
      <symbol id="sm-1840">
         <name>_system_pre_init</name>
         <value>0x2001117b</value>
         <object_component_ref idref="oc-b8"/>
      </symbol>
      <symbol id="sm-184c">
         <name>C$$EXIT</name>
         <value>0x2001117f</value>
         <object_component_ref idref="oc-295"/>
      </symbol>
      <symbol id="sm-184d">
         <name>abort</name>
         <value>0x2001117f</value>
         <object_component_ref idref="oc-295"/>
      </symbol>
      <symbol id="sm-1862">
         <name>_nop</name>
         <value>0x2000b8df</value>
         <object_component_ref idref="oc-7f3"/>
      </symbol>
      <symbol id="sm-1863">
         <name>_lock</name>
         <value>0x20019400</value>
         <object_component_ref idref="oc-5a6"/>
      </symbol>
      <symbol id="sm-1864">
         <name>_unlock</name>
         <value>0x20019404</value>
         <object_component_ref idref="oc-5a6"/>
      </symbol>
      <symbol id="sm-1873">
         <name>__TI_ltoa</name>
         <value>0x2000fd09</value>
         <object_component_ref idref="oc-830"/>
      </symbol>
      <symbol id="sm-188a">
         <name>atoi</name>
         <value>0x2000ff89</value>
         <object_component_ref idref="oc-5ef"/>
      </symbol>
      <symbol id="sm-1895">
         <name>_ctypes_</name>
         <value>0x20011188</value>
         <object_component_ref idref="oc-81f"/>
      </symbol>
      <symbol id="sm-18a5">
         <name>memccpy</name>
         <value>0x20010dd5</value>
         <object_component_ref idref="oc-618"/>
      </symbol>
      <symbol id="sm-18be">
         <name>wcslen</name>
         <value>0x200110d1</value>
         <object_component_ref idref="oc-61e"/>
      </symbol>
      <symbol id="sm-18d4">
         <name>frexpl</name>
         <value>0x2000fb51</value>
         <object_component_ref idref="oc-851"/>
      </symbol>
      <symbol id="sm-18d5">
         <name>frexp</name>
         <value>0x2000fb51</value>
         <object_component_ref idref="oc-851"/>
      </symbol>
      <symbol id="sm-18d6">
         <name>__TI_static_base__</name>
         <value>0x200116d0</value>
      </symbol>
      <symbol id="sm-18d9">
         <name>__mpu_init</name>
         <value>0x0</value>
      </symbol>
      <symbol id="sm-18da">
         <name>_system_post_cinit</name>
         <value>0x0</value>
      </symbol>
   </symbol_table>
   <title>Link successful</title>
</link_info>
