<?xml version="1.0" encoding="ISO-8859-1" ?>
<link_info>
   <banner>TI ARM Linker PC v20.2.7.LTS</banner>
   <copyright>Copyright (c) 1996-2018 Texas Instruments Incorporated</copyright>
   <link_time>0x69bac907</link_time>
   <link_errors>0x0</link_errors>
   <output_file>pwm.out</output_file>
   <entry_point>
      <name>_c_int00_noargs</name>
      <address>0x20007241</address>
   </entry_point>
   <input_file_list>
      <input_file id="fl-2">
         <path>.\</path>
         <kind>object</kind>
         <file>main.obj</file>
         <name>main.obj</name>
      </input_file>
      <input_file id="fl-3">
         <path>.\</path>
         <kind>object</kind>
         <file>pinmux.obj</file>
         <name>pinmux.obj</name>
      </input_file>
      <input_file id="fl-4">
         <path>.\</path>
         <kind>object</kind>
         <file>startup_ccs.obj</file>
         <name>startup_ccs.obj</name>
      </input_file>
      <input_file id="fl-5">
         <path>.\</path>
         <kind>object</kind>
         <file>uart_if.obj</file>
         <name>uart_if.obj</name>
      </input_file>
      <input_file id="fl-a">
         <kind>object</kind>
         <file>&lt;internal&gt;</file>
         <name>&lt;internal&gt;</name>
      </input_file>
      <input_file id="fl-b">
         <path>C:\ti\CC3200SDK_1.5.0\cc3200-sdk\driverlib\ccs\Release\</path>
         <kind>archive</kind>
         <file>driverlib.a</file>
         <name>gpio.obj</name>
      </input_file>
      <input_file id="fl-c">
         <path>C:\ti\CC3200SDK_1.5.0\cc3200-sdk\driverlib\ccs\Release\</path>
         <kind>archive</kind>
         <file>driverlib.a</file>
         <name>interrupt.obj</name>
      </input_file>
      <input_file id="fl-d">
         <path>C:\ti\CC3200SDK_1.5.0\cc3200-sdk\driverlib\ccs\Release\</path>
         <kind>archive</kind>
         <file>driverlib.a</file>
         <name>pin.obj</name>
      </input_file>
      <input_file id="fl-e">
         <path>C:\ti\CC3200SDK_1.5.0\cc3200-sdk\driverlib\ccs\Release\</path>
         <kind>archive</kind>
         <file>driverlib.a</file>
         <name>prcm.obj</name>
      </input_file>
      <input_file id="fl-f">
         <path>C:\ti\CC3200SDK_1.5.0\cc3200-sdk\driverlib\ccs\Release\</path>
         <kind>archive</kind>
         <file>driverlib.a</file>
         <name>timer.obj</name>
      </input_file>
      <input_file id="fl-10">
         <path>C:\ti\CC3200SDK_1.5.0\cc3200-sdk\driverlib\ccs\Release\</path>
         <kind>archive</kind>
         <file>driverlib.a</file>
         <name>uart.obj</name>
      </input_file>
      <input_file id="fl-11">
         <path>C:\ti\CC3200SDK_1.5.0\cc3200-sdk\driverlib\ccs\Release\</path>
         <kind>archive</kind>
         <file>driverlib.a</file>
         <name>utils.obj</name>
      </input_file>
      <input_file id="fl-12">
         <path>C:\ti\CC3200SDK_1.5.0\cc3200-sdk\driverlib\ccs\Release\</path>
         <kind>archive</kind>
         <file>driverlib.a</file>
         <name>cpu.obj</name>
      </input_file>
      <input_file id="fl-13">
         <path>C:\ti\CC3200SDK_1.5.0\cc3200-sdk\driverlib\ccs\Release\</path>
         <kind>archive</kind>
         <file>driverlib.a</file>
         <name>flash.obj</name>
      </input_file>
      <input_file id="fl-c9">
         <path>C:\ti\ccs1281\ccs\tools\compiler\ti-cgt-arm_20.2.7.LTS\lib\</path>
         <kind>archive</kind>
         <file>rtsv7M4_T_le_eabi.lib</file>
         <name>vsnprintf.c.obj</name>
      </input_file>
      <input_file id="fl-ca">
         <path>C:\ti\ccs1281\ccs\tools\compiler\ti-cgt-arm_20.2.7.LTS\lib\</path>
         <kind>archive</kind>
         <file>rtsv7M4_T_le_eabi.lib</file>
         <name>memcpy_t2.asm.obj</name>
      </input_file>
      <input_file id="fl-cb">
         <path>C:\ti\ccs1281\ccs\tools\compiler\ti-cgt-arm_20.2.7.LTS\lib\</path>
         <kind>archive</kind>
         <file>rtsv7M4_T_le_eabi.lib</file>
         <name>ull_div_t2.asm.obj</name>
      </input_file>
      <input_file id="fl-cc">
         <path>C:\ti\ccs1281\ccs\tools\compiler\ti-cgt-arm_20.2.7.LTS\lib\</path>
         <kind>archive</kind>
         <file>rtsv7M4_T_le_eabi.lib</file>
         <name>copy_zero_init.c.obj</name>
      </input_file>
      <input_file id="fl-cd">
         <path>C:\ti\ccs1281\ccs\tools\compiler\ti-cgt-arm_20.2.7.LTS\lib\</path>
         <kind>archive</kind>
         <file>rtsv7M4_T_le_eabi.lib</file>
         <name>copy_decompress_none.c.obj</name>
      </input_file>
      <input_file id="fl-ce">
         <path>C:\ti\ccs1281\ccs\tools\compiler\ti-cgt-arm_20.2.7.LTS\lib\</path>
         <kind>archive</kind>
         <file>rtsv7M4_T_le_eabi.lib</file>
         <name>copy_decompress_lzss.c.obj</name>
      </input_file>
      <input_file id="fl-cf">
         <path>C:\ti\ccs1281\ccs\tools\compiler\ti-cgt-arm_20.2.7.LTS\lib\</path>
         <kind>archive</kind>
         <file>rtsv7M4_T_le_eabi.lib</file>
         <name>atoi.c.obj</name>
      </input_file>
      <input_file id="fl-d0">
         <path>C:\ti\ccs1281\ccs\tools\compiler\ti-cgt-arm_20.2.7.LTS\lib\</path>
         <kind>archive</kind>
         <file>rtsv7M4_T_le_eabi.lib</file>
         <name>ctype.c.obj</name>
      </input_file>
      <input_file id="fl-d1">
         <path>C:\ti\ccs1281\ccs\tools\compiler\ti-cgt-arm_20.2.7.LTS\lib\</path>
         <kind>archive</kind>
         <file>rtsv7M4_T_le_eabi.lib</file>
         <name>memmov.c.obj</name>
      </input_file>
      <input_file id="fl-d2">
         <path>C:\ti\ccs1281\ccs\tools\compiler\ti-cgt-arm_20.2.7.LTS\lib\</path>
         <kind>archive</kind>
         <file>rtsv7M4_T_le_eabi.lib</file>
         <name>memory.c.obj</name>
      </input_file>
      <input_file id="fl-d3">
         <path>C:\ti\ccs1281\ccs\tools\compiler\ti-cgt-arm_20.2.7.LTS\lib\</path>
         <kind>archive</kind>
         <file>rtsv7M4_T_le_eabi.lib</file>
         <name>strlen.c.obj</name>
      </input_file>
      <input_file id="fl-d4">
         <path>C:\ti\ccs1281\ccs\tools\compiler\ti-cgt-arm_20.2.7.LTS\lib\</path>
         <kind>archive</kind>
         <file>rtsv7M4_T_le_eabi.lib</file>
         <name>boot_cortex_m.c.obj</name>
      </input_file>
      <input_file id="fl-d5">
         <path>C:\ti\ccs1281\ccs\tools\compiler\ti-cgt-arm_20.2.7.LTS\lib\</path>
         <kind>archive</kind>
         <file>rtsv7M4_T_le_eabi.lib</file>
         <name>_printfi.c.obj</name>
      </input_file>
      <input_file id="fl-d6">
         <path>C:\ti\ccs1281\ccs\tools\compiler\ti-cgt-arm_20.2.7.LTS\lib\</path>
         <kind>archive</kind>
         <file>rtsv7M4_T_le_eabi.lib</file>
         <name>div0.asm.obj</name>
      </input_file>
      <input_file id="fl-d7">
         <path>C:\ti\ccs1281\ccs\tools\compiler\ti-cgt-arm_20.2.7.LTS\lib\</path>
         <kind>archive</kind>
         <file>rtsv7M4_T_le_eabi.lib</file>
         <name>fd_add_t2.asm.obj</name>
      </input_file>
      <input_file id="fl-d8">
         <path>C:\ti\ccs1281\ccs\tools\compiler\ti-cgt-arm_20.2.7.LTS\lib\</path>
         <kind>archive</kind>
         <file>rtsv7M4_T_le_eabi.lib</file>
         <name>fd_cmp_t2.asm.obj</name>
      </input_file>
      <input_file id="fl-d9">
         <path>C:\ti\ccs1281\ccs\tools\compiler\ti-cgt-arm_20.2.7.LTS\lib\</path>
         <kind>archive</kind>
         <file>rtsv7M4_T_le_eabi.lib</file>
         <name>fd_div_t2.asm.obj</name>
      </input_file>
      <input_file id="fl-da">
         <path>C:\ti\ccs1281\ccs\tools\compiler\ti-cgt-arm_20.2.7.LTS\lib\</path>
         <kind>archive</kind>
         <file>rtsv7M4_T_le_eabi.lib</file>
         <name>fd_mul_t2.asm.obj</name>
      </input_file>
      <input_file id="fl-db">
         <path>C:\ti\ccs1281\ccs\tools\compiler\ti-cgt-arm_20.2.7.LTS\lib\</path>
         <kind>archive</kind>
         <file>rtsv7M4_T_le_eabi.lib</file>
         <name>fd_toi_t2.asm.obj</name>
      </input_file>
      <input_file id="fl-dc">
         <path>C:\ti\ccs1281\ccs\tools\compiler\ti-cgt-arm_20.2.7.LTS\lib\</path>
         <kind>archive</kind>
         <file>rtsv7M4_T_le_eabi.lib</file>
         <name>i_tofd_t2.asm.obj</name>
      </input_file>
      <input_file id="fl-dd">
         <path>C:\ti\ccs1281\ccs\tools\compiler\ti-cgt-arm_20.2.7.LTS\lib\</path>
         <kind>archive</kind>
         <file>rtsv7M4_T_le_eabi.lib</file>
         <name>memset_t2.asm.obj</name>
      </input_file>
      <input_file id="fl-de">
         <path>C:\ti\ccs1281\ccs\tools\compiler\ti-cgt-arm_20.2.7.LTS\lib\</path>
         <kind>archive</kind>
         <file>rtsv7M4_T_le_eabi.lib</file>
         <name>autoinit.c.obj</name>
      </input_file>
      <input_file id="fl-df">
         <path>C:\ti\ccs1281\ccs\tools\compiler\ti-cgt-arm_20.2.7.LTS\lib\</path>
         <kind>archive</kind>
         <file>rtsv7M4_T_le_eabi.lib</file>
         <name>pre_init.c.obj</name>
      </input_file>
      <input_file id="fl-e0">
         <path>C:\ti\ccs1281\ccs\tools\compiler\ti-cgt-arm_20.2.7.LTS\lib\</path>
         <kind>archive</kind>
         <file>rtsv7M4_T_le_eabi.lib</file>
         <name>cpy_tbl.c.obj</name>
      </input_file>
      <input_file id="fl-e1">
         <path>C:\ti\ccs1281\ccs\tools\compiler\ti-cgt-arm_20.2.7.LTS\lib\</path>
         <kind>archive</kind>
         <file>rtsv7M4_T_le_eabi.lib</file>
         <name>exit.c.obj</name>
      </input_file>
      <input_file id="fl-e2">
         <path>C:\ti\ccs1281\ccs\tools\compiler\ti-cgt-arm_20.2.7.LTS\lib\</path>
         <kind>archive</kind>
         <file>rtsv7M4_T_le_eabi.lib</file>
         <name>_lock.c.obj</name>
      </input_file>
      <input_file id="fl-e3">
         <path>C:\ti\ccs1281\ccs\tools\compiler\ti-cgt-arm_20.2.7.LTS\lib\</path>
         <kind>archive</kind>
         <file>rtsv7M4_T_le_eabi.lib</file>
         <name>_ltoa.c.obj</name>
      </input_file>
      <input_file id="fl-e4">
         <path>C:\ti\ccs1281\ccs\tools\compiler\ti-cgt-arm_20.2.7.LTS\lib\</path>
         <kind>archive</kind>
         <file>rtsv7M4_T_le_eabi.lib</file>
         <name>args_main.c.obj</name>
      </input_file>
      <input_file id="fl-e5">
         <path>C:\ti\ccs1281\ccs\tools\compiler\ti-cgt-arm_20.2.7.LTS\lib\</path>
         <kind>archive</kind>
         <file>rtsv7M4_T_le_eabi.lib</file>
         <name>memccpy.c.obj</name>
      </input_file>
      <input_file id="fl-e6">
         <path>C:\ti\ccs1281\ccs\tools\compiler\ti-cgt-arm_20.2.7.LTS\lib\</path>
         <kind>archive</kind>
         <file>rtsv7M4_T_le_eabi.lib</file>
         <name>strchr.c.obj</name>
      </input_file>
      <input_file id="fl-e7">
         <path>C:\ti\ccs1281\ccs\tools\compiler\ti-cgt-arm_20.2.7.LTS\lib\</path>
         <kind>archive</kind>
         <file>rtsv7M4_T_le_eabi.lib</file>
         <name>errno.c.obj</name>
      </input_file>
      <input_file id="fl-e8">
         <path>C:\ti\ccs1281\ccs\tools\compiler\ti-cgt-arm_20.2.7.LTS\lib\</path>
         <kind>archive</kind>
         <file>rtsv7M4_T_le_eabi.lib</file>
         <name>wcslen.c.obj</name>
      </input_file>
      <input_file id="fl-e9">
         <path>C:\ti\ccs1281\ccs\tools\compiler\ti-cgt-arm_20.2.7.LTS\lib\</path>
         <kind>archive</kind>
         <file>rtsv7M4_T_le_eabi.lib</file>
         <name>s_frexp.c.obj</name>
      </input_file>
      <input_file id="fl-ea">
         <path>C:\ti\ccs1281\ccs\tools\compiler\ti-cgt-arm_20.2.7.LTS\lib\</path>
         <kind>archive</kind>
         <file>rtsv7M4_T_le_eabi.lib</file>
         <name>s_scalbn.c.obj</name>
      </input_file>
      <input_file id="fl-eb">
         <path>C:\ti\ccs1281\ccs\tools\compiler\ti-cgt-arm_20.2.7.LTS\lib\</path>
         <kind>archive</kind>
         <file>rtsv7M4_T_le_eabi.lib</file>
         <name>s_copysign.c.obj</name>
      </input_file>
   </input_file_list>
   <object_component_list>
      <object_component id="oc-12">
         <name>.intvecs</name>
         <load_address>0x20004000</load_address>
         <run_address>0x20004000</run_address>
         <size>0x400</size>
         <input_file_ref idref="fl-4"/>
      </object_component>
      <object_component id="oc-2ae">
         <name>.text:__TI_printfi</name>
         <load_address>0x20004400</load_address>
         <run_address>0x20004400</run_address>
         <size>0xa4e</size>
         <input_file_ref idref="fl-d5"/>
      </object_component>
      <object_component id="oc-310">
         <name>.text:_nop</name>
         <load_address>0x20004e4e</load_address>
         <run_address>0x20004e4e</run_address>
         <size>0x2</size>
         <input_file_ref idref="fl-e2"/>
      </object_component>
      <object_component id="oc-97">
         <name>.text</name>
         <load_address>0x20004e50</load_address>
         <run_address>0x20004e50</run_address>
         <size>0x378</size>
         <input_file_ref idref="fl-2"/>
      </object_component>
      <object_component id="oc-10e">
         <name>.text</name>
         <load_address>0x200051c8</load_address>
         <run_address>0x200051c8</run_address>
         <size>0x27c</size>
         <input_file_ref idref="fl-5"/>
      </object_component>
      <object_component id="oc-353">
         <name>.text:_pconv_a</name>
         <load_address>0x20005444</load_address>
         <run_address>0x20005444</run_address>
         <size>0x268</size>
         <input_file_ref idref="fl-d5"/>
      </object_component>
      <object_component id="oc-341">
         <name>.text:_pconv_g</name>
         <load_address>0x200056ac</load_address>
         <run_address>0x200056ac</run_address>
         <size>0x1cc</size>
         <input_file_ref idref="fl-d5"/>
      </object_component>
      <object_component id="oc-3ca">
         <name>.text</name>
         <load_address>0x20005878</load_address>
         <run_address>0x20005878</run_address>
         <size>0x1b6</size>
         <input_file_ref idref="fl-d7"/>
      </object_component>
      <object_component id="oc-419">
         <name>.text</name>
         <load_address>0x20005a2e</load_address>
         <run_address>0x20005a2e</run_address>
         <size>0x2</size>
         <input_file_ref idref="fl-d6"/>
      </object_component>
      <object_component id="oc-13b">
         <name>.text:PRCMCC3200MCUInit</name>
         <load_address>0x20005a30</load_address>
         <run_address>0x20005a30</run_address>
         <size>0x178</size>
         <input_file_ref idref="fl-e"/>
      </object_component>
      <object_component id="oc-34d">
         <name>.text:_pconv_e</name>
         <load_address>0x20005ba8</load_address>
         <run_address>0x20005ba8</run_address>
         <size>0x13c</size>
         <input_file_ref idref="fl-d5"/>
      </object_component>
      <object_component id="oc-3b0">
         <name>.text</name>
         <load_address>0x20005ce4</load_address>
         <run_address>0x20005ce4</run_address>
         <size>0x136</size>
         <input_file_ref idref="fl-d9"/>
      </object_component>
      <object_component id="oc-3dc">
         <name>.text:fcvt</name>
         <load_address>0x20005e1c</load_address>
         <run_address>0x20005e1c</run_address>
         <size>0x120</size>
         <input_file_ref idref="fl-d5"/>
      </object_component>
      <object_component id="oc-2d0">
         <name>.text:aligned_alloc</name>
         <load_address>0x20005f3c</load_address>
         <run_address>0x20005f3c</run_address>
         <size>0x100</size>
         <input_file_ref idref="fl-d2"/>
      </object_component>
      <object_component id="oc-3ab">
         <name>.text</name>
         <load_address>0x2000603c</load_address>
         <run_address>0x2000603c</run_address>
         <size>0xfc</size>
         <input_file_ref idref="fl-da"/>
      </object_component>
      <object_component id="oc-1f8">
         <name>.text:free</name>
         <load_address>0x20006138</load_address>
         <run_address>0x20006138</run_address>
         <size>0xe4</size>
         <input_file_ref idref="fl-d2"/>
      </object_component>
      <object_component id="oc-1f2">
         <name>.text:realloc</name>
         <load_address>0x2000621c</load_address>
         <run_address>0x2000621c</run_address>
         <size>0xe4</size>
         <input_file_ref idref="fl-d2"/>
      </object_component>
      <object_component id="oc-3f0">
         <name>.text:scalbn</name>
         <load_address>0x20006300</load_address>
         <run_address>0x20006300</run_address>
         <size>0xd0</size>
         <input_file_ref idref="fl-ea"/>
      </object_component>
      <object_component id="oc-336">
         <name>.text:_ltostr</name>
         <load_address>0x200063d0</load_address>
         <run_address>0x200063d0</run_address>
         <size>0xb1</size>
         <input_file_ref idref="fl-d5"/>
      </object_component>
      <object_component id="oc-257">
         <name>.text:IntEnable</name>
         <load_address>0x20006484</load_address>
         <run_address>0x20006484</run_address>
         <size>0xa8</size>
         <input_file_ref idref="fl-c"/>
      </object_component>
      <object_component id="oc-3d">
         <name>.text</name>
         <load_address>0x2000652c</load_address>
         <run_address>0x2000652c</run_address>
         <size>0x9c</size>
         <input_file_ref idref="fl-ca"/>
      </object_component>
      <object_component id="oc-3a4">
         <name>.text</name>
         <load_address>0x200065c8</load_address>
         <run_address>0x200065c8</run_address>
         <size>0x96</size>
         <input_file_ref idref="fl-cb"/>
      </object_component>
      <object_component id="oc-1c8">
         <name>.text:PRCMPeripheralClockGet</name>
         <load_address>0x20006660</load_address>
         <run_address>0x20006660</run_address>
         <size>0x94</size>
         <input_file_ref idref="fl-e"/>
      </object_component>
      <object_component id="oc-141">
         <name>.text</name>
         <load_address>0x200066f4</load_address>
         <run_address>0x200066f4</run_address>
         <size>0x94</size>
         <input_file_ref idref="fl-3"/>
      </object_component>
      <object_component id="oc-1a7">
         <name>.text:PinConfigSet</name>
         <load_address>0x20006788</load_address>
         <run_address>0x20006788</run_address>
         <size>0x88</size>
         <input_file_ref idref="fl-d"/>
      </object_component>
      <object_component id="oc-33c">
         <name>.text:__aeabi_cdcmple</name>
         <load_address>0x20006810</load_address>
         <run_address>0x20006810</run_address>
         <size>0x86</size>
         <input_file_ref idref="fl-d8"/>
      </object_component>
      <object_component id="oc-3b5">
         <name>.text:__aeabi_cdrcmple</name>
         <load_address>0x20006896</load_address>
         <run_address>0x20006896</run_address>
         <size>0x86</size>
         <input_file_ref idref="fl-d8"/>
      </object_component>
      <object_component id="oc-147">
         <name>.text:GPIOIntTypeSet</name>
         <load_address>0x2000691c</load_address>
         <run_address>0x2000691c</run_address>
         <size>0x82</size>
         <input_file_ref idref="fl-b"/>
      </object_component>
      <object_component id="oc-8b">
         <name>.text</name>
         <load_address>0x2000699e</load_address>
         <run_address>0x2000699e</run_address>
         <size>0x7a</size>
         <input_file_ref idref="fl-dd"/>
      </object_component>
      <object_component id="oc-1ce">
         <name>.text:UARTConfigSetExpClk</name>
         <load_address>0x20006a18</load_address>
         <run_address>0x20006a18</run_address>
         <size>0x76</size>
         <input_file_ref idref="fl-10"/>
      </object_component>
      <object_component id="oc-2dd">
         <name>.text:split</name>
         <load_address>0x20006a90</load_address>
         <run_address>0x20006a90</run_address>
         <size>0x70</size>
         <input_file_ref idref="fl-d2"/>
      </object_component>
      <object_component id="oc-3d5">
         <name>.text:_mcpy</name>
         <load_address>0x20006b00</load_address>
         <run_address>0x20006b00</run_address>
         <size>0x6e</size>
         <input_file_ref idref="fl-d5"/>
      </object_component>
      <object_component id="oc-15">
         <name>.text:decompress:lzss:__TI_decompress_lzss</name>
         <load_address>0x20006b6e</load_address>
         <run_address>0x20006b6e</run_address>
         <size>0x68</size>
         <input_file_ref idref="fl-ce"/>
      </object_component>
      <object_component id="oc-3ea">
         <name>.text:frexp</name>
         <load_address>0x20006bd8</load_address>
         <run_address>0x20006bd8</run_address>
         <size>0x5c</size>
         <input_file_ref idref="fl-e9"/>
      </object_component>
      <object_component id="oc-230">
         <name>.text:PRCMPeripheralReset</name>
         <load_address>0x20006c34</load_address>
         <run_address>0x20006c34</run_address>
         <size>0x58</size>
         <input_file_ref idref="fl-e"/>
      </object_component>
      <object_component id="oc-347">
         <name>.text:_pconv_f</name>
         <load_address>0x20006c8c</load_address>
         <run_address>0x20006c8c</run_address>
         <size>0x56</size>
         <input_file_ref idref="fl-d5"/>
      </object_component>
      <object_component id="oc-3bf">
         <name>.text:__TI_ltoa</name>
         <load_address>0x20006ce2</load_address>
         <run_address>0x20006ce2</run_address>
         <size>0x54</size>
         <input_file_ref idref="fl-e3"/>
      </object_component>
      <object_component id="oc-3cf">
         <name>.text:_ecpy</name>
         <load_address>0x20006d36</load_address>
         <run_address>0x20006d36</run_address>
         <size>0x52</size>
         <input_file_ref idref="fl-d5"/>
      </object_component>
      <object_component id="oc-ef">
         <name>.text:atoi</name>
         <load_address>0x20006d88</load_address>
         <run_address>0x20006d88</run_address>
         <size>0x4c</size>
         <input_file_ref idref="fl-cf"/>
      </object_component>
      <object_component id="oc-24b">
         <name>.text:GPIOGetIntNumber</name>
         <load_address>0x20006dd4</load_address>
         <run_address>0x20006dd4</run_address>
         <size>0x48</size>
         <input_file_ref idref="fl-b"/>
      </object_component>
      <object_component id="oc-3ba">
         <name>.text</name>
         <load_address>0x20006e1c</load_address>
         <run_address>0x20006e1c</run_address>
         <size>0x48</size>
         <input_file_ref idref="fl-db"/>
      </object_component>
      <object_component id="oc-11a">
         <name>.text:TimerConfigure</name>
         <load_address>0x20006e64</load_address>
         <run_address>0x20006e64</run_address>
         <size>0x44</size>
         <input_file_ref idref="fl-f"/>
      </object_component>
      <object_component id="oc-260">
         <name>.text:UARTIntNumberGet</name>
         <load_address>0x20006ea8</load_address>
         <run_address>0x20006ea8</run_address>
         <size>0x44</size>
         <input_file_ref idref="fl-10"/>
      </object_component>
      <object_component id="oc-175">
         <name>.text:__TI_auto_init_nobinit_nopinit:__TI_auto_init_nobinit_nopinit</name>
         <load_address>0x20006eec</load_address>
         <run_address>0x20006eec</run_address>
         <size>0x44</size>
         <input_file_ref idref="fl-de"/>
      </object_component>
      <object_component id="oc-1ad">
         <name>.text:PinModeSet</name>
         <load_address>0x20006f30</load_address>
         <run_address>0x20006f30</run_address>
         <size>0x40</size>
         <input_file_ref idref="fl-d"/>
      </object_component>
      <object_component id="oc-1da">
         <name>.text:vsnprintf</name>
         <load_address>0x20006f70</load_address>
         <run_address>0x20006f70</run_address>
         <size>0x40</size>
         <input_file_ref idref="fl-c9"/>
      </object_component>
      <object_component id="oc-3e2">
         <name>.text:_fcpy</name>
         <load_address>0x20006fb0</load_address>
         <run_address>0x20006fb0</run_address>
         <size>0x3e</size>
         <input_file_ref idref="fl-d5"/>
      </object_component>
      <object_component id="oc-114">
         <name>.text:PRCMPeripheralClkEnable</name>
         <load_address>0x20006ff0</load_address>
         <run_address>0x20006ff0</run_address>
         <size>0x3c</size>
         <input_file_ref idref="fl-e"/>
      </object_component>
      <object_component id="oc-243">
         <name>.text:GPIODirModeSet</name>
         <load_address>0x2000702c</load_address>
         <run_address>0x2000702c</run_address>
         <size>0x36</size>
         <input_file_ref idref="fl-b"/>
      </object_component>
      <object_component id="oc-c5">
         <name>.text:PinTypeGPIO</name>
         <load_address>0x20007062</load_address>
         <run_address>0x20007062</run_address>
         <size>0x30</size>
         <input_file_ref idref="fl-d"/>
      </object_component>
      <object_component id="oc-2a0">
         <name>.text:UARTDisable</name>
         <load_address>0x20007094</load_address>
         <run_address>0x20007094</run_address>
         <size>0x30</size>
         <input_file_ref idref="fl-10"/>
      </object_component>
      <object_component id="oc-2b4">
         <name>.text:_outs</name>
         <load_address>0x200070c4</load_address>
         <run_address>0x200070c4</run_address>
         <size>0x30</size>
         <input_file_ref idref="fl-c9"/>
      </object_component>
      <object_component id="oc-3c5">
         <name>.text</name>
         <load_address>0x200070f4</load_address>
         <run_address>0x200070f4</run_address>
         <size>0x2e</size>
         <input_file_ref idref="fl-dc"/>
      </object_component>
      <object_component id="oc-21e">
         <name>.text:PRCMSysResetCauseGet</name>
         <load_address>0x20007124</load_address>
         <run_address>0x20007124</run_address>
         <size>0x2c</size>
         <input_file_ref idref="fl-e"/>
      </object_component>
      <object_component id="oc-120">
         <name>.text:TimerLoadSet</name>
         <load_address>0x20007150</load_address>
         <run_address>0x20007150</run_address>
         <size>0x2a</size>
         <input_file_ref idref="fl-f"/>
      </object_component>
      <object_component id="oc-d7">
         <name>.text:TimerMatchSet</name>
         <load_address>0x2000717a</load_address>
         <run_address>0x2000717a</run_address>
         <size>0x2a</size>
         <input_file_ref idref="fl-f"/>
      </object_component>
      <object_component id="oc-236">
         <name>.text:PRCMPeripheralClkDisable</name>
         <load_address>0x200071a4</load_address>
         <run_address>0x200071a4</run_address>
         <size>0x28</size>
         <input_file_ref idref="fl-e"/>
      </object_component>
      <object_component id="oc-2e4">
         <name>.text:free_list_insert</name>
         <load_address>0x200071cc</load_address>
         <run_address>0x200071cc</run_address>
         <size>0x28</size>
         <input_file_ref idref="fl-d2"/>
      </object_component>
      <object_component id="oc-1e6">
         <name>.text:memmove</name>
         <load_address>0x200071f4</load_address>
         <run_address>0x200071f4</run_address>
         <size>0x28</size>
         <input_file_ref idref="fl-d1"/>
      </object_component>
      <object_component id="oc-2a6">
         <name>.text:UARTEnable</name>
         <load_address>0x2000721c</load_address>
         <run_address>0x2000721c</run_address>
         <size>0x24</size>
         <input_file_ref idref="fl-10"/>
      </object_component>
      <object_component id="oc-5b">
         <name>.text:_c_int00_noargs:_c_int00_noargs</name>
         <load_address>0x20007240</load_address>
         <run_address>0x20007240</run_address>
         <size>0x24</size>
         <input_file_ref idref="fl-d4"/>
      </object_component>
      <object_component id="oc-fb">
         <name>.text:GPIOIntStatus</name>
         <load_address>0x20007264</load_address>
         <run_address>0x20007264</run_address>
         <size>0x22</size>
         <input_file_ref idref="fl-b"/>
      </object_component>
      <object_component id="oc-cb">
         <name>.text:GPIOPinWrite</name>
         <load_address>0x20007286</load_address>
         <run_address>0x20007286</run_address>
         <size>0x20</size>
         <input_file_ref idref="fl-b"/>
      </object_component>
      <object_component id="oc-251">
         <name>.text:IntRegister</name>
         <load_address>0x200072a8</load_address>
         <run_address>0x200072a8</run_address>
         <size>0x20</size>
         <input_file_ref idref="fl-c"/>
      </object_component>
      <object_component id="oc-14d">
         <name>.text:GPIOIntRegister</name>
         <load_address>0x200072c8</load_address>
         <run_address>0x200072c8</run_address>
         <size>0x1e</size>
         <input_file_ref idref="fl-b"/>
      </object_component>
      <object_component id="oc-126">
         <name>.text:TimerEnable</name>
         <load_address>0x200072e6</load_address>
         <run_address>0x200072e6</run_address>
         <size>0x1e</size>
         <input_file_ref idref="fl-f"/>
      </object_component>
      <object_component id="oc-1d4">
         <name>.text:UARTCharPut</name>
         <load_address>0x20007304</load_address>
         <run_address>0x20007304</run_address>
         <size>0x1e</size>
         <input_file_ref idref="fl-10"/>
      </object_component>
      <object_component id="oc-159">
         <name>.text:UARTIntRegister</name>
         <load_address>0x20007322</load_address>
         <run_address>0x20007322</run_address>
         <size>0x1e</size>
         <input_file_ref idref="fl-10"/>
      </object_component>
      <object_component id="oc-dd">
         <name>.text:UARTIntStatus</name>
         <load_address>0x20007340</load_address>
         <run_address>0x20007340</run_address>
         <size>0x1e</size>
         <input_file_ref idref="fl-10"/>
      </object_component>
      <object_component id="oc-e9">
         <name>.text:UARTCharGetNonBlocking</name>
         <load_address>0x2000735e</load_address>
         <run_address>0x2000735e</run_address>
         <size>0x1c</size>
         <input_file_ref idref="fl-10"/>
      </object_component>
      <object_component id="oc-49">
         <name>.text:decompress:ZI:__TI_zero_init_nomemset:__TI_zero_init_nomemset</name>
         <load_address>0x2000737a</load_address>
         <run_address>0x2000737a</run_address>
         <size>0x1c</size>
         <input_file_ref idref="fl-cc"/>
      </object_component>
      <object_component id="oc-2d7">
         <name>.text:free_list_remove</name>
         <load_address>0x20007398</load_address>
         <run_address>0x20007398</run_address>
         <size>0x1c</size>
         <input_file_ref idref="fl-d2"/>
      </object_component>
      <object_component id="oc-359">
         <name>.text:memccpy</name>
         <load_address>0x200073b4</load_address>
         <run_address>0x200073b4</run_address>
         <size>0x1c</size>
         <input_file_ref idref="fl-e5"/>
      </object_component>
      <object_component id="oc-153">
         <name>.text:GPIOIntEnable</name>
         <load_address>0x200073d0</load_address>
         <run_address>0x200073d0</run_address>
         <size>0x1a</size>
         <input_file_ref idref="fl-b"/>
      </object_component>
      <object_component id="oc-d1">
         <name>.text:PinTypeTimer</name>
         <load_address>0x200073ea</load_address>
         <run_address>0x200073ea</run_address>
         <size>0x1a</size>
         <input_file_ref idref="fl-d"/>
      </object_component>
      <object_component id="oc-23d">
         <name>.text:PinTypeUART</name>
         <load_address>0x20007404</load_address>
         <run_address>0x20007404</run_address>
         <size>0x1a</size>
         <input_file_ref idref="fl-d"/>
      </object_component>
      <object_component id="oc-108">
         <name>.text:GPIOPinRead</name>
         <load_address>0x2000741e</load_address>
         <run_address>0x2000741e</run_address>
         <size>0x18</size>
         <input_file_ref idref="fl-b"/>
      </object_component>
      <object_component id="oc-f5">
         <name>.text:UARTCharsAvail</name>
         <load_address>0x20007436</load_address>
         <run_address>0x20007436</run_address>
         <size>0x18</size>
         <input_file_ref idref="fl-10"/>
      </object_component>
      <object_component id="oc-15f">
         <name>.text:UARTIntEnable</name>
         <load_address>0x2000744e</load_address>
         <run_address>0x2000744e</run_address>
         <size>0x18</size>
         <input_file_ref idref="fl-10"/>
      </object_component>
      <object_component id="oc-2ba">
         <name>.text:_outc</name>
         <load_address>0x20007466</load_address>
         <run_address>0x20007466</run_address>
         <size>0x18</size>
         <input_file_ref idref="fl-c9"/>
      </object_component>
      <object_component id="oc-224">
         <name>.text:PRCMHIBRegRead</name>
         <load_address>0x2000747e</load_address>
         <run_address>0x2000747e</run_address>
         <size>0x16</size>
         <input_file_ref idref="fl-e"/>
      </object_component>
      <object_component id="oc-22a">
         <name>.text:PRCMHIBRegWrite</name>
         <load_address>0x20007494</load_address>
         <run_address>0x20007494</run_address>
         <size>0x16</size>
         <input_file_ref idref="fl-e"/>
      </object_component>
      <object_component id="oc-3f6">
         <name>.text:strchr</name>
         <load_address>0x200074aa</load_address>
         <run_address>0x200074aa</run_address>
         <size>0x16</size>
         <input_file_ref idref="fl-e6"/>
      </object_component>
      <object_component id="oc-217">
         <name>.text:CPUcpsie</name>
         <load_address>0x200074c0</load_address>
         <run_address>0x200074c0</run_address>
         <size>0x14</size>
         <input_file_ref idref="fl-12"/>
      </object_component>
      <object_component id="oc-101">
         <name>.text:GPIOIntClear</name>
         <load_address>0x200074d4</load_address>
         <run_address>0x200074d4</run_address>
         <size>0x14</size>
         <input_file_ref idref="fl-b"/>
      </object_component>
      <object_component id="oc-12f">
         <name>.text:IntVTableBaseSet</name>
         <load_address>0x200074e8</load_address>
         <run_address>0x200074e8</run_address>
         <size>0x14</size>
         <input_file_ref idref="fl-c"/>
      </object_component>
      <object_component id="oc-1e0">
         <name>.text:strlen</name>
         <load_address>0x200074fc</load_address>
         <run_address>0x200074fc</run_address>
         <size>0x14</size>
         <input_file_ref idref="fl-d3"/>
      </object_component>
      <object_component id="oc-e3">
         <name>.text:UARTIntClear</name>
         <load_address>0x20007510</load_address>
         <run_address>0x20007510</run_address>
         <size>0x12</size>
         <input_file_ref idref="fl-10"/>
      </object_component>
      <object_component id="oc-35f">
         <name>.text:wcslen</name>
         <load_address>0x20007522</load_address>
         <run_address>0x20007522</run_address>
         <size>0x12</size>
         <input_file_ref idref="fl-e8"/>
      </object_component>
      <object_component id="oc-1b">
         <name>.text:decompress:none:__TI_decompress_none</name>
         <load_address>0x20007534</load_address>
         <run_address>0x20007534</run_address>
         <size>0xe</size>
         <input_file_ref idref="fl-cd"/>
      </object_component>
      <object_component id="oc-29">
         <name>.text</name>
         <load_address>0x20007542</load_address>
         <run_address>0x20007542</run_address>
         <size>0xe</size>
         <input_file_ref idref="fl-4"/>
      </object_component>
      <object_component id="oc-432">
         <name>.text:copysign</name>
         <load_address>0x20007550</load_address>
         <run_address>0x20007550</run_address>
         <size>0xc</size>
         <input_file_ref idref="fl-eb"/>
      </object_component>
      <object_component id="oc-135">
         <name>.text:IntMasterEnable</name>
         <load_address>0x2000755c</load_address>
         <run_address>0x2000755c</run_address>
         <size>0xa</size>
         <input_file_ref idref="fl-c"/>
      </object_component>
      <object_component id="oc-365">
         <name>.text:__aeabi_errno_addr</name>
         <load_address>0x20007568</load_address>
         <run_address>0x20007568</run_address>
         <size>0x8</size>
         <input_file_ref idref="fl-e7"/>
      </object_component>
      <object_component id="oc-1ec">
         <name>.text:malloc</name>
         <load_address>0x20007570</load_address>
         <run_address>0x20007570</run_address>
         <size>0x8</size>
         <input_file_ref idref="fl-d2"/>
      </object_component>
      <object_component id="oc-107">
         <name>.text:UtilsDelay</name>
         <load_address>0x20007578</load_address>
         <run_address>0x20007578</run_address>
         <size>0x6</size>
         <input_file_ref idref="fl-11"/>
      </object_component>
      <object_component id="oc-91">
         <name>.text:_system_pre_init</name>
         <load_address>0x2000757e</load_address>
         <run_address>0x2000757e</run_address>
         <size>0x4</size>
         <input_file_ref idref="fl-df"/>
      </object_component>
      <object_component id="oc-169">
         <name>.text:abort:abort</name>
         <load_address>0x20007582</load_address>
         <run_address>0x20007582</run_address>
         <size>0x4</size>
         <input_file_ref idref="fl-e1"/>
      </object_component>
      <object_component id="oc-1bf">
         <name>.const:.string:_ctypes_</name>
         <load_address>0x20007588</load_address>
         <run_address>0x20007588</run_address>
         <size>0x101</size>
         <input_file_ref idref="fl-d0"/>
      </object_component>
      <object_component id="oc-295">
         <name>.const:g_ulPinToPadMap</name>
         <load_address>0x2000768c</load_address>
         <run_address>0x2000768c</run_address>
         <size>0x100</size>
         <input_file_ref idref="fl-d"/>
      </object_component>
      <object_component id="oc-20d">
         <name>.const:PRCM_PeriphRegsList</name>
         <load_address>0x2000778c</load_address>
         <run_address>0x2000778c</run_address>
         <size>0xa8</size>
         <input_file_ref idref="fl-e"/>
      </object_component>
      <object_component id="oc-302">
         <name>.const:g_pulEnRegs</name>
         <load_address>0x20007834</load_address>
         <run_address>0x20007834</run_address>
         <size>0x18</size>
         <input_file_ref idref="fl-c"/>
      </object_component>
      <object_component id="oc-308">
         <name>.const:g_ppulUARTIntMap</name>
         <load_address>0x2000784c</load_address>
         <run_address>0x2000784c</run_address>
         <size>0x10</size>
         <input_file_ref idref="fl-10"/>
      </object_component>
      <object_component id="oc-488">
         <name>.cinit..data.load</name>
         <load_address>0x20007860</load_address>
         <run_address>0x20007860</run_address>
         <size>0x18</size>
      </object_component>
      <object_component id="oc-486">
         <name>__TI_handler_table</name>
         <load_address>0x20007878</load_address>
         <run_address>0x20007878</run_address>
         <size>0xc</size>
      </object_component>
      <object_component id="oc-489">
         <name>.cinit..bss.load</name>
         <load_address>0x20007888</load_address>
         <run_address>0x20007888</run_address>
         <size>0x8</size>
      </object_component>
      <object_component id="oc-487">
         <name>__TI_cinit_table</name>
         <load_address>0x20007890</load_address>
         <run_address>0x20007890</run_address>
         <size>0x10</size>
      </object_component>
      <object_component id="oc-12c">
         <name>.data</name>
         <load_address>0x20017800</load_address>
         <run_address>0x20017800</run_address>
         <size>0xa</size>
         <input_file_ref idref="fl-2"/>
      </object_component>
      <object_component id="oc-37f">
         <name>.data:$O1$$</name>
         <load_address>0x20017814</load_address>
         <run_address>0x20017814</run_address>
         <size>0x8</size>
         <input_file_ref idref="fl-d2"/>
      </object_component>
      <object_component id="oc-279">
         <name>.data:$O1$$</name>
         <load_address>0x2001780c</load_address>
         <run_address>0x2001780c</run_address>
         <size>0x8</size>
         <input_file_ref idref="fl-e2"/>
      </object_component>
      <object_component id="oc-406">
         <name>.data</name>
         <load_address>0x2001781c</load_address>
         <run_address>0x2001781c</run_address>
         <size>0x4</size>
         <input_file_ref idref="fl-e7"/>
      </object_component>
      <object_component id="oc-1fe">
         <name>.bss</name>
         <uninitialized>true</uninitialized>
         <run_address>0x20017828</run_address>
         <size>0x4</size>
         <input_file_ref idref="fl-5"/>
      </object_component>
      <object_component id="oc-165">
         <name>.common:g_cCmdBuffer</name>
         <uninitialized>true</uninitialized>
         <run_address>0x20017820</run_address>
         <size>0x8</size>
      </object_component>
      <object_component id="oc-23">
         <name>.sysmem</name>
         <uninitialized>true</uninitialized>
         <run_address>0x20017000</run_address>
         <size>0x10</size>
         <input_file_ref idref="fl-d2"/>
      </object_component>
      <object_component id="oc-48c">
         <name>.sysmem</name>
         <uninitialized>true</uninitialized>
         <run_address>0x20017000</run_address>
         <size>0x0</size>
      </object_component>
      <object_component id="oc-26">
         <name>.stack</name>
         <uninitialized>true</uninitialized>
         <run_address>0x2002f800</run_address>
         <size>0x4</size>
         <input_file_ref idref="fl-d4"/>
      </object_component>
      <object_component id="oc-48b">
         <name>.stack</name>
         <uninitialized>true</uninitialized>
         <run_address>0x2002f800</run_address>
         <size>0x0</size>
      </object_component>
      <object_component id="oc-166">
         <name>.debug_info</name>
         <load_address>0x0</load_address>
         <run_address>0x0</run_address>
         <size>0x71f</size>
         <input_file_ref idref="fl-2"/>
      </object_component>
      <object_component id="oc-12d">
         <name>.debug_info</name>
         <load_address>0x71f</load_address>
         <run_address>0x71f</run_address>
         <size>0x145</size>
         <input_file_ref idref="fl-2"/>
      </object_component>
      <object_component id="oc-9b">
         <name>.debug_info</name>
         <load_address>0x864</load_address>
         <run_address>0x864</run_address>
         <size>0x748</size>
         <input_file_ref idref="fl-2"/>
      </object_component>
      <object_component id="oc-26b">
         <name>.debug_info</name>
         <load_address>0xfac</load_address>
         <run_address>0xfac</run_address>
         <size>0x26b</size>
         <input_file_ref idref="fl-2"/>
      </object_component>
      <object_component id="oc-388">
         <name>.debug_info</name>
         <load_address>0x1217</load_address>
         <run_address>0x1217</run_address>
         <size>0x62</size>
         <input_file_ref idref="fl-2"/>
      </object_component>
      <object_component id="oc-38">
         <name>.debug_info</name>
         <load_address>0x1279</load_address>
         <run_address>0x1279</run_address>
         <size>0x84</size>
         <input_file_ref idref="fl-2"/>
      </object_component>
      <object_component id="oc-2ef">
         <name>.debug_info</name>
         <load_address>0x12fd</load_address>
         <run_address>0x12fd</run_address>
         <size>0x2a4</size>
         <input_file_ref idref="fl-2"/>
      </object_component>
      <object_component id="oc-1b4">
         <name>.debug_info</name>
         <load_address>0x15a1</load_address>
         <run_address>0x15a1</run_address>
         <size>0x2c</size>
         <input_file_ref idref="fl-2"/>
      </object_component>
      <object_component id="oc-203">
         <name>.debug_info</name>
         <load_address>0x15cd</load_address>
         <run_address>0x15cd</run_address>
         <size>0x2c</size>
         <input_file_ref idref="fl-2"/>
      </object_component>
      <object_component id="oc-270">
         <name>.debug_info</name>
         <load_address>0x15f9</load_address>
         <run_address>0x15f9</run_address>
         <size>0x35</size>
         <input_file_ref idref="fl-2"/>
      </object_component>
      <object_component id="oc-142">
         <name>.debug_info</name>
         <load_address>0x162e</load_address>
         <run_address>0x162e</run_address>
         <size>0x249</size>
         <input_file_ref idref="fl-3"/>
      </object_component>
      <object_component id="oc-31">
         <name>.debug_info</name>
         <load_address>0x1877</load_address>
         <run_address>0x1877</run_address>
         <size>0x185</size>
         <input_file_ref idref="fl-4"/>
      </object_component>
      <object_component id="oc-13">
         <name>.debug_info</name>
         <load_address>0x19fc</load_address>
         <run_address>0x19fc</run_address>
         <size>0x104</size>
         <input_file_ref idref="fl-4"/>
      </object_component>
      <object_component id="oc-2a">
         <name>.debug_info</name>
         <load_address>0x1b00</load_address>
         <run_address>0x1b00</run_address>
         <size>0x425</size>
         <input_file_ref idref="fl-4"/>
      </object_component>
      <object_component id="oc-202">
         <name>.debug_info</name>
         <load_address>0x1f25</load_address>
         <run_address>0x1f25</run_address>
         <size>0x3a3</size>
         <input_file_ref idref="fl-5"/>
      </object_component>
      <object_component id="oc-1ff">
         <name>.debug_info</name>
         <load_address>0x22c8</load_address>
         <run_address>0x22c8</run_address>
         <size>0xce</size>
         <input_file_ref idref="fl-5"/>
      </object_component>
      <object_component id="oc-10f">
         <name>.debug_info</name>
         <load_address>0x2396</load_address>
         <run_address>0x2396</run_address>
         <size>0x634</size>
         <input_file_ref idref="fl-5"/>
      </object_component>
      <object_component id="oc-208">
         <name>.debug_info</name>
         <load_address>0x29ca</load_address>
         <run_address>0x29ca</run_address>
         <size>0x110</size>
         <input_file_ref idref="fl-5"/>
      </object_component>
      <object_component id="oc-25e">
         <name>.debug_info</name>
         <load_address>0x2ada</load_address>
         <run_address>0x2ada</run_address>
         <size>0x1e0</size>
         <input_file_ref idref="fl-b"/>
      </object_component>
      <object_component id="oc-24e">
         <name>.debug_info</name>
         <load_address>0x2cba</load_address>
         <run_address>0x2cba</run_address>
         <size>0x19e</size>
         <input_file_ref idref="fl-b"/>
      </object_component>
      <object_component id="oc-247">
         <name>.debug_info</name>
         <load_address>0x2e58</load_address>
         <run_address>0x2e58</run_address>
         <size>0x1dd</size>
         <input_file_ref idref="fl-b"/>
      </object_component>
      <object_component id="oc-14b">
         <name>.debug_info</name>
         <load_address>0x3035</load_address>
         <run_address>0x3035</run_address>
         <size>0x1e8</size>
         <input_file_ref idref="fl-b"/>
      </object_component>
      <object_component id="oc-157">
         <name>.debug_info</name>
         <load_address>0x321d</load_address>
         <run_address>0x321d</run_address>
         <size>0x1bf</size>
         <input_file_ref idref="fl-b"/>
      </object_component>
      <object_component id="oc-ff">
         <name>.debug_info</name>
         <load_address>0x33dc</load_address>
         <run_address>0x33dc</run_address>
         <size>0x1b7</size>
         <input_file_ref idref="fl-b"/>
      </object_component>
      <object_component id="oc-105">
         <name>.debug_info</name>
         <load_address>0x3593</load_address>
         <run_address>0x3593</run_address>
         <size>0x1bd</size>
         <input_file_ref idref="fl-b"/>
      </object_component>
      <object_component id="oc-151">
         <name>.debug_info</name>
         <load_address>0x3750</load_address>
         <run_address>0x3750</run_address>
         <size>0x208</size>
         <input_file_ref idref="fl-b"/>
      </object_component>
      <object_component id="oc-10c">
         <name>.debug_info</name>
         <load_address>0x3958</load_address>
         <run_address>0x3958</run_address>
         <size>0x1af</size>
         <input_file_ref idref="fl-b"/>
      </object_component>
      <object_component id="oc-cf">
         <name>.debug_info</name>
         <load_address>0x3b07</load_address>
         <run_address>0x3b07</run_address>
         <size>0x1d4</size>
         <input_file_ref idref="fl-b"/>
      </object_component>
      <object_component id="oc-301">
         <name>.debug_info</name>
         <load_address>0x3cdb</load_address>
         <run_address>0x3cdb</run_address>
         <size>0x201</size>
         <input_file_ref idref="fl-c"/>
      </object_component>
      <object_component id="oc-303">
         <name>.debug_info</name>
         <load_address>0x3edc</load_address>
         <run_address>0x3edc</run_address>
         <size>0xf4</size>
         <input_file_ref idref="fl-c"/>
      </object_component>
      <object_component id="oc-136">
         <name>.debug_info</name>
         <load_address>0x3fd0</load_address>
         <run_address>0x3fd0</run_address>
         <size>0x17c</size>
         <input_file_ref idref="fl-c"/>
      </object_component>
      <object_component id="oc-130">
         <name>.debug_info</name>
         <load_address>0x414c</load_address>
         <run_address>0x414c</run_address>
         <size>0x1ae</size>
         <input_file_ref idref="fl-c"/>
      </object_component>
      <object_component id="oc-252">
         <name>.debug_info</name>
         <load_address>0x42fa</load_address>
         <run_address>0x42fa</run_address>
         <size>0x1f8</size>
         <input_file_ref idref="fl-c"/>
      </object_component>
      <object_component id="oc-258">
         <name>.debug_info</name>
         <load_address>0x44f2</load_address>
         <run_address>0x44f2</run_address>
         <size>0x19f</size>
         <input_file_ref idref="fl-c"/>
      </object_component>
      <object_component id="oc-331">
         <name>.debug_info</name>
         <load_address>0x4691</load_address>
         <run_address>0x4691</run_address>
         <size>0x14e</size>
         <input_file_ref idref="fl-d"/>
      </object_component>
      <object_component id="oc-296">
         <name>.debug_info</name>
         <load_address>0x47df</load_address>
         <run_address>0x47df</run_address>
         <size>0xf6</size>
         <input_file_ref idref="fl-d"/>
      </object_component>
      <object_component id="oc-1af">
         <name>.debug_info</name>
         <load_address>0x48d5</load_address>
         <run_address>0x48d5</run_address>
         <size>0x1bf</size>
         <input_file_ref idref="fl-d"/>
      </object_component>
      <object_component id="oc-1ab">
         <name>.debug_info</name>
         <load_address>0x4a94</load_address>
         <run_address>0x4a94</run_address>
         <size>0x20d</size>
         <input_file_ref idref="fl-d"/>
      </object_component>
      <object_component id="oc-23f">
         <name>.debug_info</name>
         <load_address>0x4ca1</load_address>
         <run_address>0x4ca1</run_address>
         <size>0x1d4</size>
         <input_file_ref idref="fl-d"/>
      </object_component>
      <object_component id="oc-d3">
         <name>.debug_info</name>
         <load_address>0x4e75</load_address>
         <run_address>0x4e75</run_address>
         <size>0x1d6</size>
         <input_file_ref idref="fl-d"/>
      </object_component>
      <object_component id="oc-c9">
         <name>.debug_info</name>
         <load_address>0x504b</load_address>
         <run_address>0x504b</run_address>
         <size>0x222</size>
         <input_file_ref idref="fl-d"/>
      </object_component>
      <object_component id="oc-2f6">
         <name>.debug_info</name>
         <load_address>0x526d</load_address>
         <run_address>0x526d</run_address>
         <size>0x25e</size>
         <input_file_ref idref="fl-e"/>
      </object_component>
      <object_component id="oc-20e">
         <name>.debug_info</name>
         <load_address>0x54cb</load_address>
         <run_address>0x54cb</run_address>
         <size>0xff</size>
         <input_file_ref idref="fl-e"/>
      </object_component>
      <object_component id="oc-220">
         <name>.debug_info</name>
         <load_address>0x55ca</load_address>
         <run_address>0x55ca</run_address>
         <size>0x1a6</size>
         <input_file_ref idref="fl-e"/>
      </object_component>
      <object_component id="oc-116">
         <name>.debug_info</name>
         <load_address>0x5770</load_address>
         <run_address>0x5770</run_address>
         <size>0x1eb</size>
         <input_file_ref idref="fl-e"/>
      </object_component>
      <object_component id="oc-238">
         <name>.debug_info</name>
         <load_address>0x595b</load_address>
         <run_address>0x595b</run_address>
         <size>0x1ed</size>
         <input_file_ref idref="fl-e"/>
      </object_component>
      <object_component id="oc-1ca">
         <name>.debug_info</name>
         <load_address>0x5b48</load_address>
         <run_address>0x5b48</run_address>
         <size>0x216</size>
         <input_file_ref idref="fl-e"/>
      </object_component>
      <object_component id="oc-232">
         <name>.debug_info</name>
         <load_address>0x5d5e</load_address>
         <run_address>0x5d5e</run_address>
         <size>0x1c0</size>
         <input_file_ref idref="fl-e"/>
      </object_component>
      <object_component id="oc-13c">
         <name>.debug_info</name>
         <load_address>0x5f1e</load_address>
         <run_address>0x5f1e</run_address>
         <size>0x283</size>
         <input_file_ref idref="fl-e"/>
      </object_component>
      <object_component id="oc-225">
         <name>.debug_info</name>
         <load_address>0x61a1</load_address>
         <run_address>0x61a1</run_address>
         <size>0x1bf</size>
         <input_file_ref idref="fl-e"/>
      </object_component>
      <object_component id="oc-22b">
         <name>.debug_info</name>
         <load_address>0x6360</load_address>
         <run_address>0x6360</run_address>
         <size>0x1d4</size>
         <input_file_ref idref="fl-e"/>
      </object_component>
      <object_component id="oc-129">
         <name>.debug_info</name>
         <load_address>0x6534</load_address>
         <run_address>0x6534</run_address>
         <size>0x1af</size>
         <input_file_ref idref="fl-f"/>
      </object_component>
      <object_component id="oc-11c">
         <name>.debug_info</name>
         <load_address>0x66e3</load_address>
         <run_address>0x66e3</run_address>
         <size>0x1b9</size>
         <input_file_ref idref="fl-f"/>
      </object_component>
      <object_component id="oc-122">
         <name>.debug_info</name>
         <load_address>0x689c</load_address>
         <run_address>0x689c</run_address>
         <size>0x1e3</size>
         <input_file_ref idref="fl-f"/>
      </object_component>
      <object_component id="oc-d9">
         <name>.debug_info</name>
         <load_address>0x6a7f</load_address>
         <run_address>0x6a7f</run_address>
         <size>0x1e5</size>
         <input_file_ref idref="fl-f"/>
      </object_component>
      <object_component id="oc-267">
         <name>.debug_info</name>
         <load_address>0x6c64</load_address>
         <run_address>0x6c64</run_address>
         <size>0x209</size>
         <input_file_ref idref="fl-10"/>
      </object_component>
      <object_component id="oc-309">
         <name>.debug_info</name>
         <load_address>0x6e6d</load_address>
         <run_address>0x6e6d</run_address>
         <size>0xf9</size>
         <input_file_ref idref="fl-10"/>
      </object_component>
      <object_component id="oc-262">
         <name>.debug_info</name>
         <load_address>0x6f66</load_address>
         <run_address>0x6f66</run_address>
         <size>0x19e</size>
         <input_file_ref idref="fl-10"/>
      </object_component>
      <object_component id="oc-1cf">
         <name>.debug_info</name>
         <load_address>0x7104</load_address>
         <run_address>0x7104</run_address>
         <size>0x25c</size>
         <input_file_ref idref="fl-10"/>
      </object_component>
      <object_component id="oc-2a7">
         <name>.debug_info</name>
         <load_address>0x7360</load_address>
         <run_address>0x7360</run_address>
         <size>0x17e</size>
         <input_file_ref idref="fl-10"/>
      </object_component>
      <object_component id="oc-2a1">
         <name>.debug_info</name>
         <load_address>0x74de</load_address>
         <run_address>0x74de</run_address>
         <size>0x180</size>
         <input_file_ref idref="fl-10"/>
      </object_component>
      <object_component id="oc-f6">
         <name>.debug_info</name>
         <load_address>0x765e</load_address>
         <run_address>0x765e</run_address>
         <size>0x18a</size>
         <input_file_ref idref="fl-10"/>
      </object_component>
      <object_component id="oc-ea">
         <name>.debug_info</name>
         <load_address>0x77e8</load_address>
         <run_address>0x77e8</run_address>
         <size>0x19a</size>
         <input_file_ref idref="fl-10"/>
      </object_component>
      <object_component id="oc-1d5">
         <name>.debug_info</name>
         <load_address>0x7982</load_address>
         <run_address>0x7982</run_address>
         <size>0x1ab</size>
         <input_file_ref idref="fl-10"/>
      </object_component>
      <object_component id="oc-15a">
         <name>.debug_info</name>
         <load_address>0x7b2d</load_address>
         <run_address>0x7b2d</run_address>
         <size>0x210</size>
         <input_file_ref idref="fl-10"/>
      </object_component>
      <object_component id="oc-161">
         <name>.debug_info</name>
         <load_address>0x7d3d</load_address>
         <run_address>0x7d3d</run_address>
         <size>0x1bf</size>
         <input_file_ref idref="fl-10"/>
      </object_component>
      <object_component id="oc-df">
         <name>.debug_info</name>
         <load_address>0x7efc</load_address>
         <run_address>0x7efc</run_address>
         <size>0x1b7</size>
         <input_file_ref idref="fl-10"/>
      </object_component>
      <object_component id="oc-e5">
         <name>.debug_info</name>
         <load_address>0x80b3</load_address>
         <run_address>0x80b3</run_address>
         <size>0x1bd</size>
         <input_file_ref idref="fl-10"/>
      </object_component>
      <object_component id="oc-218">
         <name>.debug_info</name>
         <load_address>0x8270</load_address>
         <run_address>0x8270</run_address>
         <size>0x14e</size>
         <input_file_ref idref="fl-12"/>
      </object_component>
      <object_component id="oc-2c1">
         <name>.debug_info</name>
         <load_address>0x83be</load_address>
         <run_address>0x83be</run_address>
         <size>0x212</size>
         <input_file_ref idref="fl-c9"/>
      </object_component>
      <object_component id="oc-1dc">
         <name>.debug_info</name>
         <load_address>0x85d0</load_address>
         <run_address>0x85d0</run_address>
         <size>0x208</size>
         <input_file_ref idref="fl-c9"/>
      </object_component>
      <object_component id="oc-2b8">
         <name>.debug_info</name>
         <load_address>0x87d8</load_address>
         <run_address>0x87d8</run_address>
         <size>0x1c6</size>
         <input_file_ref idref="fl-c9"/>
      </object_component>
      <object_component id="oc-2bb">
         <name>.debug_info</name>
         <load_address>0x899e</load_address>
         <run_address>0x899e</run_address>
         <size>0x179</size>
         <input_file_ref idref="fl-c9"/>
      </object_component>
      <object_component id="oc-2c2">
         <name>.debug_info</name>
         <load_address>0x8b17</load_address>
         <run_address>0x8b17</run_address>
         <size>0x2c</size>
         <input_file_ref idref="fl-c9"/>
      </object_component>
      <object_component id="oc-2c7">
         <name>.debug_info</name>
         <load_address>0x8b43</load_address>
         <run_address>0x8b43</run_address>
         <size>0x69</size>
         <input_file_ref idref="fl-c9"/>
      </object_component>
      <object_component id="oc-3f">
         <name>.debug_info</name>
         <load_address>0x8bac</load_address>
         <run_address>0x8bac</run_address>
         <size>0x119</size>
         <input_file_ref idref="fl-ca"/>
      </object_component>
      <object_component id="oc-3a5">
         <name>.debug_info</name>
         <load_address>0x8cc5</load_address>
         <run_address>0x8cc5</run_address>
         <size>0x134</size>
         <input_file_ref idref="fl-cb"/>
      </object_component>
      <object_component id="oc-8a">
         <name>.debug_info</name>
         <load_address>0x8df9</load_address>
         <run_address>0x8df9</run_address>
         <size>0x1a6</size>
         <input_file_ref idref="fl-cc"/>
      </object_component>
      <object_component id="oc-4a">
         <name>.debug_info</name>
         <load_address>0x8f9f</load_address>
         <run_address>0x8f9f</run_address>
         <size>0x1d2</size>
         <input_file_ref idref="fl-cc"/>
      </object_component>
      <object_component id="oc-85">
         <name>.debug_info</name>
         <load_address>0x9171</load_address>
         <run_address>0x9171</run_address>
         <size>0x46</size>
         <input_file_ref idref="fl-cc"/>
      </object_component>
      <object_component id="oc-bc">
         <name>.debug_info</name>
         <load_address>0x91b7</load_address>
         <run_address>0x91b7</run_address>
         <size>0x2c</size>
         <input_file_ref idref="fl-cc"/>
      </object_component>
      <object_component id="oc-48">
         <name>.debug_info</name>
         <load_address>0x91e3</load_address>
         <run_address>0x91e3</run_address>
         <size>0x17a</size>
         <input_file_ref idref="fl-cd"/>
      </object_component>
      <object_component id="oc-1f">
         <name>.debug_info</name>
         <load_address>0x935d</load_address>
         <run_address>0x935d</run_address>
         <size>0x1ea</size>
         <input_file_ref idref="fl-cd"/>
      </object_component>
      <object_component id="oc-43">
         <name>.debug_info</name>
         <load_address>0x9547</load_address>
         <run_address>0x9547</run_address>
         <size>0x46</size>
         <input_file_ref idref="fl-cd"/>
      </object_component>
      <object_component id="oc-7d">
         <name>.debug_info</name>
         <load_address>0x958d</load_address>
         <run_address>0x958d</run_address>
         <size>0x2c</size>
         <input_file_ref idref="fl-cd"/>
      </object_component>
      <object_component id="oc-7b">
         <name>.debug_info</name>
         <load_address>0x95b9</load_address>
         <run_address>0x95b9</run_address>
         <size>0x170</size>
         <input_file_ref idref="fl-ce"/>
      </object_component>
      <object_component id="oc-17">
         <name>.debug_info</name>
         <load_address>0x9729</load_address>
         <run_address>0x9729</run_address>
         <size>0x250</size>
         <input_file_ref idref="fl-ce"/>
      </object_component>
      <object_component id="oc-33">
         <name>.debug_info</name>
         <load_address>0x9979</load_address>
         <run_address>0x9979</run_address>
         <size>0x60</size>
         <input_file_ref idref="fl-ce"/>
      </object_component>
      <object_component id="oc-b5">
         <name>.debug_info</name>
         <load_address>0x99d9</load_address>
         <run_address>0x99d9</run_address>
         <size>0x46</size>
         <input_file_ref idref="fl-ce"/>
      </object_component>
      <object_component id="oc-76">
         <name>.debug_info</name>
         <load_address>0x9a1f</load_address>
         <run_address>0x9a1f</run_address>
         <size>0x39</size>
         <input_file_ref idref="fl-ce"/>
      </object_component>
      <object_component id="oc-1c3">
         <name>.debug_info</name>
         <load_address>0x9a58</load_address>
         <run_address>0x9a58</run_address>
         <size>0x18b</size>
         <input_file_ref idref="fl-cf"/>
      </object_component>
      <object_component id="oc-f0">
         <name>.debug_info</name>
         <load_address>0x9be3</load_address>
         <run_address>0x9be3</run_address>
         <size>0x17c</size>
         <input_file_ref idref="fl-cf"/>
      </object_component>
      <object_component id="oc-29c">
         <name>.debug_info</name>
         <load_address>0x9d5f</load_address>
         <run_address>0x9d5f</run_address>
         <size>0xf9</size>
         <input_file_ref idref="fl-d0"/>
      </object_component>
      <object_component id="oc-1c0">
         <name>.debug_info</name>
         <load_address>0x9e58</load_address>
         <run_address>0x9e58</run_address>
         <size>0x105</size>
         <input_file_ref idref="fl-d0"/>
      </object_component>
      <object_component id="oc-2cf">
         <name>.debug_info</name>
         <load_address>0x9f5d</load_address>
         <run_address>0x9f5d</run_address>
         <size>0x172</size>
         <input_file_ref idref="fl-d1"/>
      </object_component>
      <object_component id="oc-1ea">
         <name>.debug_info</name>
         <load_address>0xa0cf</load_address>
         <run_address>0xa0cf</run_address>
         <size>0x1a9</size>
         <input_file_ref idref="fl-d1"/>
      </object_component>
      <object_component id="oc-6f">
         <name>.debug_info</name>
         <load_address>0xa278</load_address>
         <run_address>0xa278</run_address>
         <size>0x284</size>
         <input_file_ref idref="fl-d2"/>
      </object_component>
      <object_component id="oc-24">
         <name>.debug_info</name>
         <load_address>0xa4fc</load_address>
         <run_address>0xa4fc</run_address>
         <size>0x10c</size>
         <input_file_ref idref="fl-d2"/>
      </object_component>
      <object_component id="oc-380">
         <name>.debug_info</name>
         <load_address>0xa608</load_address>
         <run_address>0xa608</run_address>
         <size>0x13f</size>
         <input_file_ref idref="fl-d2"/>
      </object_component>
      <object_component id="oc-1ef">
         <name>.debug_info</name>
         <load_address>0xa747</load_address>
         <run_address>0xa747</run_address>
         <size>0x168</size>
         <input_file_ref idref="fl-d2"/>
      </object_component>
      <object_component id="oc-2da">
         <name>.debug_info</name>
         <load_address>0xa8af</load_address>
         <run_address>0xa8af</run_address>
         <size>0x18e</size>
         <input_file_ref idref="fl-d2"/>
      </object_component>
      <object_component id="oc-2e7">
         <name>.debug_info</name>
         <load_address>0xaa3d</load_address>
         <run_address>0xaa3d</run_address>
         <size>0x19f</size>
         <input_file_ref idref="fl-d2"/>
      </object_component>
      <object_component id="oc-1fa">
         <name>.debug_info</name>
         <load_address>0xabdc</load_address>
         <run_address>0xabdc</run_address>
         <size>0x203</size>
         <input_file_ref idref="fl-d2"/>
      </object_component>
      <object_component id="oc-2e0">
         <name>.debug_info</name>
         <load_address>0xaddf</load_address>
         <run_address>0xaddf</run_address>
         <size>0x1db</size>
         <input_file_ref idref="fl-d2"/>
      </object_component>
      <object_component id="oc-1f5">
         <name>.debug_info</name>
         <load_address>0xafba</load_address>
         <run_address>0xafba</run_address>
         <size>0x26e</size>
         <input_file_ref idref="fl-d2"/>
      </object_component>
      <object_component id="oc-2d3">
         <name>.debug_info</name>
         <load_address>0xb228</load_address>
         <run_address>0xb228</run_address>
         <size>0x299</size>
         <input_file_ref idref="fl-d2"/>
      </object_component>
      <object_component id="oc-b0">
         <name>.debug_info</name>
         <load_address>0xb4c1</load_address>
         <run_address>0xb4c1</run_address>
         <size>0xb2</size>
         <input_file_ref idref="fl-d2"/>
      </object_component>
      <object_component id="oc-ab">
         <name>.debug_info</name>
         <load_address>0xb573</load_address>
         <run_address>0xb573</run_address>
         <size>0x2c</size>
         <input_file_ref idref="fl-d2"/>
      </object_component>
      <object_component id="oc-2cd">
         <name>.debug_info</name>
         <load_address>0xb59f</load_address>
         <run_address>0xb59f</run_address>
         <size>0x161</size>
         <input_file_ref idref="fl-d3"/>
      </object_component>
      <object_component id="oc-1e2">
         <name>.debug_info</name>
         <load_address>0xb700</load_address>
         <run_address>0xb700</run_address>
         <size>0x245</size>
         <input_file_ref idref="fl-d3"/>
      </object_component>
      <object_component id="oc-27">
         <name>.debug_info</name>
         <load_address>0xb945</load_address>
         <run_address>0xb945</run_address>
         <size>0x10b</size>
         <input_file_ref idref="fl-d4"/>
      </object_component>
      <object_component id="oc-5c">
         <name>.debug_info</name>
         <load_address>0xba50</load_address>
         <run_address>0xba50</run_address>
         <size>0x1a9</size>
         <input_file_ref idref="fl-d4"/>
      </object_component>
      <object_component id="oc-36c">
         <name>.debug_info</name>
         <load_address>0xbbf9</load_address>
         <run_address>0xbbf9</run_address>
         <size>0x462</size>
         <input_file_ref idref="fl-d5"/>
      </object_component>
      <object_component id="oc-337">
         <name>.debug_info</name>
         <load_address>0xc05b</load_address>
         <run_address>0xc05b</run_address>
         <size>0x21e</size>
         <input_file_ref idref="fl-d5"/>
      </object_component>
      <object_component id="oc-3d1">
         <name>.debug_info</name>
         <load_address>0xc279</load_address>
         <run_address>0xc279</run_address>
         <size>0x1b3</size>
         <input_file_ref idref="fl-d5"/>
      </object_component>
      <object_component id="oc-3d7">
         <name>.debug_info</name>
         <load_address>0xc42c</load_address>
         <run_address>0xc42c</run_address>
         <size>0x21b</size>
         <input_file_ref idref="fl-d5"/>
      </object_component>
      <object_component id="oc-342">
         <name>.debug_info</name>
         <load_address>0xc647</load_address>
         <run_address>0xc647</run_address>
         <size>0x3bf</size>
         <input_file_ref idref="fl-d5"/>
      </object_component>
      <object_component id="oc-3dd">
         <name>.debug_info</name>
         <load_address>0xca06</load_address>
         <run_address>0xca06</run_address>
         <size>0x30b</size>
         <input_file_ref idref="fl-d5"/>
      </object_component>
      <object_component id="oc-3e4">
         <name>.debug_info</name>
         <load_address>0xcd11</load_address>
         <run_address>0xcd11</run_address>
         <size>0x215</size>
         <input_file_ref idref="fl-d5"/>
      </object_component>
      <object_component id="oc-348">
         <name>.debug_info</name>
         <load_address>0xcf26</load_address>
         <run_address>0xcf26</run_address>
         <size>0x228</size>
         <input_file_ref idref="fl-d5"/>
      </object_component>
      <object_component id="oc-34f">
         <name>.debug_info</name>
         <load_address>0xd14e</load_address>
         <run_address>0xd14e</run_address>
         <size>0x303</size>
         <input_file_ref idref="fl-d5"/>
      </object_component>
      <object_component id="oc-355">
         <name>.debug_info</name>
         <load_address>0xd451</load_address>
         <run_address>0xd451</run_address>
         <size>0x4b4</size>
         <input_file_ref idref="fl-d5"/>
      </object_component>
      <object_component id="oc-2af">
         <name>.debug_info</name>
         <load_address>0xd905</load_address>
         <run_address>0xd905</run_address>
         <size>0x5f4</size>
         <input_file_ref idref="fl-d5"/>
      </object_component>
      <object_component id="oc-36d">
         <name>.debug_info</name>
         <load_address>0xdef9</load_address>
         <run_address>0xdef9</run_address>
         <size>0x86</size>
         <input_file_ref idref="fl-d5"/>
      </object_component>
      <object_component id="oc-40d">
         <name>.debug_info</name>
         <load_address>0xdf7f</load_address>
         <run_address>0xdf7f</run_address>
         <size>0x39</size>
         <input_file_ref idref="fl-d5"/>
      </object_component>
      <object_component id="oc-449">
         <name>.debug_info</name>
         <load_address>0xdfb8</load_address>
         <run_address>0xdfb8</run_address>
         <size>0xb6</size>
         <input_file_ref idref="fl-d5"/>
      </object_component>
      <object_component id="oc-412">
         <name>.debug_info</name>
         <load_address>0xe06e</load_address>
         <run_address>0xe06e</run_address>
         <size>0x46</size>
         <input_file_ref idref="fl-d5"/>
      </object_component>
      <object_component id="oc-372">
         <name>.debug_info</name>
         <load_address>0xe0b4</load_address>
         <run_address>0xe0b4</run_address>
         <size>0x46</size>
         <input_file_ref idref="fl-d5"/>
      </object_component>
      <object_component id="oc-41b">
         <name>.debug_info</name>
         <load_address>0xe0fa</load_address>
         <run_address>0xe0fa</run_address>
         <size>0x115</size>
         <input_file_ref idref="fl-d6"/>
      </object_component>
      <object_component id="oc-3cc">
         <name>.debug_info</name>
         <load_address>0xe20f</load_address>
         <run_address>0xe20f</run_address>
         <size>0x14c</size>
         <input_file_ref idref="fl-d7"/>
      </object_component>
      <object_component id="oc-33d">
         <name>.debug_info</name>
         <load_address>0xe35b</load_address>
         <run_address>0xe35b</run_address>
         <size>0x128</size>
         <input_file_ref idref="fl-d8"/>
      </object_component>
      <object_component id="oc-3b7">
         <name>.debug_info</name>
         <load_address>0xe483</load_address>
         <run_address>0xe483</run_address>
         <size>0x12a</size>
         <input_file_ref idref="fl-d8"/>
      </object_component>
      <object_component id="oc-3b3">
         <name>.debug_info</name>
         <load_address>0xe5ad</load_address>
         <run_address>0xe5ad</run_address>
         <size>0x13a</size>
         <input_file_ref idref="fl-d9"/>
      </object_component>
      <object_component id="oc-3ac">
         <name>.debug_info</name>
         <load_address>0xe6e7</load_address>
         <run_address>0xe6e7</run_address>
         <size>0x13a</size>
         <input_file_ref idref="fl-da"/>
      </object_component>
      <object_component id="oc-3bb">
         <name>.debug_info</name>
         <load_address>0xe821</load_address>
         <run_address>0xe821</run_address>
         <size>0x12e</size>
         <input_file_ref idref="fl-db"/>
      </object_component>
      <object_component id="oc-3c8">
         <name>.debug_info</name>
         <load_address>0xe94f</load_address>
         <run_address>0xe94f</run_address>
         <size>0x12c</size>
         <input_file_ref idref="fl-dc"/>
      </object_component>
      <object_component id="oc-8c">
         <name>.debug_info</name>
         <load_address>0xea7b</load_address>
         <run_address>0xea7b</run_address>
         <size>0x147</size>
         <input_file_ref idref="fl-dd"/>
      </object_component>
      <object_component id="oc-280">
         <name>.debug_info</name>
         <load_address>0xebc2</load_address>
         <run_address>0xebc2</run_address>
         <size>0x385</size>
         <input_file_ref idref="fl-de"/>
      </object_component>
      <object_component id="oc-177">
         <name>.debug_info</name>
         <load_address>0xef47</load_address>
         <run_address>0xef47</run_address>
         <size>0x1a6</size>
         <input_file_ref idref="fl-de"/>
      </object_component>
      <object_component id="oc-31e">
         <name>.debug_info</name>
         <load_address>0xf0ed</load_address>
         <run_address>0xf0ed</run_address>
         <size>0x39</size>
         <input_file_ref idref="fl-de"/>
      </object_component>
      <object_component id="oc-396">
         <name>.debug_info</name>
         <load_address>0xf126</load_address>
         <run_address>0xf126</run_address>
         <size>0x39</size>
         <input_file_ref idref="fl-de"/>
      </object_component>
      <object_component id="oc-323">
         <name>.debug_info</name>
         <load_address>0xf15f</load_address>
         <run_address>0xf15f</run_address>
         <size>0x39</size>
         <input_file_ref idref="fl-de"/>
      </object_component>
      <object_component id="oc-328">
         <name>.debug_info</name>
         <load_address>0xf198</load_address>
         <run_address>0xf198</run_address>
         <size>0xcd</size>
         <input_file_ref idref="fl-de"/>
      </object_component>
      <object_component id="oc-92">
         <name>.debug_info</name>
         <load_address>0xf265</load_address>
         <run_address>0xf265</run_address>
         <size>0x153</size>
         <input_file_ref idref="fl-df"/>
      </object_component>
      <object_component id="oc-16c">
         <name>.debug_info</name>
         <load_address>0xf3b8</load_address>
         <run_address>0xf3b8</run_address>
         <size>0x122</size>
         <input_file_ref idref="fl-e1"/>
      </object_component>
      <object_component id="oc-318">
         <name>.debug_info</name>
         <load_address>0xf4da</load_address>
         <run_address>0xf4da</run_address>
         <size>0x19b</size>
         <input_file_ref idref="fl-e2"/>
      </object_component>
      <object_component id="oc-27a">
         <name>.debug_info</name>
         <load_address>0xf675</load_address>
         <run_address>0xf675</run_address>
         <size>0x11e</size>
         <input_file_ref idref="fl-e2"/>
      </object_component>
      <object_component id="oc-313">
         <name>.debug_info</name>
[...]
         <value>0xffffffff</value>
      </symbol>
      <symbol id="sm-8a">
         <name>g_cCmdBuffer</name>
         <value>0x20017820</value>
      </symbol>
      <symbol id="sm-8b">
         <name>UpdatePWMConfiguration</name>
         <value>0x20004e51</value>
         <object_component_ref idref="oc-97"/>
      </symbol>
      <symbol id="sm-8c">
         <name>g_ucCmdIdx</name>
         <value>0x20017809</value>
         <object_component_ref idref="oc-12c"/>
      </symbol>
      <symbol id="sm-8d">
         <name>g_iStepSize</name>
         <value>0x20017804</value>
         <object_component_ref idref="oc-12c"/>
      </symbol>
      <symbol id="sm-8e">
         <name>g_iDutyCycle</name>
         <value>0x20017800</value>
         <object_component_ref idref="oc-12c"/>
      </symbol>
      <symbol id="sm-8f">
         <name>GPIOIntHandler</name>
         <value>0x20004fc1</value>
         <object_component_ref idref="oc-97"/>
      </symbol>
      <symbol id="sm-90">
         <name>UARTIntHandler</name>
         <value>0x20004f0d</value>
         <object_component_ref idref="oc-97"/>
      </symbol>
      <symbol id="sm-91">
         <name>main</name>
         <value>0x200050d1</value>
         <object_component_ref idref="oc-97"/>
      </symbol>
      <symbol id="sm-92">
         <name>g_bUpdatePWM</name>
         <value>0x20017808</value>
         <object_component_ref idref="oc-12c"/>
      </symbol>
      <symbol id="sm-93">
         <name>InitPWM</name>
         <value>0x20005063</value>
         <object_component_ref idref="oc-97"/>
      </symbol>
      <symbol id="sm-a0">
         <name>PinMuxConfig</name>
         <value>0x200066f5</value>
         <object_component_ref idref="oc-141"/>
      </symbol>
      <symbol id="sm-bf">
         <name>ResetISR</name>
         <value>0x20007543</value>
         <object_component_ref idref="oc-29"/>
      </symbol>
      <symbol id="sm-c0">
         <name>g_pfnVectors</name>
         <value>0x20004000</value>
         <object_component_ref idref="oc-12"/>
      </symbol>
      <symbol id="sm-102">
         <name>GetCmd</name>
         <value>0x2000524b</value>
         <object_component_ref idref="oc-10e"/>
      </symbol>
      <symbol id="sm-103">
         <name>Message</name>
         <value>0x200051e7</value>
         <object_component_ref idref="oc-10e"/>
      </symbol>
      <symbol id="sm-104">
         <name>Report</name>
         <value>0x20005389</value>
         <object_component_ref idref="oc-10e"/>
      </symbol>
      <symbol id="sm-105">
         <name>Error</name>
         <value>0x20005213</value>
         <object_component_ref idref="oc-10e"/>
      </symbol>
      <symbol id="sm-106">
         <name>InitTerm</name>
         <value>0x200051c9</value>
         <object_component_ref idref="oc-10e"/>
      </symbol>
      <symbol id="sm-107">
         <name>ClearTerm</name>
         <value>0x20005209</value>
         <object_component_ref idref="oc-10e"/>
      </symbol>
      <symbol id="sm-108">
         <name>TrimSpace</name>
         <value>0x200052f1</value>
         <object_component_ref idref="oc-10e"/>
      </symbol>
      <symbol id="sm-168">
         <name>GPIOIntRegister</name>
         <value>0x200072c9</value>
         <object_component_ref idref="oc-14d"/>
      </symbol>
      <symbol id="sm-169">
         <name>GPIOIntEnable</name>
         <value>0x200073d1</value>
         <object_component_ref idref="oc-153"/>
      </symbol>
      <symbol id="sm-16a">
         <name>GPIOIntTypeSet</name>
         <value>0x2000691d</value>
         <object_component_ref idref="oc-147"/>
      </symbol>
      <symbol id="sm-16b">
         <name>GPIOIntClear</name>
         <value>0x200074d5</value>
         <object_component_ref idref="oc-101"/>
      </symbol>
      <symbol id="sm-16c">
         <name>GPIOIntStatus</name>
         <value>0x20007265</value>
         <object_component_ref idref="oc-fb"/>
      </symbol>
      <symbol id="sm-16d">
         <name>GPIOPinRead</name>
         <value>0x2000741f</value>
         <object_component_ref idref="oc-108"/>
      </symbol>
      <symbol id="sm-16e">
         <name>GPIODirModeSet</name>
         <value>0x2000702d</value>
         <object_component_ref idref="oc-243"/>
      </symbol>
      <symbol id="sm-16f">
         <name>GPIOPinWrite</name>
         <value>0x20007287</value>
         <object_component_ref idref="oc-cb"/>
      </symbol>
      <symbol id="sm-1a8">
         <name>IntVTableBaseSet</name>
         <value>0x200074e9</value>
         <object_component_ref idref="oc-12f"/>
      </symbol>
      <symbol id="sm-1a9">
         <name>IntEnable</name>
         <value>0x20006485</value>
         <object_component_ref idref="oc-257"/>
      </symbol>
      <symbol id="sm-1aa">
         <name>IntRegister</name>
         <value>0x200072a9</value>
         <object_component_ref idref="oc-251"/>
      </symbol>
      <symbol id="sm-1ab">
         <name>IntMasterEnable</name>
         <value>0x2000755d</value>
         <object_component_ref idref="oc-135"/>
      </symbol>
      <symbol id="sm-1ea">
         <name>PinTypeUART</name>
         <value>0x20007405</value>
         <object_component_ref idref="oc-23d"/>
      </symbol>
      <symbol id="sm-1eb">
         <name>PinTypeTimer</name>
         <value>0x200073eb</value>
         <object_component_ref idref="oc-d1"/>
      </symbol>
      <symbol id="sm-1ec">
         <name>PinTypeGPIO</name>
         <value>0x20007063</value>
         <object_component_ref idref="oc-c5"/>
      </symbol>
      <symbol id="sm-1ed">
         <name>PinConfigSet</name>
         <value>0x20006789</value>
         <object_component_ref idref="oc-1a7"/>
      </symbol>
      <symbol id="sm-1ee">
         <name>PinModeSet</name>
         <value>0x20006f31</value>
         <object_component_ref idref="oc-1ad"/>
      </symbol>
      <symbol id="sm-274">
         <name>PRCMPeripheralReset</name>
         <value>0x20006c35</value>
         <object_component_ref idref="oc-230"/>
      </symbol>
      <symbol id="sm-275">
         <name>PRCMPeripheralClkEnable</name>
         <value>0x20006ff1</value>
         <object_component_ref idref="oc-114"/>
      </symbol>
      <symbol id="sm-276">
         <name>PRCMPeripheralClockGet</name>
         <value>0x20006661</value>
         <object_component_ref idref="oc-1c8"/>
      </symbol>
      <symbol id="sm-277">
         <name>PRCMCC3200MCUInit</name>
         <value>0x20005a31</value>
         <object_component_ref idref="oc-13b"/>
      </symbol>
      <symbol id="sm-278">
         <name>PRCMHIBRegWrite</name>
         <value>0x20007495</value>
         <object_component_ref idref="oc-22a"/>
      </symbol>
      <symbol id="sm-279">
         <name>PRCMSysResetCauseGet</name>
         <value>0x20007125</value>
         <object_component_ref idref="oc-21e"/>
      </symbol>
      <symbol id="sm-27a">
         <name>PRCMPeripheralClkDisable</name>
         <value>0x200071a5</value>
         <object_component_ref idref="oc-236"/>
      </symbol>
      <symbol id="sm-27b">
         <name>PRCMHIBRegRead</name>
         <value>0x2000747f</value>
         <object_component_ref idref="oc-224"/>
      </symbol>
      <symbol id="sm-2a4">
         <name>TimerMatchSet</name>
         <value>0x2000717b</value>
         <object_component_ref idref="oc-d7"/>
      </symbol>
      <symbol id="sm-2a5">
         <name>TimerLoadSet</name>
         <value>0x20007151</value>
         <object_component_ref idref="oc-120"/>
      </symbol>
      <symbol id="sm-2a6">
         <name>TimerEnable</name>
         <value>0x200072e7</value>
         <object_component_ref idref="oc-126"/>
      </symbol>
      <symbol id="sm-2a7">
         <name>TimerConfigure</name>
         <value>0x20006e65</value>
         <object_component_ref idref="oc-11a"/>
      </symbol>
      <symbol id="sm-31f">
         <name>UARTConfigSetExpClk</name>
         <value>0x20006a19</value>
         <object_component_ref idref="oc-1ce"/>
      </symbol>
      <symbol id="sm-320">
         <name>UARTDisable</name>
         <value>0x20007095</value>
         <object_component_ref idref="oc-2a0"/>
      </symbol>
      <symbol id="sm-321">
         <name>UARTIntEnable</name>
         <value>0x2000744f</value>
         <object_component_ref idref="oc-15f"/>
      </symbol>
      <symbol id="sm-322">
         <name>UARTCharsAvail</name>
         <value>0x20007437</value>
         <object_component_ref idref="oc-f5"/>
      </symbol>
      <symbol id="sm-323">
         <name>UARTCharGetNonBlocking</name>
         <value>0x2000735f</value>
         <object_component_ref idref="oc-e9"/>
      </symbol>
      <symbol id="sm-324">
         <name>UARTCharPut</name>
         <value>0x20007305</value>
         <object_component_ref idref="oc-1d4"/>
      </symbol>
      <symbol id="sm-325">
         <name>UARTEnable</name>
         <value>0x2000721d</value>
         <object_component_ref idref="oc-2a6"/>
      </symbol>
      <symbol id="sm-326">
         <name>UARTIntClear</name>
         <value>0x20007511</value>
         <object_component_ref idref="oc-e3"/>
      </symbol>
      <symbol id="sm-327">
         <name>UARTIntStatus</name>
         <value>0x20007341</value>
         <object_component_ref idref="oc-dd"/>
      </symbol>
      <symbol id="sm-328">
         <name>UARTIntRegister</name>
         <value>0x20007323</value>
         <object_component_ref idref="oc-159"/>
      </symbol>
      <symbol id="sm-32c">
         <name>UtilsDelay</name>
         <value>0x20007579</value>
         <object_component_ref idref="oc-107"/>
      </symbol>
      <symbol id="sm-336">
         <name>CPUcpsie</name>
         <value>0x200074c1</value>
         <object_component_ref idref="oc-217"/>
      </symbol>
      <symbol id="sm-366">
         <name>vsnprintf</name>
         <value>0x20006f71</value>
         <object_component_ref idref="oc-1da"/>
      </symbol>
      <symbol id="sm-381">
         <name>memcpy</name>
         <value>0x2000652d</value>
         <object_component_ref idref="oc-3d"/>
      </symbol>
      <symbol id="sm-382">
         <name>__aeabi_memcpy</name>
         <value>0x2000652d</value>
         <object_component_ref idref="oc-3d"/>
      </symbol>
      <symbol id="sm-383">
         <name>__aeabi_memcpy8</name>
         <value>0x2000652d</value>
         <object_component_ref idref="oc-3d"/>
      </symbol>
      <symbol id="sm-384">
         <name>__aeabi_memcpy4</name>
         <value>0x2000652d</value>
         <object_component_ref idref="oc-3d"/>
      </symbol>
      <symbol id="sm-391">
         <name>__aeabi_uldivmod</name>
         <value>0x200065c9</value>
         <object_component_ref idref="oc-3a4"/>
      </symbol>
      <symbol id="sm-3aa">
         <name>__TI_zero_init_nomemset</name>
         <value>0x2000737b</value>
         <object_component_ref idref="oc-49"/>
      </symbol>
      <symbol id="sm-3c1">
         <name>__TI_decompress_none</name>
         <value>0x20007535</value>
         <object_component_ref idref="oc-1b"/>
      </symbol>
      <symbol id="sm-3e4">
         <name>__TI_decompress_lzss</name>
         <value>0x20006b6f</value>
         <object_component_ref idref="oc-15"/>
      </symbol>
      <symbol id="sm-3fa">
         <name>atoi</name>
         <value>0x20006d89</value>
         <object_component_ref idref="oc-ef"/>
      </symbol>
      <symbol id="sm-405">
         <name>_ctypes_</name>
         <value>0x20007588</value>
         <object_component_ref idref="oc-1bf"/>
      </symbol>
      <symbol id="sm-416">
         <name>memmove</name>
         <value>0x200071f5</value>
         <object_component_ref idref="oc-1e6"/>
      </symbol>
      <symbol id="sm-4b4">
         <name>_sys_memory</name>
         <value>0x20017000</value>
         <object_component_ref idref="oc-23"/>
      </symbol>
      <symbol id="sm-4b5">
         <name>free</name>
         <value>0x20006139</value>
         <object_component_ref idref="oc-1f8"/>
      </symbol>
      <symbol id="sm-4b6">
         <name>realloc</name>
         <value>0x2000621d</value>
         <object_component_ref idref="oc-1f2"/>
      </symbol>
      <symbol id="sm-4b7">
         <name>memalign</name>
         <value>0x20005f3d</value>
         <object_component_ref idref="oc-2d0"/>
      </symbol>
      <symbol id="sm-4b8">
         <name>malloc</name>
         <value>0x20007571</value>
         <object_component_ref idref="oc-1ec"/>
      </symbol>
      <symbol id="sm-4b9">
         <name>aligned_alloc</name>
         <value>0x20005f3d</value>
         <object_component_ref idref="oc-2d0"/>
      </symbol>
      <symbol id="sm-4c7">
         <name>strlen</name>
         <value>0x200074fd</value>
         <object_component_ref idref="oc-1e0"/>
      </symbol>
      <symbol id="sm-4d9">
         <name>__stack</name>
         <value>0x2002f800</value>
         <object_component_ref idref="oc-26"/>
      </symbol>
      <symbol id="sm-4da">
         <name>_c_int00_noargs</name>
         <value>0x20007241</value>
         <object_component_ref idref="oc-5b"/>
      </symbol>
      <symbol id="sm-63f">
         <name>__TI_printfi</name>
         <value>0x20004401</value>
         <object_component_ref idref="oc-2ae"/>
      </symbol>
      <symbol id="sm-649">
         <name>__aeabi_idiv0</name>
         <value>0x20005a2f</value>
         <object_component_ref idref="oc-419"/>
      </symbol>
      <symbol id="sm-64a">
         <name>__aeabi_ldiv0</name>
         <value>0x20005a2f</value>
         <object_component_ref idref="oc-419"/>
      </symbol>
      <symbol id="sm-661">
         <name>__aeabi_dsub</name>
         <value>0x20005879</value>
         <object_component_ref idref="oc-3ca"/>
      </symbol>
      <symbol id="sm-662">
         <name>__aeabi_dadd</name>
         <value>0x20005883</value>
         <object_component_ref idref="oc-3ca"/>
      </symbol>
      <symbol id="sm-684">
         <name>__aeabi_cdcmpeq</name>
         <value>0x20006811</value>
         <object_component_ref idref="oc-33c"/>
      </symbol>
      <symbol id="sm-685">
         <name>__aeabi_cdcmple</name>
         <value>0x20006811</value>
         <object_component_ref idref="oc-33c"/>
      </symbol>
      <symbol id="sm-686">
         <name>__aeabi_cdrcmple</name>
         <value>0x20006897</value>
         <object_component_ref idref="oc-3b5"/>
      </symbol>
      <symbol id="sm-69a">
         <name>__aeabi_ddiv</name>
         <value>0x20005ce5</value>
         <object_component_ref idref="oc-3b0"/>
      </symbol>
      <symbol id="sm-6a5">
         <name>__aeabi_dmul</name>
         <value>0x2000603d</value>
         <object_component_ref idref="oc-3ab"/>
      </symbol>
      <symbol id="sm-6af">
         <name>__aeabi_d2iz</name>
         <value>0x20006e1d</value>
         <object_component_ref idref="oc-3ba"/>
      </symbol>
      <symbol id="sm-6b9">
         <name>__aeabi_i2d</name>
         <value>0x200070f5</value>
         <object_component_ref idref="oc-3c5"/>
      </symbol>
      <symbol id="sm-6c8">
         <name>__aeabi_memset</name>
         <value>0x200069a1</value>
         <object_component_ref idref="oc-8b"/>
      </symbol>
      <symbol id="sm-6c9">
         <name>memset</name>
         <value>0x200069a7</value>
         <object_component_ref idref="oc-8b"/>
      </symbol>
      <symbol id="sm-6ca">
         <name>__aeabi_memset8</name>
         <value>0x200069a1</value>
         <object_component_ref idref="oc-8b"/>
      </symbol>
      <symbol id="sm-6cb">
         <name>__aeabi_memset4</name>
         <value>0x200069a1</value>
         <object_component_ref idref="oc-8b"/>
      </symbol>
      <symbol id="sm-6cc">
         <name>__aeabi_memclr8</name>
         <value>0x2000699f</value>
         <object_component_ref idref="oc-8b"/>
      </symbol>
      <symbol id="sm-6cd">
         <name>__aeabi_memclr4</name>
         <value>0x2000699f</value>
         <object_component_ref idref="oc-8b"/>
      </symbol>
      <symbol id="sm-6ce">
         <name>__aeabi_memclr</name>
         <value>0x2000699f</value>
         <object_component_ref idref="oc-8b"/>
      </symbol>
      <symbol id="sm-6f6">
         <name>__TI_auto_init_nobinit_nopinit</name>
         <value>0x20006eed</value>
         <object_component_ref idref="oc-175"/>
      </symbol>
      <symbol id="sm-700">
         <name>_system_pre_init</name>
         <value>0x2000757f</value>
         <object_component_ref idref="oc-91"/>
      </symbol>
      <symbol id="sm-70c">
         <name>C$$EXIT</name>
         <value>0x20007583</value>
         <object_component_ref idref="oc-169"/>
      </symbol>
      <symbol id="sm-70d">
         <name>abort</name>
         <value>0x20007583</value>
         <object_component_ref idref="oc-169"/>
      </symbol>
      <symbol id="sm-722">
         <name>_nop</name>
         <value>0x20004e4f</value>
         <object_component_ref idref="oc-310"/>
      </symbol>
      <symbol id="sm-723">
         <name>_lock</name>
         <value>0x2001780c</value>
         <object_component_ref idref="oc-279"/>
      </symbol>
      <symbol id="sm-724">
         <name>_unlock</name>
         <value>0x20017810</value>
         <object_component_ref idref="oc-279"/>
      </symbol>
      <symbol id="sm-733">
         <name>__TI_ltoa</name>
         <value>0x20006ce3</value>
         <object_component_ref idref="oc-3bf"/>
      </symbol>
      <symbol id="sm-744">
         <name>memccpy</name>
         <value>0x200073b5</value>
         <object_component_ref idref="oc-359"/>
      </symbol>
      <symbol id="sm-754">
         <name>strchr</name>
         <value>0x200074ab</value>
         <object_component_ref idref="oc-3f6"/>
      </symbol>
      <symbol id="sm-76a">
         <name>__aeabi_errno_addr</name>
         <value>0x20007569</value>
         <object_component_ref idref="oc-365"/>
      </symbol>
      <symbol id="sm-76b">
         <name>errno</name>
         <value>0x2001781c</value>
         <object_component_ref idref="oc-406"/>
      </symbol>
      <symbol id="sm-784">
         <name>wcslen</name>
         <value>0x20007523</value>
         <object_component_ref idref="oc-35f"/>
      </symbol>
      <symbol id="sm-7a4">
         <name>frexpl</name>
         <value>0x20006bd9</value>
         <object_component_ref idref="oc-3ea"/>
      </symbol>
      <symbol id="sm-7a5">
         <name>frexp</name>
         <value>0x20006bd9</value>
         <object_component_ref idref="oc-3ea"/>
      </symbol>
      <symbol id="sm-7c3">
         <name>scalbn</name>
         <value>0x20006301</value>
         <object_component_ref idref="oc-3f0"/>
      </symbol>
      <symbol id="sm-7c4">
         <name>scalbnl</name>
         <value>0x20006301</value>
         <object_component_ref idref="oc-3f0"/>
      </symbol>
      <symbol id="sm-7c5">
         <name>ldexpl</name>
         <value>0x20006301</value>
         <object_component_ref idref="oc-3f0"/>
      </symbol>
      <symbol id="sm-7c6">
         <name>ldexp</name>
         <value>0x20006301</value>
         <object_component_ref idref="oc-3f0"/>
      </symbol>
      <symbol id="sm-7d0">
         <name>copysign</name>
         <value>0x20007551</value>
         <object_component_ref idref="oc-432"/>
      </symbol>
      <symbol id="sm-7d1">
         <name>copysignl</name>
         <value>0x20007551</value>
         <object_component_ref idref="oc-432"/>
      </symbol>
      <symbol id="sm-7d2">
         <name>__TI_static_base__</name>
         <value>0x20007860</value>
      </symbol>
      <symbol id="sm-7d5">
         <name>__mpu_init</name>
         <value>0x0</value>
      </symbol>
      <symbol id="sm-7d6">
         <name>_system_post_cinit</name>
         <value>0x0</value>
      </symbol>
   </symbol_table>
   <title>Link successful</title>
</link_info>
